BL51 BANKED LINKER/LOCATER V6.22                                                        06/07/2017  15:27:12  PAGE 1


BL51 BANKED LINKER/LOCATER V6.22, INVOKED BY:
D:\KEIL C51\C51\BIN\BL51.EXE .\out\MAIN.obj, .\out\SlRc632.obj, .\out\uart.obj, .\out\delay.obj, .\out\ISO14443A.obj, .\
>> out\ISO14443B.obj, .\out\ISO15693.obj TO .\out\ant PRINT (.\ant.m51) RAMSIZE (256)


MEMORY MODEL: SMALL


INPUT MODULES INCLUDED:
  .\out\MAIN.obj (MAIN)
  .\out\SlRc632.obj (SLRC632)
  .\out\uart.obj (UART)
  .\out\delay.obj (DELAY)
  .\out\ISO14443A.obj (ISO14443A)
  .\out\ISO14443B.obj (ISO14443B)
  .\out\ISO15693.obj (ISO15693)
  D:\KEIL C51\C51\LIB\C51S.LIB (?C_STARTUP)
  D:\KEIL C51\C51\LIB\C51S.LIB (?C?COPY)
  D:\KEIL C51\C51\LIB\C51S.LIB (?C?CLDPTR)
  D:\KEIL C51\C51\LIB\C51S.LIB (?C?CLDOPTR)
  D:\KEIL C51\C51\LIB\C51S.LIB (?C?CILDPTR)
  D:\KEIL C51\C51\LIB\C51S.LIB (?C?CSTPTR)
  D:\KEIL C51\C51\LIB\C51S.LIB (?C?CSTOPTR)
  D:\KEIL C51\C51\LIB\C51S.LIB (?C?ILDOPTR)
  D:\KEIL C51\C51\LIB\C51S.LIB (?C?ISTOPTR)
  D:\KEIL C51\C51\LIB\C51S.LIB (?C?CCASE)
  D:\KEIL C51\C51\LIB\C51S.LIB (?C?ICASE)
  D:\KEIL C51\C51\LIB\C51S.LIB (?C_INIT)


LINK MAP OF MODULE:  .\out\ant (MAIN)


            TYPE    BASE      LENGTH    RELOCATION   SEGMENT NAME
            -----------------------------------------------------

            * * * * * * *   D A T A   M E M O R Y   * * * * * * *
            REG     0000H     0008H     ABSOLUTE     "REG BANK 0"
            DATA    0008H     000BH     UNIT         ?DT?MAIN
            DATA    0013H     0003H     UNIT         ?DT?UART
            IDATA   0016H     0007H     UNIT         _IDATA_GROUP_
                    001DH     0003H                  *** GAP ***
            BIT     0020H.0   0000H.4   UNIT         ?BI?MAIN
            BIT     0020H.4   0000H.1   UNIT         ?BI?UART
            BIT     0020H.5   0000H.1   UNIT         _BIT_GROUP_
                    0020H.6   0000H.2                *** GAP ***
            DATA    0021H     005DH     UNIT         _DATA_GROUP_
            IDATA   007EH     0043H     UNIT         ?ID?MAIN
            IDATA   00C1H     0001H     UNIT         ?STACK

            * * * * * * *   C O D E   M E M O R Y   * * * * * * *
            CODE    0000H     0003H     ABSOLUTE     
            CODE    0003H     0020H     UNIT         ?PR?COMGETHARDMODEL?MAIN
            CODE    0023H     0003H     ABSOLUTE     
            CODE    0026H     02C5H     UNIT         ?PR?_PCDCONFIGISOTYPE?SLRC632
            CODE    02EBH     02B3H     UNIT         ?PR?_PCDCOMTRANSCEIVE?SLRC632
            CODE    059EH     028EH     UNIT         ?PR?_MIFAREPROCOM?ISO14443A
            CODE    082CH     0272H     UNIT         ?PR?MAIN?MAIN
BL51 BANKED LINKER/LOCATER V6.22                                                      06/07/2017  15:27:12  PAGE 2


            CODE    0A9EH     024AH     UNIT         ?C?LIB_CODE
            CODE    0CE8H     0221H     UNIT         ?PR?_UL_PCDANTICOLL?ISO14443A
            CODE    0F09H     01DAH     UNIT         ?PR?_ISO15693_TRANSCEIVE?SLRC632
            CODE    10E3H     0194H     UNIT         ?PR?_PCDANTICOLL?ISO14443A
            CODE    1277H     0134H     UNIT         ?PR?_ISO15693_INVENTORY16?ISO15693
            CODE    13ABH     0128H     UNIT         ?PR?_PCDVALUE?ISO14443A
            CODE    14D3H     010DH     UNIT         ?PR?_ANTSEL?MAIN
            CODE    15E0H     00EDH     UNIT         ?PR?_ANSWEROK?MAIN
            CODE    16CDH     00C9H     UNIT         ?PR?_ISO15693_WRITE_SM?ISO15693
            CODE    1796H     00C7H     UNIT         ?PR?_ISO15693_READ_SM?ISO15693
            CODE    185DH     00C2H     UNIT         ?PR?_PCDWRITE?ISO14443A
            CODE    191FH     00BAH     UNIT         ?PR?_PCDSETTMO?SLRC632
            CODE    19D9H     00B7H     UNIT         ?PR?_ISO15693_LOCK_AFI?ISO15693
            CODE    1A90H     00B0H     UNIT         ?PR?_ISO15693_LOCK_BLOCK?ISO15693
            CODE    1B40H     00B0H     UNIT         ?PR?_ISO15693_WRITE_AFI?ISO15693
            CODE    1BF0H     00B0H     UNIT         ?PR?_ISO15693_WRITE_DSFID?ISO15693
            CODE    1CA0H     00B0H     UNIT         ?PR?_ISO15693_GET_MULTIPLE_BLOCK_SECURITY?ISO15693
            CODE    1D50H     00AAH     UNIT         ?PR?_ISO15693_INVENTORY?ISO15693
            CODE    1DFAH     00A5H     UNIT         ?PR?_ISO15693_LOCK_DSFID?ISO15693
            CODE    1E9FH     0094H     UNIT         ?PR?_PCDRESTORE?ISO14443A
            CODE    1F33H     0092H     UNIT         ?PR?PCDRESET?SLRC632
            CODE    1FC5H     0092H     UNIT         ?PR?_PCDAUTHSTATE?ISO14443A
            CODE    2057H     008CH     UNIT         ?PR?ANSWERCOMMANDOK?MAIN
            CODE    20E3H     008CH     UNIT         ?PR?_PCDSELECT?ISO14443A
            CODE    216FH     008CH     UNIT         ?PR?_ISO15693_GET_SYSTEM_INFORMATION?ISO15693
            CODE    21FBH     008CH     UNIT         ?C_C51STARTUP
            CODE    2287H     0086H     UNIT         ?PR?_SELECTSR?ISO14443B
            CODE    230DH     0084H     UNIT         ?PR?_M531PICCREQUESTB?ISO14443B
            CODE    2391H     0081H     UNIT         ?PR?_ANSWERERR?MAIN
            CODE    2412H     007DH     UNIT         ?PR?_CHANGECODEKEY?ISO14443A
            CODE    248FH     0076H     UNIT         ?PR?_UL_PCDWRITE?ISO14443A
            CODE    2505H     0075H     UNIT         ?PR?_PCDREQUEST?ISO14443A
            CODE    257AH     0070H     UNIT         ?PR?_AUTHSR4K?ISO14443B
            CODE    25EAH     006CH     UNIT         ?PR?COMSETBOUND?MAIN
            CODE    2656H     006AH     UNIT         ?PR?_READSR4K?ISO14443B
            CODE    26C0H     0067H     UNIT         ?PR?COMM1INITVAL?MAIN
            CODE    2727H     0066H     UNIT         ?PR?_PCDTRANSFER?ISO14443A
            CODE    278DH     0062H     UNIT         ?PR?COMTYPEARST?MAIN
            CODE    27EFH     0062H     UNIT         ?PR?_PCDREAD?ISO14443A
            CODE    2851H     0061H     UNIT         ?PR?_GETUIDSR4K?ISO14443B
            CODE    28B2H     005FH     UNIT         ?PR?_ISO15693_RESET_TO_READY?ISO15693
            CODE    2911H     0058H     UNIT         ?PR?_READSR176?ISO14443B
            CODE    2969H     0055H     UNIT         ?PR?COMAUTHENTICATION?MAIN
            CODE    29BEH     0055H     UNIT         ?PR?_AT88RF020READ?ISO14443B
            CODE    2A13H     0054H     UNIT         ?PR?COMTYPEBRST?MAIN
            CODE    2A67H     0054H     UNIT         ?PR?_GET_UID_TYPEB?ISO14443B
            CODE    2ABBH     0052H     UNIT         ?PR?_WRITESR4K?ISO14443B
            CODE    2B0DH     0051H     UNIT         ?PR?_AT88RF020WRITE?ISO14443B
            CODE    2B5EH     0051H     UNIT         ?PR?_ISO15693_SELECT?ISO15693
            CODE    2BAFH     004DH     UNIT         ?PR?_AT88RF020CHECK?ISO14443B
            CODE    2BFCH     004DH     UNIT         ?PR?_AT88RF020LOCK?ISO14443B
            CODE    2C49H     004DH     UNIT         ?PR?_AT88RF020COUNT?ISO14443B
            CODE    2C96H     0049H     UNIT         ?PR?COMWRITESR4K?MAIN
            CODE    2CDFH     0047H     UNIT         ?PR?_M531PICCATTRIB?ISO14443B
            CODE    2D26H     0046H     UNIT         ?PR?COMISO15693_READ_SM?MAIN
            CODE    2D6CH     0046H     UNIT         ?PR?COMISO15693_GET_MULTIPLE_BLOCK_SECURITY?MAIN
            CODE    2DB2H     0045H     UNIT         ?PR?COMPROTECTSR4K?MAIN
BL51 BANKED LINKER/LOCATER V6.22                                                      06/07/2017  15:27:12  PAGE 3


            CODE    2DF7H     0044H     UNIT         ?PR?_ISO15693_STAY_QUIET?ISO15693
            CODE    2E3BH     0042H     UNIT         ?PR?_WRITESR176?ISO14443B
            CODE    2E7DH     003EH     UNIT         ?PR?_PCDAUTHKEY?ISO14443A
            CODE    2EBBH     003DH     UNIT         ?PR?COMWRITESR176?MAIN
            CODE    2EF8H     003DH     UNIT         ?PR?COMISO15693_GET_SYSTEM_INFORMATION?MAIN
            CODE    2F35H     003DH     UNIT         ?PR?_M531PICCHLTB?ISO14443B
            CODE    2F72H     003AH     UNIT         ?PR?COMPROTECTSR176?MAIN
            CODE    2FACH     003AH     UNIT         ?PR?COMISO15693_INVENTORY16?MAIN
            CODE    2FE6H     0038H     UNIT         ?PR?PCDHALT?ISO14443A
            CODE    301EH     0035H     UNIT         ?PR?COMTYPEACOS?MAIN
            CODE    3053H     0033H     UNIT         ?PR?AT88RF020DESELECT?ISO14443B
            CODE    3086H     0031H     UNIT         ?PR?COMREQUESTA?MAIN
            CODE    30B7H     002FH     UNIT         ?PR?_GETPROTSR176?ISO14443B
            CODE    30E6H     002FH     UNIT         ?PR?_PROTECTSR176?ISO14443B
            CODE    3115H     002EH     UNIT         ?PR?COMHLTB?MAIN
            CODE    3143H     002EH     UNIT         ?PR?COMISO15693_INVENTORY?MAIN
            CODE    3171H     002EH     UNIT         ?PR?COMISO15693_WRITE_SM?MAIN
            CODE    319FH     002DH     UNIT         ?PR?UART1_IRQHANDLER?UART
            CODE    31CCH     002CH     UNIT         ?PR?COMPCDANTENNA?MAIN
            CODE    31F8H     002AH     UNIT         ?PR?INITIALIZESYSTEM?MAIN
            CODE    3222H     002AH     UNIT         ?PR?RC632READY?MAIN
            CODE    324CH     0029H     UNIT         ?PR?_CL_DESELECT?ISO14443B
            CODE    3275H     0028H     UNIT         ?PR?_WRITERAWRC?SLRC632
            CODE    329DH     0026H     UNIT         ?PR?COMSELECT?MAIN
            CODE    32C3H     0026H     UNIT         ?PR?COMAUTHSR4K?MAIN
            CODE    32E9H     0025H     UNIT         ?PR?COMISO15693_LOCK_BLOCK?MAIN
            CODE    330EH     0025H     UNIT         ?PR?COMISO15693_WRITE_AFI?MAIN
            CODE    3333H     0025H     UNIT         ?PR?COMISO15693_WRITE_DSFID?MAIN
            CODE    3358H     0024H     UNIT         ?PR?COMPLETIONSR?ISO14443B
            CODE    337CH     0021H     UNIT         ?PR?COMM1READ?MAIN
            CODE    339DH     0021H     UNIT         ?PR?COMM1READVAL?MAIN
            CODE    33BEH     0021H     UNIT         ?PR?COMRF020READ?MAIN
            CODE    33DFH     0021H     UNIT         ?PR?COMREADSR176?MAIN
            CODE    3400H     0021H     UNIT         ?PR?COMREADSR4K?MAIN
            CODE    3421H     0020H     UNIT         ?PR?COMISO15693_RESET_TO_READY?MAIN
            CODE    3441H     0020H     UNIT         ?PR?COMISO15693_LOCK_AFI?MAIN
            CODE    3461H     0020H     UNIT         ?PR?COMISO15693_LOCK_DSFID?MAIN
            CODE    3481H     001EH     UNIT         ?PR?_DELAY_MS?DELAY
            CODE    349FH     001DH     UNIT         ?PR?COMANTICOLL?MAIN
            CODE    34BCH     001DH     UNIT         ?PR?COMUL_PCDANTICOLL?MAIN
            CODE    34D9H     001DH     UNIT         ?PR?COMSELECTSR?MAIN
            CODE    34F6H     001DH     UNIT         ?PR?COMGETUIDSR4K?MAIN
            CODE    3513H     001BH     UNIT         ?PR?COMM1DECREMENT?MAIN
            CODE    352EH     001BH     UNIT         ?PR?COMM1INCREMENT?MAIN
            CODE    3549H     001AH     UNIT         ?PR?_DELAYMS?DELAY
            CODE    3563H     0019H     UNIT         ?PR?COMM1WRITE?MAIN
            CODE    357CH     0019H     UNIT         ?PR?COMUL_PCDWRITE?MAIN
            CODE    3595H     0019H     UNIT         ?PR?COMRF020WRITE?MAIN
            CODE    35AEH     0019H     UNIT         ?PR?_CLEARBITMASK?SLRC632
            CODE    35C7H     0017H     UNIT         ?PR?COMISO15693_STAY_QUIET?MAIN
            CODE    35DEH     0017H     UNIT         ?PR?COMISO15693_SELECT?MAIN
            CODE    35F5H     0017H     UNIT         ?PR?PCDANTENNAON?SLRC632
            CODE    360CH     0016H     UNIT         ?PR?_DELAY?DELAY
            CODE    3622H     0015H     UNIT         ?PR?COMRF020CHECK?MAIN
            CODE    3637H     0015H     UNIT         ?PR?COMRF020LOCK?MAIN
            CODE    364CH     0015H     UNIT         ?PR?COMRF020COUNT?MAIN
            CODE    3661H     0015H     UNIT         ?PR?_READRAWRC?SLRC632
BL51 BANKED LINKER/LOCATER V6.22                                                      06/07/2017  15:27:12  PAGE 4


            CODE    3676H     0013H     UNIT         ?PR?COMM632PCDCONFIGISOTYPE?MAIN
            CODE    3689H     0013H     UNIT         ?PR?COMM1RESTORE?MAIN
            CODE    369CH     0013H     UNIT         ?PR?COMM1TRANSFER?MAIN
            CODE    36AFH     0012H     UNIT         ?CO?MAIN
            CODE    36C1H     0012H     UNIT         ?PR?_SETBITMASK?SLRC632
            CODE    36D3H     0012H     UNIT         ?PR?_DELAY_50US?DELAY
            CODE    36E5H     0011H     UNIT         ?PR?COMCL_DESELECT?MAIN
            CODE    36F6H     0010H     UNIT         ?PR?_BEEP?MAIN
            CODE    3706H     000FH     UNIT         ?PR?COMHLTA?MAIN
            CODE    3715H     000FH     UNIT         ?PR?COMRF020DESELECT?MAIN
            CODE    3724H     000FH     UNIT         ?PR?COMCOMPLETIONSR?MAIN
            CODE    3733H     000EH     UNIT         ?C_INITSEG
            CODE    3741H     000AH     UNIT         ?PR?PCDANTENNAOFF?SLRC632
            CODE    374BH     0007H     UNIT         ?PR?FLUSHFIFO?ISO14443A
            CODE    3752H     0005H     UNIT         ?CO?ISO14443A



OVERLAY MAP OF MODULE:   .\out\ant (MAIN)


SEGMENT                                             BIT_GROUP          DATA_GROUP          IDATA_GROUP
  +--> CALLED SEGMENT                            START    LENGTH     START    LENGTH     START    LENGTH
--------------------------------------------------------------------------------------------------------
?C_C51STARTUP                                    -----    -----      -----    -----      -----    -----
  +--> ?PR?MAIN?MAIN
  +--> ?C_INITSEG

?PR?MAIN?MAIN                                    -----    -----      -----    -----      -----    -----
  +--> ?PR?INITIALIZESYSTEM?MAIN
  +--> ?PR?RC632READY?MAIN
  +--> ?PR?_ANTSEL?MAIN
  +--> ?PR?_DELAY_MS?DELAY
  +--> ?PR?COMSETBOUND?MAIN
  +--> ?PR?COMGETHARDMODEL?MAIN
  +--> ?PR?COMM632PCDCONFIGISOTYPE?MAIN
  +--> ?PR?COMPCDANTENNA?MAIN
  +--> ?PR?COMREQUESTA?MAIN
  +--> ?PR?COMANTICOLL?MAIN
  +--> ?PR?_BEEP?MAIN
  +--> ?PR?COMSELECT?MAIN
  +--> ?PR?COMHLTA?MAIN
  +--> ?PR?COMAUTHENTICATION?MAIN
  +--> ?PR?COMM1READ?MAIN
  +--> ?PR?COMM1WRITE?MAIN
  +--> ?PR?COMM1INITVAL?MAIN
  +--> ?PR?COMM1READVAL?MAIN
  +--> ?PR?COMM1DECREMENT?MAIN
  +--> ?PR?COMM1INCREMENT?MAIN
  +--> ?PR?COMM1RESTORE?MAIN
  +--> ?PR?COMM1TRANSFER?MAIN
  +--> ?PR?COMTYPEARST?MAIN
  +--> ?PR?COMTYPEACOS?MAIN
  +--> ?PR?COMUL_PCDANTICOLL?MAIN
  +--> ?PR?COMUL_PCDWRITE?MAIN
  +--> ?PR?COMTYPEBRST?MAIN
  +--> ?PR?COMHLTB?MAIN
BL51 BANKED LINKER/LOCATER V6.22                                                      06/07/2017  15:27:12  PAGE 5


  +--> ?PR?COMCL_DESELECT?MAIN
  +--> ?PR?COMRF020CHECK?MAIN
  +--> ?PR?COMRF020READ?MAIN
  +--> ?PR?COMRF020WRITE?MAIN
  +--> ?PR?COMRF020LOCK?MAIN
  +--> ?PR?COMRF020COUNT?MAIN
  +--> ?PR?COMRF020DESELECT?MAIN
  +--> ?PR?COMSELECTSR?MAIN
  +--> ?PR?COMCOMPLETIONSR?MAIN
  +--> ?PR?COMREADSR176?MAIN
  +--> ?PR?COMWRITESR176?MAIN
  +--> ?PR?COMPROTECTSR176?MAIN
  +--> ?PR?COMREADSR4K?MAIN
  +--> ?PR?COMWRITESR4K?MAIN
  +--> ?PR?COMAUTHSR4K?MAIN
  +--> ?PR?COMGETUIDSR4K?MAIN
  +--> ?PR?COMPROTECTSR4K?MAIN
  +--> ?PR?COMISO15693_INVENTORY16?MAIN
  +--> ?PR?COMISO15693_INVENTORY?MAIN
  +--> ?PR?COMISO15693_STAY_QUIET?MAIN
  +--> ?PR?COMISO15693_SELECT?MAIN
  +--> ?PR?COMISO15693_RESET_TO_READY?MAIN
  +--> ?PR?COMISO15693_READ_SM?MAIN
  +--> ?PR?COMISO15693_WRITE_SM?MAIN
  +--> ?PR?COMISO15693_LOCK_BLOCK?MAIN
  +--> ?PR?COMISO15693_WRITE_AFI?MAIN
  +--> ?PR?COMISO15693_LOCK_AFI?MAIN
  +--> ?PR?COMISO15693_WRITE_DSFID?MAIN
  +--> ?PR?COMISO15693_LOCK_DSFID?MAIN
  +--> ?PR?COMISO15693_GET_SYSTEM_INFORMATIO...
  +--> ?PR?COMISO15693_GET_MULTIPLE_BLOCK_SE...
  +--> ?PR?_ANSWERERR?MAIN

?PR?RC632READY?MAIN                              -----    -----      -----    -----      -----    -----
  +--> ?PR?_DELAY?DELAY
  +--> ?PR?PCDRESET?SLRC632

?PR?PCDRESET?SLRC632                             -----    -----      0021H    0004H      -----    -----
  +--> ?PR?_DELAYMS?DELAY
  +--> ?PR?_READRAWRC?SLRC632
  +--> ?PR?_WRITERAWRC?SLRC632

?PR?COMSETBOUND?MAIN                             -----    -----      0021H    0001H      -----    -----
  +--> ?PR?_ANSWERERR?MAIN
  +--> ?PR?ANSWERCOMMANDOK?MAIN

?PR?COMGETHARDMODEL?MAIN                         -----    -----      -----    -----      -----    -----
  +--> ?CO?MAIN
  +--> ?PR?_ANSWEROK?MAIN

?PR?_ANSWEROK?MAIN                               -----    -----      0023H    0006H      -----    -----

?PR?COMM632PCDCONFIGISOTYPE?MAIN                 -----    -----      -----    -----      -----    -----
  +--> ?PR?_PCDCONFIGISOTYPE?SLRC632
  +--> ?PR?ANSWERCOMMANDOK?MAIN
  +--> ?PR?_ANSWERERR?MAIN

BL51 BANKED LINKER/LOCATER V6.22                                                      06/07/2017  15:27:12  PAGE 6


?PR?_PCDCONFIGISOTYPE?SLRC632                    -----    -----      0021H    0001H      -----    -----
  +--> ?PR?_CLEARBITMASK?SLRC632
  +--> ?PR?_WRITERAWRC?SLRC632
  +--> ?PR?_DELAY_50US?DELAY
  +--> ?PR?_PCDSETTMO?SLRC632
  +--> ?PR?_DELAYMS?DELAY
  +--> ?PR?PCDANTENNAON?SLRC632

?PR?_CLEARBITMASK?SLRC632                        -----    -----      -----    -----      001CH    0001H
  +--> ?PR?_READRAWRC?SLRC632
  +--> ?PR?_WRITERAWRC?SLRC632

?PR?_PCDSETTMO?SLRC632                           -----    -----      -----    -----      -----    -----
  +--> ?PR?_WRITERAWRC?SLRC632

?PR?PCDANTENNAON?SLRC632                         -----    -----      -----    -----      -----    -----
  +--> ?PR?_READRAWRC?SLRC632
  +--> ?PR?_SETBITMASK?SLRC632

?PR?_SETBITMASK?SLRC632                          -----    -----      -----    -----      001CH    0001H
  +--> ?PR?_READRAWRC?SLRC632
  +--> ?PR?_WRITERAWRC?SLRC632

?PR?COMPCDANTENNA?MAIN                           -----    -----      0021H    0001H      -----    -----
  +--> ?PR?PCDANTENNAOFF?SLRC632
  +--> ?PR?_DELAYMS?DELAY
  +--> ?PR?PCDANTENNAON?SLRC632
  +--> ?PR?ANSWERCOMMANDOK?MAIN
  +--> ?PR?_ANSWERERR?MAIN

?PR?PCDANTENNAOFF?SLRC632                        -----    -----      -----    -----      -----    -----
  +--> ?PR?_CLEARBITMASK?SLRC632

?PR?COMREQUESTA?MAIN                             -----    -----      0021H    0002H      -----    -----
  +--> ?PR?_PCDREQUEST?ISO14443A
  +--> ?PR?_ANSWEROK?MAIN
  +--> ?PR?_ANSWERERR?MAIN

?PR?_PCDREQUEST?ISO14443A                        -----    -----      0023H    004AH      0016H    0001H
  +--> ?PR?_WRITERAWRC?SLRC632
  +--> ?PR?_CLEARBITMASK?SLRC632
  +--> ?PR?_SETBITMASK?SLRC632
  +--> ?PR?_PCDSETTMO?SLRC632
  +--> ?PR?_PCDCOMTRANSCEIVE?SLRC632

?PR?_PCDCOMTRANSCEIVE?SLRC632                    0020H.5  0000H.1    0074H    000AH      -----    -----
  +--> ?PR?_WRITERAWRC?SLRC632
  +--> ?PR?_SETBITMASK?SLRC632
  +--> ?PR?_READRAWRC?SLRC632

?PR?COMANTICOLL?MAIN                             -----    -----      -----    -----      -----    -----
  +--> ?PR?_PCDANTICOLL?ISO14443A
  +--> ?PR?_ANSWEROK?MAIN
  +--> ?PR?_ANSWERERR?MAIN

?PR?_PCDANTICOLL?ISO14443A                       -----    -----      0022H    004EH      0016H    0006H
  +--> ?CO?ISO14443A
BL51 BANKED LINKER/LOCATER V6.22                                                      06/07/2017  15:27:12  PAGE 7


  +--> ?PR?_WRITERAWRC?SLRC632
  +--> ?PR?_CLEARBITMASK?SLRC632
  +--> ?PR?_PCDSETTMO?SLRC632
  +--> ?PR?_PCDCOMTRANSCEIVE?SLRC632

?PR?_BEEP?MAIN                                   -----    -----      -----    -----      -----    -----
  +--> ?PR?_DELAY?DELAY

?PR?COMSELECT?MAIN                               -----    -----      -----    -----      -----    -----
  +--> ?PR?_PCDSELECT?ISO14443A
  +--> ?PR?_ANSWEROK?MAIN
  +--> ?PR?_ANSWERERR?MAIN

?PR?_PCDSELECT?ISO14443A                         -----    -----      0022H    004CH      0016H    0003H
  +--> ?PR?_WRITERAWRC?SLRC632
  +--> ?PR?_CLEARBITMASK?SLRC632
  +--> ?PR?_PCDSETTMO?SLRC632
  +--> ?PR?_PCDCOMTRANSCEIVE?SLRC632

?PR?COMHLTA?MAIN                                 -----    -----      -----    -----      -----    -----
  +--> ?PR?PCDHALT?ISO14443A
  +--> ?PR?ANSWERCOMMANDOK?MAIN
  +--> ?PR?_ANSWERERR?MAIN

?PR?PCDHALT?ISO14443A                            -----    -----      0021H    0043H      0016H    0001H
  +--> ?PR?_PCDCOMTRANSCEIVE?SLRC632
  +--> ?PR?_WRITERAWRC?SLRC632

?PR?COMAUTHENTICATION?MAIN                       -----    -----      0021H    0007H      -----    -----
  +--> ?PR?_CHANGECODEKEY?ISO14443A
  +--> ?PR?_PCDAUTHKEY?ISO14443A
  +--> ?PR?_PCDAUTHSTATE?ISO14443A
  +--> ?PR?ANSWERCOMMANDOK?MAIN
  +--> ?PR?_ANSWERERR?MAIN

?PR?_CHANGECODEKEY?ISO14443A                     -----    -----      0028H    0006H      0016H    0003H

?PR?_PCDAUTHKEY?ISO14443A                        -----    -----      0028H    0049H      0016H    0001H
  +--> ?PR?_PCDSETTMO?SLRC632
  +--> ?PR?_PCDCOMTRANSCEIVE?SLRC632

?PR?_PCDAUTHSTATE?ISO14443A                      -----    -----      0028H    004BH      0016H    0001H
  +--> ?PR?_WRITERAWRC?SLRC632
  +--> ?PR?_PCDSETTMO?SLRC632
  +--> ?PR?_PCDCOMTRANSCEIVE?SLRC632
  +--> ?PR?_READRAWRC?SLRC632

?PR?COMM1READ?MAIN                               -----    -----      -----    -----      -----    -----
  +--> ?PR?_PCDREAD?ISO14443A
  +--> ?PR?_ANSWEROK?MAIN
  +--> ?PR?_ANSWERERR?MAIN

?PR?_PCDREAD?ISO14443A                           -----    -----      0021H    004AH      0016H    0001H
  +--> ?PR?FLUSHFIFO?ISO14443A
  +--> ?PR?_PCDSETTMO?SLRC632
  +--> ?PR?_WRITERAWRC?SLRC632
  +--> ?PR?_PCDCOMTRANSCEIVE?SLRC632
BL51 BANKED LINKER/LOCATER V6.22                                                      06/07/2017  15:27:12  PAGE 8



?PR?FLUSHFIFO?ISO14443A                          -----    -----      -----    -----      -----    -----
  +--> ?PR?_SETBITMASK?SLRC632

?PR?COMM1WRITE?MAIN                              -----    -----      -----    -----      -----    -----
  +--> ?PR?_PCDWRITE?ISO14443A
  +--> ?PR?ANSWERCOMMANDOK?MAIN
  +--> ?PR?_ANSWERERR?MAIN

?PR?_PCDWRITE?ISO14443A                          -----    -----      0021H    004AH      0016H    0001H
  +--> ?PR?_PCDSETTMO?SLRC632
  +--> ?PR?_WRITERAWRC?SLRC632
  +--> ?PR?_PCDCOMTRANSCEIVE?SLRC632

?PR?COMM1INITVAL?MAIN                            -----    -----      -----    -----      -----    -----
  +--> ?PR?_PCDWRITE?ISO14443A
  +--> ?PR?ANSWERCOMMANDOK?MAIN
  +--> ?PR?_ANSWERERR?MAIN

?PR?COMM1READVAL?MAIN                            -----    -----      -----    -----      -----    -----
  +--> ?PR?_PCDREAD?ISO14443A
  +--> ?PR?_ANSWEROK?MAIN
  +--> ?PR?_ANSWERERR?MAIN

?PR?COMM1DECREMENT?MAIN                          -----    -----      -----    -----      -----    -----
  +--> ?PR?_PCDVALUE?ISO14443A
  +--> ?PR?ANSWERCOMMANDOK?MAIN
  +--> ?PR?_ANSWERERR?MAIN

?PR?_PCDVALUE?ISO14443A                          -----    -----      0021H    004BH      0016H    0001H
  +--> ?PR?_PCDSETTMO?SLRC632
  +--> ?PR?_WRITERAWRC?SLRC632
  +--> ?PR?_PCDCOMTRANSCEIVE?SLRC632

?PR?COMM1INCREMENT?MAIN                          -----    -----      -----    -----      -----    -----
  +--> ?PR?_PCDVALUE?ISO14443A
  +--> ?PR?ANSWERCOMMANDOK?MAIN
  +--> ?PR?_ANSWERERR?MAIN

?PR?COMM1RESTORE?MAIN                            -----    -----      -----    -----      -----    -----
  +--> ?PR?_PCDRESTORE?ISO14443A
  +--> ?PR?ANSWERCOMMANDOK?MAIN
  +--> ?PR?_ANSWERERR?MAIN

?PR?_PCDRESTORE?ISO14443A                        -----    -----      0021H    0047H      0016H    0001H
  +--> ?PR?_PCDSETTMO?SLRC632
  +--> ?PR?_PCDCOMTRANSCEIVE?SLRC632

?PR?COMM1TRANSFER?MAIN                           -----    -----      -----    -----      -----    -----
  +--> ?PR?_PCDTRANSFER?ISO14443A
  +--> ?PR?ANSWERCOMMANDOK?MAIN
  +--> ?PR?_ANSWERERR?MAIN

?PR?_PCDTRANSFER?ISO14443A                       -----    -----      0021H    0047H      0016H    0001H
  +--> ?PR?_PCDSETTMO?SLRC632
  +--> ?PR?_PCDCOMTRANSCEIVE?SLRC632

BL51 BANKED LINKER/LOCATER V6.22                                                      06/07/2017  15:27:12  PAGE 9


?PR?COMTYPEARST?MAIN                             -----    -----      0021H    0001H      -----    -----
  +--> ?PR?_PCDREQUEST?ISO14443A
  +--> ?PR?_PCDANTICOLL?ISO14443A
  +--> ?PR?_PCDSELECT?ISO14443A
  +--> ?PR?_ANSWEROK?MAIN
  +--> ?PR?_ANSWERERR?MAIN

?PR?COMTYPEACOS?MAIN                             -----    -----      -----    -----      -----    -----
  +--> ?PR?_MIFAREPROCOM?ISO14443A
  +--> ?PR?_ANSWEROK?MAIN
  +--> ?PR?_ANSWERERR?MAIN

?PR?_MIFAREPROCOM?ISO14443A                      -----    -----      0021H    0053H      0016H    0005H
  +--> ?PR?_PCDSETTMO?SLRC632
  +--> ?PR?_PCDCOMTRANSCEIVE?SLRC632

?PR?COMUL_PCDANTICOLL?MAIN                       -----    -----      -----    -----      -----    -----
  +--> ?PR?_UL_PCDANTICOLL?ISO14443A
  +--> ?PR?_ANSWEROK?MAIN
  +--> ?PR?_ANSWERERR?MAIN

?PR?_UL_PCDANTICOLL?ISO14443A                    -----    -----      0021H    0049H      0016H    0003H
  +--> ?PR?_WRITERAWRC?SLRC632
  +--> ?PR?_CLEARBITMASK?SLRC632
  +--> ?PR?_PCDSETTMO?SLRC632
  +--> ?PR?_PCDCOMTRANSCEIVE?SLRC632

?PR?COMUL_PCDWRITE?MAIN                          -----    -----      -----    -----      -----    -----
  +--> ?PR?_UL_PCDWRITE?ISO14443A
  +--> ?PR?ANSWERCOMMANDOK?MAIN
  +--> ?PR?_ANSWERERR?MAIN

?PR?_UL_PCDWRITE?ISO14443A                       -----    -----      0021H    004AH      0016H    0001H
  +--> ?PR?_PCDSETTMO?SLRC632
  +--> ?PR?_WRITERAWRC?SLRC632
  +--> ?PR?_PCDCOMTRANSCEIVE?SLRC632

?PR?COMTYPEBRST?MAIN                             -----    -----      -----    -----      -----    -----
  +--> ?PR?_M531PICCREQUESTB?ISO14443B
  +--> ?PR?_M531PICCATTRIB?ISO14443B
  +--> ?PR?_GET_UID_TYPEB?ISO14443B
  +--> ?PR?_ANSWEROK?MAIN
  +--> ?PR?_ANSWERERR?MAIN

?PR?_M531PICCREQUESTB?ISO14443B                  -----    -----      0021H    004DH      -----    -----
  +--> ?PR?_CLEARBITMASK?SLRC632
  +--> ?PR?_PCDSETTMO?SLRC632
  +--> ?PR?_PCDCOMTRANSCEIVE?SLRC632

?PR?_M531PICCATTRIB?ISO14443B                    -----    -----      0021H    004DH      -----    -----
  +--> ?PR?_PCDCOMTRANSCEIVE?SLRC632

?PR?_GET_UID_TYPEB?ISO14443B                     -----    -----      0021H    004AH      -----    -----
  +--> ?PR?_CLEARBITMASK?SLRC632
  +--> ?PR?_PCDSETTMO?SLRC632
  +--> ?PR?_PCDCOMTRANSCEIVE?SLRC632

BL51 BANKED LINKER/LOCATER V6.22                                                      06/07/2017  15:27:12  PAGE 10


?PR?COMHLTB?MAIN                                 -----    -----      -----    -----      -----    -----
  +--> ?PR?_M531PICCHLTB?ISO14443B
  +--> ?PR?ANSWERCOMMANDOK?MAIN
  +--> ?PR?_ANSWERERR?MAIN
  +--> ?PR?_M531PICCATTRIB?ISO14443B

?PR?_M531PICCHLTB?ISO14443B                      -----    -----      0021H    0049H      -----    -----
  +--> ?PR?_PCDSETTMO?SLRC632
  +--> ?PR?_PCDCOMTRANSCEIVE?SLRC632

?PR?COMCL_DESELECT?MAIN                          -----    -----      -----    -----      -----    -----
  +--> ?PR?_CL_DESELECT?ISO14443B
  +--> ?PR?ANSWERCOMMANDOK?MAIN
  +--> ?PR?_ANSWERERR?MAIN

?PR?_CL_DESELECT?ISO14443B                       -----    -----      0021H    0047H      -----    -----
  +--> ?PR?_PCDSETTMO?SLRC632
  +--> ?PR?_PCDCOMTRANSCEIVE?SLRC632

?PR?COMRF020CHECK?MAIN                           -----    -----      -----    -----      -----    -----
  +--> ?PR?_AT88RF020CHECK?ISO14443B
  +--> ?PR?ANSWERCOMMANDOK?MAIN
  +--> ?PR?_ANSWERERR?MAIN

?PR?_AT88RF020CHECK?ISO14443B                    -----    -----      0021H    0049H      -----    -----
  +--> ?PR?_PCDSETTMO?SLRC632
  +--> ?PR?_PCDCOMTRANSCEIVE?SLRC632

?PR?COMRF020READ?MAIN                            -----    -----      -----    -----      -----    -----
  +--> ?PR?_AT88RF020READ?ISO14443B
  +--> ?PR?_ANSWEROK?MAIN
  +--> ?PR?_ANSWERERR?MAIN

?PR?_AT88RF020READ?ISO14443B                     -----    -----      0021H    004BH      -----    -----
  +--> ?PR?_PCDSETTMO?SLRC632
  +--> ?PR?_PCDCOMTRANSCEIVE?SLRC632

?PR?COMRF020WRITE?MAIN                           -----    -----      -----    -----      -----    -----
  +--> ?PR?_AT88RF020WRITE?ISO14443B
  +--> ?PR?ANSWERCOMMANDOK?MAIN
  +--> ?PR?_ANSWERERR?MAIN

?PR?_AT88RF020WRITE?ISO14443B                    -----    -----      0021H    004AH      -----    -----
  +--> ?PR?_PCDSETTMO?SLRC632
  +--> ?PR?_PCDCOMTRANSCEIVE?SLRC632

?PR?COMRF020LOCK?MAIN                            -----    -----      -----    -----      -----    -----
  +--> ?PR?_AT88RF020LOCK?ISO14443B
  +--> ?PR?ANSWERCOMMANDOK?MAIN
  +--> ?PR?_ANSWERERR?MAIN

?PR?_AT88RF020LOCK?ISO14443B                     -----    -----      0021H    0049H      -----    -----
  +--> ?PR?_PCDSETTMO?SLRC632
  +--> ?PR?_PCDCOMTRANSCEIVE?SLRC632

?PR?COMRF020COUNT?MAIN                           -----    -----      -----    -----      -----    -----
  +--> ?PR?_AT88RF020COUNT?ISO14443B
BL51 BANKED LINKER/LOCATER V6.22                                                      06/07/2017  15:27:12  PAGE 11


  +--> ?PR?ANSWERCOMMANDOK?MAIN
  +--> ?PR?_ANSWERERR?MAIN

?PR?_AT88RF020COUNT?ISO14443B                    -----    -----      0021H    0049H      -----    -----
  +--> ?PR?_PCDSETTMO?SLRC632
  +--> ?PR?_PCDCOMTRANSCEIVE?SLRC632

?PR?COMRF020DESELECT?MAIN                        -----    -----      -----    -----      -----    -----
  +--> ?PR?AT88RF020DESELECT?ISO14443B
  +--> ?PR?ANSWERCOMMANDOK?MAIN
  +--> ?PR?_ANSWERERR?MAIN

?PR?AT88RF020DESELECT?ISO14443B                  -----    -----      0021H    0046H      -----    -----
  +--> ?PR?_PCDSETTMO?SLRC632
  +--> ?PR?_PCDCOMTRANSCEIVE?SLRC632

?PR?COMSELECTSR?MAIN                             -----    -----      -----    -----      -----    -----
  +--> ?PR?_SELECTSR?ISO14443B
  +--> ?PR?_ANSWEROK?MAIN
  +--> ?PR?_ANSWERERR?MAIN

?PR?_SELECTSR?ISO14443B                          -----    -----      0021H    0049H      -----    -----
  +--> ?PR?_CLEARBITMASK?SLRC632
  +--> ?PR?_PCDSETTMO?SLRC632
  +--> ?PR?_PCDCOMTRANSCEIVE?SLRC632

?PR?COMCOMPLETIONSR?MAIN                         -----    -----      -----    -----      -----    -----
  +--> ?PR?COMPLETIONSR?ISO14443B
  +--> ?PR?ANSWERCOMMANDOK?MAIN
  +--> ?PR?_ANSWERERR?MAIN

?PR?COMPLETIONSR?ISO14443B                       -----    -----      0021H    0046H      -----    -----
  +--> ?PR?_PCDSETTMO?SLRC632
  +--> ?PR?_PCDCOMTRANSCEIVE?SLRC632

?PR?COMREADSR176?MAIN                            -----    -----      -----    -----      -----    -----
  +--> ?PR?_READSR176?ISO14443B
  +--> ?PR?_ANSWEROK?MAIN
  +--> ?PR?_ANSWERERR?MAIN

?PR?_READSR176?ISO14443B                         -----    -----      0021H    004AH      -----    -----
  +--> ?PR?_PCDSETTMO?SLRC632
  +--> ?PR?_PCDCOMTRANSCEIVE?SLRC632

?PR?COMWRITESR176?MAIN                           -----    -----      -----    -----      -----    -----
  +--> ?PR?_WRITESR176?ISO14443B
  +--> ?PR?_DELAYMS?DELAY
  +--> ?PR?_READSR176?ISO14443B
  +--> ?PR?ANSWERCOMMANDOK?MAIN
  +--> ?PR?_ANSWERERR?MAIN

?PR?_WRITESR176?ISO14443B                        -----    -----      0021H    004AH      -----    -----
  +--> ?PR?_PCDSETTMO?SLRC632
  +--> ?PR?_PCDCOMTRANSCEIVE?SLRC632

?PR?COMPROTECTSR176?MAIN                         -----    -----      -----    -----      -----    -----
  +--> ?PR?_GETPROTSR176?ISO14443B
BL51 BANKED LINKER/LOCATER V6.22                                                      06/07/2017  15:27:12  PAGE 12


  +--> ?PR?_PROTECTSR176?ISO14443B
  +--> ?PR?_DELAYMS?DELAY
  +--> ?PR?ANSWERCOMMANDOK?MAIN
  +--> ?PR?_ANSWERERR?MAIN

?PR?_GETPROTSR176?ISO14443B                      -----    -----      0021H    0047H      -----    -----
  +--> ?PR?_PCDSETTMO?SLRC632
  +--> ?PR?_PCDCOMTRANSCEIVE?SLRC632

?PR?_PROTECTSR176?ISO14443B                      -----    -----      0021H    0047H      -----    -----
  +--> ?PR?_PCDSETTMO?SLRC632
  +--> ?PR?_PCDCOMTRANSCEIVE?SLRC632

?PR?COMREADSR4K?MAIN                             -----    -----      -----    -----      -----    -----
  +--> ?PR?_READSR4K?ISO14443B
  +--> ?PR?_ANSWEROK?MAIN
  +--> ?PR?_ANSWERERR?MAIN

?PR?_READSR4K?ISO14443B                          -----    -----      0021H    004AH      -----    -----
  +--> ?PR?_PCDSETTMO?SLRC632
  +--> ?PR?_PCDCOMTRANSCEIVE?SLRC632

?PR?COMWRITESR4K?MAIN                            -----    -----      -----    -----      -----    -----
  +--> ?PR?_WRITESR4K?ISO14443B
  +--> ?PR?_DELAYMS?DELAY
  +--> ?PR?_READSR4K?ISO14443B
  +--> ?PR?ANSWERCOMMANDOK?MAIN
  +--> ?PR?_ANSWERERR?MAIN

?PR?_WRITESR4K?ISO14443B                         -----    -----      0021H    004AH      -----    -----
  +--> ?PR?_PCDSETTMO?SLRC632
  +--> ?PR?_PCDCOMTRANSCEIVE?SLRC632

?PR?COMAUTHSR4K?MAIN                             -----    -----      -----    -----      -----    -----
  +--> ?PR?_AUTHSR4K?ISO14443B
  +--> ?PR?_ANSWEROK?MAIN
  +--> ?PR?_ANSWERERR?MAIN

?PR?_AUTHSR4K?ISO14443B                          -----    -----      0021H    004CH      -----    -----
  +--> ?PR?_PCDSETTMO?SLRC632
  +--> ?PR?_PCDCOMTRANSCEIVE?SLRC632

?PR?COMGETUIDSR4K?MAIN                           -----    -----      -----    -----      -----    -----
  +--> ?PR?_GETUIDSR4K?ISO14443B
  +--> ?PR?_ANSWEROK?MAIN
  +--> ?PR?_ANSWERERR?MAIN

?PR?_GETUIDSR4K?ISO14443B                        -----    -----      0021H    004AH      -----    -----
  +--> ?PR?_PCDSETTMO?SLRC632
  +--> ?PR?_PCDCOMTRANSCEIVE?SLRC632

?PR?COMPROTECTSR4K?MAIN                          -----    -----      -----    -----      -----    -----
  +--> ?PR?_READSR4K?ISO14443B
  +--> ?PR?_WRITESR4K?ISO14443B
  +--> ?PR?_DELAYMS?DELAY
  +--> ?PR?ANSWERCOMMANDOK?MAIN
  +--> ?PR?_ANSWERERR?MAIN
BL51 BANKED LINKER/LOCATER V6.22                                                      06/07/2017  15:27:12  PAGE 13



?PR?COMISO15693_INVENTORY16?MAIN                 -----    -----      -----    -----      -----    -----
  +--> ?PR?_ISO15693_INVENTORY16?ISO15693
  +--> ?PR?_ANSWEROK?MAIN
  +--> ?PR?_ANSWERERR?MAIN

?PR?_ISO15693_INVENTORY16?ISO15693               -----    -----      0021H    0052H      0016H    0006H
  +--> ?PR?_SETBITMASK?SLRC632
  +--> ?PR?_CLEARBITMASK?SLRC632
  +--> ?PR?_ISO15693_TRANSCEIVE?SLRC632

?PR?_ISO15693_TRANSCEIVE?SLRC632                 0020H.5  0000H.1    0075H    0009H      -----    -----
  +--> ?PR?_WRITERAWRC?SLRC632
  +--> ?PR?_SETBITMASK?SLRC632
  +--> ?PR?_READRAWRC?SLRC632
  +--> ?PR?_CLEARBITMASK?SLRC632

?PR?COMISO15693_INVENTORY?MAIN                   -----    -----      -----    -----      -----    -----
  +--> ?PR?_ISO15693_INVENTORY?ISO15693
  +--> ?PR?_ANSWEROK?MAIN
  +--> ?PR?_ANSWERERR?MAIN

?PR?_ISO15693_INVENTORY?ISO15693                 -----    -----      0021H    0052H      -----    -----
  +--> ?PR?_CLEARBITMASK?SLRC632
  +--> ?PR?_ISO15693_TRANSCEIVE?SLRC632

?PR?COMISO15693_STAY_QUIET?MAIN                  -----    -----      -----    -----      -----    -----
  +--> ?PR?_ISO15693_STAY_QUIET?ISO15693
  +--> ?PR?ANSWERCOMMANDOK?MAIN
  +--> ?PR?_ANSWERERR?MAIN

?PR?_ISO15693_STAY_QUIET?ISO15693                -----    -----      0021H    004AH      -----    -----
  +--> ?PR?_CLEARBITMASK?SLRC632
  +--> ?PR?_ISO15693_TRANSCEIVE?SLRC632

?PR?COMISO15693_SELECT?MAIN                      -----    -----      -----    -----      -----    -----
  +--> ?PR?_ISO15693_SELECT?ISO15693
  +--> ?PR?ANSWERCOMMANDOK?MAIN
  +--> ?PR?_ANSWERERR?MAIN

?PR?_ISO15693_SELECT?ISO15693                    -----    -----      0021H    004AH      -----    -----
  +--> ?PR?_CLEARBITMASK?SLRC632
  +--> ?PR?_ISO15693_TRANSCEIVE?SLRC632

?PR?COMISO15693_RESET_TO_READY?MAIN              -----    -----      -----    -----      -----    -----
  +--> ?PR?_ISO15693_RESET_TO_READY?ISO15693
  +--> ?PR?ANSWERCOMMANDOK?MAIN
  +--> ?PR?_ANSWERERR?MAIN

?PR?_ISO15693_RESET_TO_READY?ISO15693            -----    -----      0021H    004BH      -----    -----
  +--> ?PR?_CLEARBITMASK?SLRC632
  +--> ?PR?_ISO15693_TRANSCEIVE?SLRC632

?PR?COMISO15693_READ_SM?MAIN                     -----    -----      -----    -----      -----    -----
  +--> ?PR?_ISO15693_READ_SM?ISO15693
  +--> ?PR?_ANSWEROK?MAIN
  +--> ?PR?_ANSWERERR?MAIN
BL51 BANKED LINKER/LOCATER V6.22                                                      06/07/2017  15:27:12  PAGE 14



?PR?_ISO15693_READ_SM?ISO15693                   -----    -----      0021H    0052H      0016H    0002H
  +--> ?PR?_CLEARBITMASK?SLRC632
  +--> ?PR?_ISO15693_TRANSCEIVE?SLRC632

?PR?COMISO15693_WRITE_SM?MAIN                    -----    -----      -----    -----      -----    -----
  +--> ?PR?_ISO15693_WRITE_SM?ISO15693
  +--> ?PR?ANSWERCOMMANDOK?MAIN
  +--> ?PR?_ANSWERERR?MAIN

?PR?_ISO15693_WRITE_SM?ISO15693                  -----    -----      0021H    004FH      -----    -----
  +--> ?PR?_CLEARBITMASK?SLRC632
  +--> ?PR?_ISO15693_TRANSCEIVE?SLRC632
  +--> ?PR?_DELAYMS?DELAY
  +--> ?PR?_SETBITMASK?SLRC632

?PR?COMISO15693_LOCK_BLOCK?MAIN                  -----    -----      -----    -----      -----    -----
  +--> ?PR?_ISO15693_LOCK_BLOCK?ISO15693
  +--> ?PR?ANSWERCOMMANDOK?MAIN
  +--> ?PR?_ANSWERERR?MAIN

?PR?_ISO15693_LOCK_BLOCK?ISO15693                -----    -----      0021H    004CH      -----    -----
  +--> ?PR?_CLEARBITMASK?SLRC632
  +--> ?PR?_ISO15693_TRANSCEIVE?SLRC632
  +--> ?PR?_DELAYMS?DELAY
  +--> ?PR?_SETBITMASK?SLRC632

?PR?COMISO15693_WRITE_AFI?MAIN                   -----    -----      -----    -----      -----    -----
  +--> ?PR?_ISO15693_WRITE_AFI?ISO15693
  +--> ?PR?ANSWERCOMMANDOK?MAIN
  +--> ?PR?_ANSWERERR?MAIN

?PR?_ISO15693_WRITE_AFI?ISO15693                 -----    -----      0021H    004CH      -----    -----
  +--> ?PR?_CLEARBITMASK?SLRC632
  +--> ?PR?_ISO15693_TRANSCEIVE?SLRC632
  +--> ?PR?_DELAYMS?DELAY
  +--> ?PR?_SETBITMASK?SLRC632

?PR?COMISO15693_LOCK_AFI?MAIN                    -----    -----      -----    -----      -----    -----
  +--> ?PR?_ISO15693_LOCK_AFI?ISO15693
  +--> ?PR?ANSWERCOMMANDOK?MAIN
  +--> ?PR?_ANSWERERR?MAIN

?PR?_ISO15693_LOCK_AFI?ISO15693                  -----    -----      0021H    004AH      0016H    0002H
  +--> ?PR?_CLEARBITMASK?SLRC632
  +--> ?PR?_ISO15693_TRANSCEIVE?SLRC632
  +--> ?PR?_DELAYMS?DELAY
  +--> ?PR?_SETBITMASK?SLRC632

?PR?COMISO15693_WRITE_DSFID?MAIN                 -----    -----      -----    -----      -----    -----
  +--> ?PR?_ISO15693_WRITE_DSFID?ISO15693
  +--> ?PR?ANSWERCOMMANDOK?MAIN
  +--> ?PR?_ANSWERERR?MAIN

?PR?_ISO15693_WRITE_DSFID?ISO15693               -----    -----      0021H    004CH      -----    -----
  +--> ?PR?_CLEARBITMASK?SLRC632
  +--> ?PR?_ISO15693_TRANSCEIVE?SLRC632
BL51 BANKED LINKER/LOCATER V6.22                                                      06/07/2017  15:27:12  PAGE 15


  +--> ?PR?_DELAYMS?DELAY
  +--> ?PR?_SETBITMASK?SLRC632

?PR?COMISO15693_LOCK_DSFID?MAIN                  -----    -----      -----    -----      -----    -----
  +--> ?PR?_ISO15693_LOCK_DSFID?ISO15693
  +--> ?PR?ANSWERCOMMANDOK?MAIN
  +--> ?PR?_ANSWERERR?MAIN

?PR?_ISO15693_LOCK_DSFID?ISO15693                -----    -----      0021H    004BH      -----    -----
  +--> ?PR?_CLEARBITMASK?SLRC632
  +--> ?PR?_ISO15693_TRANSCEIVE?SLRC632
  +--> ?PR?_DELAYMS?DELAY
  +--> ?PR?_SETBITMASK?SLRC632

?PR?COMISO15693_GET_SYSTEM_INFORMATIO...         -----    -----      -----    -----      -----    -----
  +--> ?PR?_ISO15693_GET_SYSTEM_INFORMATION?...
  +--> ?PR?_ANSWEROK?MAIN
  +--> ?PR?_ANSWERERR?MAIN

?PR?_ISO15693_GET_SYSTEM_INFORMATION?...         -----    -----      0021H    0052H      -----    -----
  +--> ?PR?_CLEARBITMASK?SLRC632
  +--> ?PR?_ISO15693_TRANSCEIVE?SLRC632

?PR?COMISO15693_GET_MULTIPLE_BLOCK_SE...         -----    -----      -----    -----      -----    -----
  +--> ?PR?_ISO15693_GET_MULTIPLE_BLOCK_SECU...
  +--> ?PR?_ANSWEROK?MAIN
  +--> ?PR?_ANSWERERR?MAIN

?PR?_ISO15693_GET_MULTIPLE_BLOCK_SECU...         -----    -----      0021H    0054H      -----    -----
  +--> ?PR?_CLEARBITMASK?SLRC632
  +--> ?PR?_ISO15693_TRANSCEIVE?SLRC632



SYMBOL TABLE OF MODULE:  .\out\ant (MAIN)

  VALUE           TYPE          NAME
  ----------------------------------

  -------         MODULE        MAIN
  C:0000H         SYMBOL        _ICE_DUMMY_
  D:0092H         PUBLIC        P1M0
  D:0096H         PUBLIC        P2M0
  D:0091H         PUBLIC        P1M1
  D:0080H         PUBLIC        P0
  D:00B2H         PUBLIC        P3M0
  D:0095H         PUBLIC        P2M1
  D:0090H         PUBLIC        P1
  B:0020H.0       PUBLIC        g_bIblock
  D:00B4H         PUBLIC        P4M0
  D:00B1H         PUBLIC        P3M1
  D:00A0H         PUBLIC        P2
  D:00B3H         PUBLIC        P4M1
  D:00B0H         PUBLIC        P3
  C:31CCH         PUBLIC        ComPcdAntenna
  D:00C0H         PUBLIC        P4
  C:329DH         PUBLIC        ComSelect
BL51 BANKED LINKER/LOCATER V6.22                                                      06/07/2017  15:27:12  PAGE 16


  B:00A8H.7       PUBLIC        EA
  C:35C7H         PUBLIC        ComISO15693_Stay_Quiet
  C:3689H         PUBLIC        ComM1Restore
  C:14D3H         PUBLIC        _antsel
  D:00A8H         PUBLIC        IE
  C:3676H         PUBLIC        ComM632PcdConfigISOType
  D:0008H         PUBLIC        g_cFWI
  B:00A8H.4       PUBLIC        ES
  D:00B8H         PUBLIC        IP
  B:00A0H.7       PUBLIC        RC632_CE
  B:0090H.0       PUBLIC        bianma0
  C:36F6H         PUBLIC        _BEEP
  B:0090H.1       PUBLIC        bianma1
  B:0098H.1       PUBLIC        TI
  C:337CH         PUBLIC        ComM1Read
  B:0090H.2       PUBLIC        bianma2
  D:0009H         PUBLIC        g_cSNR
  C:2391H         PUBLIC        _AnswerErr
  C:31F8H         PUBLIC        InitializeSystem
  D:00D8H         PUBLIC        CCON
  C:082CH         PUBLIC        main
  C:34D9H         PUBLIC        ComSelectSR
  D:000DH         PUBLIC        count
  C:3706H         PUBLIC        ComHlta
  C:2DB2H         PUBLIC        ComProtectSR4K
  C:3115H         PUBLIC        ComHltb
  B:0020H.1       PUBLIC        g_bReceAA
  C:3622H         PUBLIC        ComRF020Check
  C:3563H         PUBLIC        ComM1Write
  C:15E0H         PUBLIC        _AnswerOk
  D:0099H         PUBLIC        SBUF
  D:0087H         PUBLIC        PCON
  C:3441H         PUBLIC        ComISO15693_Lock_AFI
  C:2FACH         PUBLIC        ComISO15693_Inventory16
  D:0098H         PUBLIC        SCON
  D:0089H         PUBLIC        TMOD
  D:0088H         PUBLIC        TCON
  C:36AFH         PUBLIC        hardmodel
  B:00B0H.3       PUBLIC        sond
  B:0020H.2       PUBLIC        g_bRc632Ok
  C:330EH         PUBLIC        ComISO15693_Write_AFI
  C:2D26H         PUBLIC        ComISO15693_Read_sm
  C:0003H         PUBLIC        ComGetHardModel
  C:3513H         PUBLIC        ComM1Decrement
  C:36E5H         PUBLIC        ComCL_Deselect
  C:278DH         PUBLIC        ComTypeARst
  C:2A13H         PUBLIC        ComTypeBRst
  D:000EH         PUBLIC        ant
  C:3400H         PUBLIC        ComReadSR4K
  C:3171H         PUBLIC        ComISO15693_Write_sm
  C:357CH         PUBLIC        ComUL_PcdWrite
  C:25EAH         PUBLIC        ComSetBound
  C:3222H         PUBLIC        Rc632Ready
  I:007EH         PUBLIC        g_cReceBuf
  C:33BEH         PUBLIC        ComRF020Read
  C:352EH         PUBLIC        ComM1Increment
  B:00C0H.0       PUBLIC        LED_ANT1
BL51 BANKED LINKER/LOCATER V6.22                                                      06/07/2017  15:27:12  PAGE 17


  C:3143H         PUBLIC        ComISO15693_Inventory
  C:34F6H         PUBLIC        ComGetUIDSR4K
  C:2F72H         PUBLIC        ComProtectSR176
  D:008DH         PUBLIC        TH1
  C:3461H         PUBLIC        ComISO15693_Lock_DSFID
  C:3086H         PUBLIC        ComRequestA
  I:00BEH         PUBLIC        g_cCidNad
  C:32E9H         PUBLIC        ComISO15693_Lock_Block
  D:008BH         PUBLIC        TL1
  C:3333H         PUBLIC        ComISO15693_Write_DSFID
  B:00C0H.4       PUBLIC        LED_ANT8
  C:2C96H         PUBLIC        ComWriteSR4K
  B:0088H.6       PUBLIC        TR1
  C:2D6CH         PUBLIC        ComISO15693_Get_Multiple_Block_Security
  C:3637H         PUBLIC        ComRF020Lock
  C:364CH         PUBLIC        ComRF020Count
  C:35DEH         PUBLIC        ComISO15693_Select
  C:32C3H         PUBLIC        ComAuthSR4K
  C:3595H         PUBLIC        ComRF020Write
  C:349FH         PUBLIC        ComAnticoll
  I:00BFH         PUBLIC        g_cReceNum
  D:000FH         PUBLIC        g_cIcdevH
  C:339DH         PUBLIC        ComM1Readval
  C:33DFH         PUBLIC        ComReadSR176
  D:0010H         PUBLIC        g_cIcdevL
  B:0020H.3       PUBLIC        g_bReceOk
  C:3724H         PUBLIC        ComCompletionSR
  C:369CH         PUBLIC        ComM1Transfer
  C:2969H         PUBLIC        ComAuthentication
  C:301EH         PUBLIC        ComTypeACOS
  D:0011H         PUBLIC        g_cCommand
  C:2EF8H         PUBLIC        ComISO15693_Get_System_Information
  C:2057H         PUBLIC        AnswerCommandOk
  C:2EBBH         PUBLIC        ComWriteSR176
  C:34BCH         PUBLIC        ComUL_PcdAnticoll
  C:3421H         PUBLIC        ComISO15693_Reset_To_Ready
  D:00D0H         PUBLIC        PSW
  C:3715H         PUBLIC        ComRF020Deselect
  C:26C0H         PUBLIC        ComM1Initval
  -------         PROC          _BEEP
  D:0007H         SYMBOL        i
  -------         DO            
  D:0007H         SYMBOL        k
  -------         ENDDO         
  C:36F6H         LINE#         41
  C:36F6H         LINE#         42
  C:36F6H         LINE#         44
  C:36FCH         LINE#         45
  C:36FEH         LINE#         46
  C:3703H         LINE#         47
  C:3705H         LINE#         48
  -------         ENDPROC       _BEEP
  -------         PROC          _ANTSEL
  D:0007H         SYMBOL        i
  C:14D3H         LINE#         51
  C:14D3H         LINE#         52
  C:14D3H         LINE#         53
BL51 BANKED LINKER/LOCATER V6.22                                                      06/07/2017  15:27:12  PAGE 18


  C:1503H         LINE#         54
  C:1503H         LINE#         55
  C:1503H         LINE#         56
  C:1505H         LINE#         57
  C:1507H         LINE#         58
  C:1509H         LINE#         59
  C:150BH         LINE#         60
  C:150EH         LINE#         61
  C:1510H         LINE#         62
  C:1512H         LINE#         63
  C:1512H         LINE#         64
  C:1514H         LINE#         65
  C:1516H         LINE#         66
  C:1518H         LINE#         67
  C:151AH         LINE#         68
  C:151DH         LINE#         69
  C:1520H         LINE#         70
  C:1522H         LINE#         71
  C:1524H         LINE#         72
  C:1524H         LINE#         73
  C:1526H         LINE#         74
  C:1528H         LINE#         75
  C:152AH         LINE#         76
  C:152CH         LINE#         77
  C:152FH         LINE#         78
  C:1532H         LINE#         79
  C:1534H         LINE#         80
  C:1536H         LINE#         81
  C:1536H         LINE#         82
  C:1538H         LINE#         83
  C:153AH         LINE#         84
  C:153CH         LINE#         85
  C:153EH         LINE#         86
  C:1541H         LINE#         87
  C:1544H         LINE#         88
  C:1546H         LINE#         89
  C:1548H         LINE#         90
  C:1548H         LINE#         91
  C:154AH         LINE#         92
  C:154CH         LINE#         93
  C:154EH         LINE#         94
  C:1550H         LINE#         95
  C:1553H         LINE#         96
  C:1556H         LINE#         97
  C:1558H         LINE#         98
  C:155AH         LINE#         99
  C:155AH         LINE#         100
  C:155CH         LINE#         101
  C:155EH         LINE#         102
  C:1560H         LINE#         103
  C:1562H         LINE#         104
  C:1565H         LINE#         105
  C:1568H         LINE#         106
  C:156AH         LINE#         107
  C:156CH         LINE#         108
  C:156CH         LINE#         109
  C:156EH         LINE#         110
BL51 BANKED LINKER/LOCATER V6.22                                                      06/07/2017  15:27:12  PAGE 19


  C:1570H         LINE#         111
  C:1572H         LINE#         112
  C:1574H         LINE#         113
  C:1577H         LINE#         114
  C:157AH         LINE#         115
  C:157CH         LINE#         116
  C:157EH         LINE#         117
  C:157EH         LINE#         118
  C:1580H         LINE#         119
  C:1582H         LINE#         120
  C:1584H         LINE#         121
  C:1586H         LINE#         122
  C:1589H         LINE#         123
  C:158BH         LINE#         124
  C:158BH         LINE#         125
  C:158BH         LINE#         127
  C:158DH         LINE#         128
  C:1590H         LINE#         129
  C:1593H         LINE#         131
  C:1595H         LINE#         132
  C:1598H         LINE#         133
  C:159BH         LINE#         135
  C:159DH         LINE#         136
  C:15A0H         LINE#         137
  C:15A3H         LINE#         139
  C:15A5H         LINE#         140
  C:15A8H         LINE#         141
  C:15ABH         LINE#         143
  C:15ADH         LINE#         144
  C:15B0H         LINE#         145
  C:15B3H         LINE#         147
  C:15B5H         LINE#         148
  C:15B8H         LINE#         149
  C:15BBH         LINE#         151
  C:15BDH         LINE#         152
  C:15C0H         LINE#         153
  C:15C3H         LINE#         155
  C:15C5H         LINE#         156
  C:15C8H         LINE#         157
  C:15CBH         LINE#         159
  C:15CDH         LINE#         160
  C:15D2H         LINE#         161
  C:15D5H         LINE#         163
  C:15D7H         LINE#         164
  C:15DCH         LINE#         165
  C:15DFH         LINE#         166
  -------         ENDPROC       _ANTSEL
  -------         PROC          MAIN
  C:082CH         LINE#         168
  C:082CH         LINE#         169
  C:082CH         LINE#         170
  C:082FH         LINE#         171
  C:0832H         LINE#         172
  C:0834H         LINE#         174
  C:0837H         LINE#         175
  C:083AH         LINE#         177
  C:083CH         LINE#         178
BL51 BANKED LINKER/LOCATER V6.22                                                      06/07/2017  15:27:12  PAGE 20


  C:083FH         LINE#         180
  C:0841H         LINE#         181
  C:0844H         LINE#         183
  C:0849H         LINE#         184
  C:0849H         LINE#         185
  C:0849H         LINE#         186
  C:084EH         LINE#         187
  C:084EH         LINE#         188
  C:0855H         LINE#         189
  C:0858H         LINE#         190
  C:085CH         LINE#         191
  C:086CH         LINE#         192
  C:086EH         LINE#         193
  C:0956H         LINE#         194
  C:0956H         LINE#         195
  C:0956H         LINE#         196
  C:095DH         LINE#         197
  C:0960H         LINE#         199
  C:0960H         LINE#         200
  C:0963H         LINE#         201
  C:0966H         LINE#         203
  C:0966H         LINE#         204
  C:0969H         LINE#         205
  C:096CH         LINE#         207
  C:096CH         LINE#         208
  C:096FH         LINE#         209
  C:0972H         LINE#         211
  C:0972H         LINE#         212
  C:0975H         LINE#         213
  C:0978H         LINE#         215
  C:0978H         LINE#         216
  C:097BH         LINE#         217
  C:097EH         LINE#         219
  C:097EH         LINE#         220
  C:0981H         LINE#         221
  C:0986H         LINE#         222
  C:0989H         LINE#         224
  C:0989H         LINE#         225
  C:098CH         LINE#         226
  C:098FH         LINE#         228
  C:098FH         LINE#         229
  C:0992H         LINE#         230
  C:0995H         LINE#         232
  C:0995H         LINE#         233
  C:0998H         LINE#         234
  C:099BH         LINE#         236
  C:099BH         LINE#         237
  C:099EH         LINE#         238
  C:09A1H         LINE#         240
  C:09A1H         LINE#         241
  C:09A4H         LINE#         242
  C:09A7H         LINE#         244
  C:09A7H         LINE#         245
  C:09AAH         LINE#         246
  C:09ADH         LINE#         248
  C:09ADH         LINE#         249
  C:09B0H         LINE#         250
BL51 BANKED LINKER/LOCATER V6.22                                                      06/07/2017  15:27:12  PAGE 21


  C:09B3H         LINE#         252
  C:09B3H         LINE#         253
  C:09B6H         LINE#         254
  C:09B9H         LINE#         256
  C:09B9H         LINE#         257
  C:09BCH         LINE#         258
  C:09BFH         LINE#         260
  C:09BFH         LINE#         261
  C:09C2H         LINE#         262
  C:09C5H         LINE#         264
  C:09C5H         LINE#         265
  C:09C8H         LINE#         266
  C:09CBH         LINE#         268
  C:09CBH         LINE#         269
  C:09CEH         LINE#         270
  C:09D1H         LINE#         272
  C:09D1H         LINE#         273
  C:09D4H         LINE#         274
  C:09D7H         LINE#         276
  C:09D7H         LINE#         277
  C:09DAH         LINE#         278
  C:09DDH         LINE#         280
  C:09DDH         LINE#         281
  C:09E0H         LINE#         282
  C:09E3H         LINE#         284
  C:09E3H         LINE#         285
  C:09E6H         LINE#         286
  C:09E9H         LINE#         289
  C:09E9H         LINE#         290
  C:09ECH         LINE#         291
  C:09EFH         LINE#         293
  C:09EFH         LINE#         294
  C:09F2H         LINE#         295
  C:09F5H         LINE#         297
  C:09F5H         LINE#         298
  C:09F8H         LINE#         299
  C:09FBH         LINE#         301
  C:09FBH         LINE#         302
  C:09FEH         LINE#         303
  C:0A01H         LINE#         305
  C:0A01H         LINE#         306
  C:0A04H         LINE#         307
  C:0A07H         LINE#         309
  C:0A07H         LINE#         310
  C:0A0AH         LINE#         311
  C:0A0DH         LINE#         313
  C:0A0DH         LINE#         314
  C:0A10H         LINE#         315
  C:0A13H         LINE#         317
  C:0A13H         LINE#         318
  C:0A16H         LINE#         319
  C:0A18H         LINE#         321
  C:0A18H         LINE#         322
  C:0A1BH         LINE#         323
  C:0A1DH         LINE#         325
  C:0A1DH         LINE#         326
  C:0A20H         LINE#         327
BL51 BANKED LINKER/LOCATER V6.22                                                      06/07/2017  15:27:12  PAGE 22


  C:0A22H         LINE#         329
  C:0A22H         LINE#         330
  C:0A25H         LINE#         331
  C:0A27H         LINE#         333
  C:0A27H         LINE#         334
  C:0A2AH         LINE#         335
  C:0A2CH         LINE#         337
  C:0A2CH         LINE#         338
  C:0A2FH         LINE#         339
  C:0A31H         LINE#         340
  C:0A31H         LINE#         341
  C:0A34H         LINE#         342
  C:0A36H         LINE#         344
  C:0A36H         LINE#         345
  C:0A39H         LINE#         346
  C:0A3BH         LINE#         348
  C:0A3BH         LINE#         349
  C:0A3EH         LINE#         350
  C:0A40H         LINE#         352
  C:0A40H         LINE#         353
  C:0A43H         LINE#         354
  C:0A45H         LINE#         356
  C:0A45H         LINE#         357
  C:0A48H         LINE#         358
  C:0A4AH         LINE#         360
  C:0A4AH         LINE#         361
  C:0A4DH         LINE#         362
  C:0A4FH         LINE#         364
  C:0A4FH         LINE#         365
  C:0A52H         LINE#         366
  C:0A54H         LINE#         368
  C:0A54H         LINE#         369
  C:0A57H         LINE#         370
  C:0A59H         LINE#         372
  C:0A59H         LINE#         373
  C:0A5CH         LINE#         374
  C:0A5EH         LINE#         376
  C:0A5EH         LINE#         377
  C:0A61H         LINE#         378
  C:0A63H         LINE#         380
  C:0A63H         LINE#         381
  C:0A66H         LINE#         382
  C:0A68H         LINE#         384
  C:0A68H         LINE#         385
  C:0A6BH         LINE#         386
  C:0A6DH         LINE#         388
  C:0A6DH         LINE#         389
  C:0A70H         LINE#         390
  C:0A72H         LINE#         392
  C:0A72H         LINE#         393
  C:0A75H         LINE#         394
  C:0A77H         LINE#         396
  C:0A77H         LINE#         397
  C:0A7AH         LINE#         398
  C:0A7CH         LINE#         400
  C:0A7CH         LINE#         401
  C:0A7FH         LINE#         402
BL51 BANKED LINKER/LOCATER V6.22                                                      06/07/2017  15:27:12  PAGE 23


  C:0A81H         LINE#         404
  C:0A81H         LINE#         405
  C:0A84H         LINE#         406
  C:0A86H         LINE#         408
  C:0A86H         LINE#         409
  C:0A89H         LINE#         410
  C:0A8BH         LINE#         412
  C:0A8BH         LINE#         413
  C:0A8EH         LINE#         414
  C:0A90H         LINE#         416
  C:0A90H         LINE#         417
  C:0A95H         LINE#         418
  C:0A95H         LINE#         419
  C:0A95H         LINE#         421
  C:0A97H         LINE#         422
  C:0A99H         LINE#         423
  C:0A9BH         LINE#         424
  C:0A9BH         LINE#         425
  -------         ENDPROC       MAIN
  -------         PROC          INITIALIZESYSTEM
  C:31F8H         LINE#         434
  C:31F8H         LINE#         435
  C:31F8H         LINE#         436
  C:31FBH         LINE#         437
  C:31FEH         LINE#         438
  C:3201H         LINE#         439
  C:3204H         LINE#         440
  C:320AH         LINE#         441
  C:320CH         LINE#         442
  C:320FH         LINE#         443
  C:3212H         LINE#         444
  C:321EH         LINE#         446
  C:3221H         LINE#         447
  -------         ENDPROC       INITIALIZESYSTEM
  -------         PROC          RC632READY
  -------         DO            
  D:0007H         SYMBOL        status
  -------         ENDDO         
  C:3222H         LINE#         453
  C:3222H         LINE#         454
  C:3222H         LINE#         456
  C:3229H         LINE#         457
  C:322CH         LINE#         458
  C:322FH         LINE#         459
  C:322FH         LINE#         460
  C:3236H         LINE#         461
  C:3239H         LINE#         462
  C:3239H         LINE#         463
  C:323CH         LINE#         464
  C:323CH         LINE#         465
  C:3243H         LINE#         466
  C:3246H         LINE#         467
  C:3246H         LINE#         468
  C:3249H         LINE#         469
  C:3249H         LINE#         470
  C:324BH         LINE#         471
  C:324BH         LINE#         472
BL51 BANKED LINKER/LOCATER V6.22                                                      06/07/2017  15:27:12  PAGE 24


  -------         ENDPROC       RC632READY
  -------         PROC          COMSETBOUND
  -------         DO            
  D:0021H         SYMBOL        bound
  -------         ENDDO         
  C:25EAH         LINE#         477
  C:25EAH         LINE#         478
  C:25EAH         LINE#         479
  C:25EFH         LINE#         480
  C:25F4H         LINE#         481
  C:25F9H         LINE#         483
  C:25F9H         LINE#         484
  C:25FCH         LINE#         485
  C:25FEH         LINE#         487
  C:2624H         LINE#         488
  C:2624H         LINE#         489
  C:2624H         LINE#         490
  C:2624H         LINE#         491
  C:2626H         LINE#         492
  C:2626H         LINE#         493
  C:262CH         LINE#         494
  C:262EH         LINE#         495
  C:262EH         LINE#         496
  C:2634H         LINE#         497
  C:2636H         LINE#         498
  C:2636H         LINE#         499
  C:263CH         LINE#         500
  C:263EH         LINE#         501
  C:263EH         LINE#         502
  C:2644H         LINE#         503
  C:2646H         LINE#         504
  C:2646H         LINE#         505
  C:2646H         LINE#         506
  C:2646H         LINE#         507
  C:264CH         LINE#         509
  C:264EH         LINE#         510
  C:264EH         LINE#         511
  C:2653H         LINE#         512
  C:2653H         LINE#         513
  C:2653H         LINE#         514
  C:2653H         LINE#         515
  C:2653H         LINE#         516
  C:2655H         LINE#         517
  C:2655H         LINE#         518
  -------         ENDPROC       COMSETBOUND
  -------         PROC          COMGETHARDMODEL
  C:0003H         LINE#         524
  C:0003H         LINE#         525
  C:0003H         LINE#         526
  C:0016H         LINE#         527
  -------         ENDPROC       COMGETHARDMODEL
  -------         PROC          COMM632PCDCONFIGISOTYPE
  C:3676H         LINE#         534
  C:3676H         LINE#         535
  C:3676H         LINE#         536
  C:3680H         LINE#         537
  C:3683H         LINE#         539
BL51 BANKED LINKER/LOCATER V6.22                                                      06/07/2017  15:27:12  PAGE 25


  C:3688H         LINE#         540
  -------         ENDPROC       COMM632PCDCONFIGISOTYPE
  -------         PROC          COMPCDANTENNA
  -------         DO            
  D:0021H         SYMBOL        status
  -------         ENDDO         
  C:31CCH         LINE#         545
  C:31CCH         LINE#         546
  C:31CCH         LINE#         548
  C:31D1H         LINE#         549
  C:31D8H         LINE#         551
  C:31D8H         LINE#         552
  C:31DFH         LINE#         553
  C:31E4H         LINE#         554
  C:31EBH         LINE#         555
  C:31EBH         LINE#         556
  C:31EFH         LINE#         557
  C:31F2H         LINE#         559
  C:31F7H         LINE#         560
  -------         ENDPROC       COMPCDANTENNA
  -------         PROC          COMREQUESTA
  -------         DO            
  D:0021H         SYMBOL        atq
  D:0007H         SYMBOL        status
  -------         ENDDO         
  C:3086H         LINE#         565
  C:3086H         LINE#         566
  C:3086H         LINE#         569
  C:3093H         LINE#         570
  C:3096H         LINE#         571
  C:30A3H         LINE#         572
  C:30A6H         LINE#         573
  C:30B1H         LINE#         575
  C:30B6H         LINE#         576
  -------         ENDPROC       COMREQUESTA
  -------         PROC          COMANTICOLL
  C:349FH         LINE#         581
  C:349FH         LINE#         582
  C:349FH         LINE#         583
  C:34ABH         LINE#         584
  C:34B6H         LINE#         586
  C:34BBH         LINE#         587
  -------         ENDPROC       COMANTICOLL
  -------         PROC          COMSELECT
  C:329DH         LINE#         592
  C:329DH         LINE#         593
  C:329DH         LINE#         594
  C:32B2H         LINE#         595
  C:32BDH         LINE#         597
  C:32C2H         LINE#         598
  -------         ENDPROC       COMSELECT
  -------         PROC          COMHLTA
  C:3706H         LINE#         603
  C:3706H         LINE#         604
  C:3706H         LINE#         605
  C:370CH         LINE#         606
  C:370FH         LINE#         608
BL51 BANKED LINKER/LOCATER V6.22                                                      06/07/2017  15:27:12  PAGE 26


  C:3714H         LINE#         609
  -------         ENDPROC       COMHLTA
  -------         PROC          COMAUTHENTICATION
  -------         DO            
  D:0021H         SYMBOL        status
  D:0022H         SYMBOL        pkeys
  D:0025H         SYMBOL        pSNR
  -------         ENDDO         
  C:2969H         LINE#         614
  C:2969H         LINE#         615
  C:2969H         LINE#         616
  C:296CH         LINE#         618
  C:2975H         LINE#         619
  C:297EH         LINE#         620
  C:2993H         LINE#         621
  C:2993H         LINE#         622
  C:299FH         LINE#         623
  C:299FH         LINE#         624
  C:29B1H         LINE#         625
  C:29B1H         LINE#         626
  C:29B1H         LINE#         627
  C:29B5H         LINE#         628
  C:29B8H         LINE#         630
  C:29BDH         LINE#         631
  -------         ENDPROC       COMAUTHENTICATION
  -------         PROC          COMM1READ
  C:337CH         LINE#         636
  C:337CH         LINE#         637
  C:337CH         LINE#         638
  C:338CH         LINE#         639
  C:3397H         LINE#         641
  C:339CH         LINE#         642
  -------         ENDPROC       COMM1READ
  -------         PROC          COMM1WRITE
  C:3563H         LINE#         647
  C:3563H         LINE#         648
  C:3563H         LINE#         649
  C:3573H         LINE#         650
  C:3576H         LINE#         652
  C:357BH         LINE#         653
  -------         ENDPROC       COMM1WRITE
  -------         PROC          COMM1INITVAL
  C:26C0H         LINE#         658
  C:26C0H         LINE#         659
  C:26C0H         LINE#         660
  C:26CEH         LINE#         661
  C:26DCH         LINE#         662
  C:26E8H         LINE#         663
  C:26F4H         LINE#         664
  C:2701H         LINE#         665
  C:270EH         LINE#         666
  C:271EH         LINE#         667
  C:2721H         LINE#         669
  C:2726H         LINE#         670
  -------         ENDPROC       COMM1INITVAL
  -------         PROC          COMM1READVAL
  C:339DH         LINE#         675
BL51 BANKED LINKER/LOCATER V6.22                                                      06/07/2017  15:27:12  PAGE 27


  C:339DH         LINE#         676
  C:339DH         LINE#         677
  C:33ADH         LINE#         678
  C:33B8H         LINE#         680
  C:33BDH         LINE#         681
  -------         ENDPROC       COMM1READVAL
  -------         PROC          COMM1DECREMENT
  C:3513H         LINE#         686
  C:3513H         LINE#         687
  C:3513H         LINE#         688
  C:3525H         LINE#         689
  C:3528H         LINE#         691
  C:352DH         LINE#         692
  -------         ENDPROC       COMM1DECREMENT
  -------         PROC          COMM1INCREMENT
  C:352EH         LINE#         697
  C:352EH         LINE#         698
  C:352EH         LINE#         699
  C:3540H         LINE#         700
  C:3543H         LINE#         702
  C:3548H         LINE#         703
  -------         ENDPROC       COMM1INCREMENT
  -------         PROC          COMM1RESTORE
  C:3689H         LINE#         708
  C:3689H         LINE#         709
  C:3689H         LINE#         710
  C:3693H         LINE#         711
  C:3696H         LINE#         713
  C:369BH         LINE#         714
  -------         ENDPROC       COMM1RESTORE
  -------         PROC          COMM1TRANSFER
  C:369CH         LINE#         719
  C:369CH         LINE#         720
  C:369CH         LINE#         721
  C:36A6H         LINE#         722
  C:36A9H         LINE#         724
  C:36AEH         LINE#         725
  -------         ENDPROC       COMM1TRANSFER
  -------         PROC          COMUL_PCDANTICOLL
  C:34BCH         LINE#         730
  C:34BCH         LINE#         731
  C:34BCH         LINE#         732
  C:34C8H         LINE#         733
  C:34D3H         LINE#         735
  C:34D8H         LINE#         736
  -------         ENDPROC       COMUL_PCDANTICOLL
  -------         PROC          COMUL_PCDWRITE
  C:357CH         LINE#         741
  C:357CH         LINE#         742
  C:357CH         LINE#         743
  C:358CH         LINE#         744
  C:358FH         LINE#         746
  C:3594H         LINE#         747
  -------         ENDPROC       COMUL_PCDWRITE
  -------         PROC          COMTYPEARST
  -------         DO            
  D:0007H         SYMBOL        status
BL51 BANKED LINKER/LOCATER V6.22                                                      06/07/2017  15:27:12  PAGE 28


  D:0021H         SYMBOL        i
  -------         ENDDO         
  C:278DH         LINE#         754
  C:278DH         LINE#         755
  C:278DH         LINE#         757
  C:2790H         LINE#         758
  C:279DH         LINE#         760
  C:27A0H         LINE#         761
  C:27ADH         LINE#         763
  C:27B0H         LINE#         764
  C:27B8H         LINE#         766
  C:27BBH         LINE#         767
  C:27CBH         LINE#         770
  C:27CEH         LINE#         771
  C:27CEH         LINE#         772
  C:27D1H         LINE#         773
  C:27D7H         LINE#         774
  C:27DBH         LINE#         775
  C:27E9H         LINE#         776
  C:27E9H         LINE#         778
  C:27EEH         LINE#         779
  -------         ENDPROC       COMTYPEARST
  -------         PROC          COMTYPEACOS
  C:301EH         LINE#         781
  C:301EH         LINE#         782
  C:301EH         LINE#         783
  C:3024H         LINE#         784
  C:303FH         LINE#         785
  C:304DH         LINE#         787
  C:3052H         LINE#         788
  -------         ENDPROC       COMTYPEACOS
  -------         PROC          COMTYPEBRST
  -------         DO            
  D:0007H         SYMBOL        status
  -------         ENDDO         
  C:2A13H         LINE#         812
  C:2A13H         LINE#         813
  C:2A13H         LINE#         816
  C:2A29H         LINE#         817
  C:2A29H         LINE#         818
  C:2A2CH         LINE#         819
  C:2A30H         LINE#         820
  C:2A48H         LINE#         821
  C:2A48H         LINE#         823
  C:2A4BH         LINE#         824
  C:2A4BH         LINE#         825
  C:2A56H         LINE#         826
  C:2A61H         LINE#         828
  C:2A66H         LINE#         830
  -------         ENDPROC       COMTYPEBRST
  -------         PROC          COMHLTB
  C:3115H         LINE#         836
  C:3115H         LINE#         837
  C:3115H         LINE#         838
  C:3121H         LINE#         839
  C:3126H         LINE#         841
  C:312BH         LINE#         842
BL51 BANKED LINKER/LOCATER V6.22                                                      06/07/2017  15:27:12  PAGE 29


  -------         ENDPROC       COMHLTB
  -------         PROC          COMCL_DESELECT
  C:36E5H         LINE#         848
  C:36E5H         LINE#         849
  C:36E5H         LINE#         850
  C:36EDH         LINE#         851
  C:36F0H         LINE#         853
  C:36F5H         LINE#         854
  -------         ENDPROC       COMCL_DESELECT
  -------         PROC          COMRF020CHECK
  C:3622H         LINE#         859
  C:3622H         LINE#         860
  C:3622H         LINE#         861
  C:362EH         LINE#         862
  C:3631H         LINE#         864
  C:3636H         LINE#         865
  -------         ENDPROC       COMRF020CHECK
  -------         PROC          COMRF020READ
  C:33BEH         LINE#         870
  C:33BEH         LINE#         871
  C:33BEH         LINE#         872
  C:33CEH         LINE#         873
  C:33D9H         LINE#         875
  C:33DEH         LINE#         876
  -------         ENDPROC       COMRF020READ
  -------         PROC          COMRF020WRITE
  C:3595H         LINE#         881
  C:3595H         LINE#         882
  C:3595H         LINE#         883
  C:35A5H         LINE#         884
  C:35A8H         LINE#         886
  C:35ADH         LINE#         887
  -------         ENDPROC       COMRF020WRITE
  -------         PROC          COMRF020LOCK
  C:3637H         LINE#         892
  C:3637H         LINE#         893
  C:3637H         LINE#         894
  C:3643H         LINE#         895
  C:3646H         LINE#         897
  C:364BH         LINE#         898
  -------         ENDPROC       COMRF020LOCK
  -------         PROC          COMRF020COUNT
  C:364CH         LINE#         903
  C:364CH         LINE#         904
  C:364CH         LINE#         905
  C:3658H         LINE#         906
  C:365BH         LINE#         908
  C:3660H         LINE#         909
  -------         ENDPROC       COMRF020COUNT
  -------         PROC          COMRF020DESELECT
  C:3715H         LINE#         914
  C:3715H         LINE#         915
  C:3715H         LINE#         916
  C:371BH         LINE#         917
  C:371EH         LINE#         919
  C:3723H         LINE#         920
  -------         ENDPROC       COMRF020DESELECT
BL51 BANKED LINKER/LOCATER V6.22                                                      06/07/2017  15:27:12  PAGE 30


  -------         PROC          COMSELECTSR
  C:34D9H         LINE#         926
  C:34D9H         LINE#         927
  C:34D9H         LINE#         928
  C:34E5H         LINE#         929
  C:34F0H         LINE#         931
  C:34F5H         LINE#         932
  -------         ENDPROC       COMSELECTSR
  -------         PROC          COMREADSR176
  C:33DFH         LINE#         937
  C:33DFH         LINE#         938
  C:33DFH         LINE#         939
  C:33EFH         LINE#         940
  C:33FAH         LINE#         942
  C:33FFH         LINE#         943
  -------         ENDPROC       COMREADSR176
  -------         PROC          COMWRITESR176
  -------         DO            
  D:0007H         SYMBOL        status
  -------         ENDDO         
  C:2EBBH         LINE#         948
  C:2EBBH         LINE#         949
  C:2EBBH         LINE#         951
  C:2ECBH         LINE#         952
  C:2ECBH         LINE#         953
  C:2ED1H         LINE#         954
  C:2EDEH         LINE#         955
  C:2EEFH         LINE#         956
  C:2EF2H         LINE#         961
  C:2EF7H         LINE#         962
  -------         ENDPROC       COMWRITESR176
  -------         PROC          COMPROTECTSR176
  -------         DO            
  D:0007H         SYMBOL        status
  -------         ENDDO         
  C:2F72H         LINE#         967
  C:2F72H         LINE#         968
  C:2F72H         LINE#         970
  C:2F7CH         LINE#         971
  C:2F7CH         LINE#         972
  C:2F83H         LINE#         973
  C:2F86H         LINE#         974
  C:2F86H         LINE#         975
  C:2F8CH         LINE#         976
  C:2F93H         LINE#         977
  C:2F9EH         LINE#         978
  C:2FA0H         LINE#         979
  C:2FA0H         LINE#         980
  C:2FA0H         LINE#         981
  C:2FA3H         LINE#         982
  C:2FA6H         LINE#         984
  C:2FABH         LINE#         985
  -------         ENDPROC       COMPROTECTSR176
  -------         PROC          COMCOMPLETIONSR
  C:3724H         LINE#         990
  C:3724H         LINE#         991
  C:3724H         LINE#         992
BL51 BANKED LINKER/LOCATER V6.22                                                      06/07/2017  15:27:12  PAGE 31


  C:372AH         LINE#         993
  C:372DH         LINE#         995
  C:3732H         LINE#         996
  -------         ENDPROC       COMCOMPLETIONSR
  -------         PROC          COMREADSR4K
  C:3400H         LINE#         1001
  C:3400H         LINE#         1002
  C:3400H         LINE#         1003
  C:3410H         LINE#         1004
  C:341BH         LINE#         1006
  C:3420H         LINE#         1007
  -------         ENDPROC       COMREADSR4K
  -------         PROC          COMWRITESR4K
  -------         DO            
  D:0007H         SYMBOL        status
  -------         ENDDO         
  C:2C96H         LINE#         1012
  C:2C96H         LINE#         1013
  C:2C96H         LINE#         1015
  C:2CA6H         LINE#         1016
  C:2CA6H         LINE#         1017
  C:2CACH         LINE#         1018
  C:2CB9H         LINE#         1019
  C:2CD6H         LINE#         1021
  C:2CD9H         LINE#         1026
  C:2CDEH         LINE#         1027
  -------         ENDPROC       COMWRITESR4K
  -------         PROC          COMAUTHSR4K
  C:32C3H         LINE#         1032
  C:32C3H         LINE#         1033
  C:32C3H         LINE#         1034
  C:32D8H         LINE#         1035
  C:32E3H         LINE#         1037
  C:32E8H         LINE#         1038
  -------         ENDPROC       COMAUTHSR4K
  -------         PROC          COMGETUIDSR4K
  C:34F6H         LINE#         1043
  C:34F6H         LINE#         1044
  C:34F6H         LINE#         1045
  C:3502H         LINE#         1046
  C:350DH         LINE#         1048
  C:3512H         LINE#         1049
  -------         ENDPROC       COMGETUIDSR4K
  -------         PROC          COMPROTECTSR4K
  -------         DO            
  D:0007H         SYMBOL        status
  -------         ENDDO         
  C:2DB2H         LINE#         1054
  C:2DB2H         LINE#         1055
  C:2DB2H         LINE#         1057
  C:2DC0H         LINE#         1058
  C:2DC0H         LINE#         1059
  C:2DCAH         LINE#         1060
  C:2DCDH         LINE#         1061
  C:2DCDH         LINE#         1062
  C:2DD3H         LINE#         1063
  C:2DDEH         LINE#         1064
BL51 BANKED LINKER/LOCATER V6.22                                                      06/07/2017  15:27:12  PAGE 32


  C:2DE9H         LINE#         1065
  C:2DEBH         LINE#         1066
  C:2DEBH         LINE#         1067
  C:2DEBH         LINE#         1068
  C:2DEEH         LINE#         1069
  C:2DF1H         LINE#         1071
  C:2DF6H         LINE#         1072
  -------         ENDPROC       COMPROTECTSR4K
  -------         PROC          COMISO15693_INVENTORY16
  C:2FACH         LINE#         1078
  C:2FACH         LINE#         1079
  C:2FACH         LINE#         1080
  C:2FD2H         LINE#         1081
  C:2FE0H         LINE#         1083
  C:2FE5H         LINE#         1084
  -------         ENDPROC       COMISO15693_INVENTORY16
  -------         PROC          COMISO15693_INVENTORY
  C:3143H         LINE#         1089
  C:3143H         LINE#         1090
  C:3143H         LINE#         1091
  C:3160H         LINE#         1092
  C:316BH         LINE#         1094
  C:3170H         LINE#         1095
[...]
  C:2B6FH         LINE#         163
  C:2B76H         LINE#         165
  C:2B79H         LINE#         166
  C:2B7FH         LINE#         167
  C:2B82H         LINE#         168
  C:2B85H         LINE#         169
  C:2B98H         LINE#         171
  C:2BA1H         LINE#         173
  C:2BACH         LINE#         174
  C:2BAEH         LINE#         175
  C:2BAEH         LINE#         176
  -------         ENDPROC       _ISO15693_SELECT
  -------         PROC          _ISO15693_RESET_TO_READY
  D:0021H         SYMBOL        flags
  D:0022H         SYMBOL        uid
  -------         DO            
  D:0025H         SYMBOL        cnt
  D:0007H         SYMBOL        status
  D:0026H         SYMBOL        MfComData
  D:0069H         SYMBOL        pi
  -------         ENDDO         
  C:28B2H         LINE#         181
  C:28BAH         LINE#         182
  C:28BAH         LINE#         186
  C:28C3H         LINE#         188
  C:28CAH         LINE#         190
  C:28CDH         LINE#         191
  C:28D0H         LINE#         192
  C:28D3H         LINE#         193
  C:28D6H         LINE#         194
  C:28DBH         LINE#         196
  C:28DBH         LINE#         197
  C:28EEH         LINE#         198
  C:28F4H         LINE#         199
  C:28F4H         LINE#         201
BL51 BANKED LINKER/LOCATER V6.22                                                      06/07/2017  15:27:12  PAGE 80


  C:28FAH         LINE#         203
  C:2903H         LINE#         205
  C:290EH         LINE#         206
  C:2910H         LINE#         207
  C:2910H         LINE#         208
  -------         ENDPROC       _ISO15693_RESET_TO_READY
  -------         PROC          _ISO15693_READ_SM
  D:0021H         SYMBOL        flags
  D:0022H         SYMBOL        uid
  D:0025H         SYMBOL        blnr
  D:0026H         SYMBOL        nbl
  D:0027H         SYMBOL        resplen
  D:002AH         SYMBOL        resp
  -------         DO            
  I:0016H         SYMBOL        cnt
  I:0017H         SYMBOL        status
  D:002DH         SYMBOL        MfComData
  D:0070H         SYMBOL        pi
  -------         ENDDO         
  C:1796H         LINE#         213
  C:179EH         LINE#         219
  C:179EH         LINE#         223
  C:17A7H         LINE#         224
  C:17B1H         LINE#         226
  C:17B8H         LINE#         228
  C:17BCH         LINE#         229
  C:17BEH         LINE#         230
  C:17C1H         LINE#         231
  C:17C4H         LINE#         232
  C:17C8H         LINE#         233
  C:17CDH         LINE#         235
  C:17D0H         LINE#         236
  C:17D4H         LINE#         237
  C:17DCH         LINE#         239
  C:17DCH         LINE#         240
  C:17F1H         LINE#         241
  C:17F7H         LINE#         242
  C:17F7H         LINE#         243
  C:17FFH         LINE#         244
  C:1803H         LINE#         245
  C:1803H         LINE#         246
  C:1806H         LINE#         247
  C:180CH         LINE#         248
  C:180CH         LINE#         250
  C:1817H         LINE#         252
  C:1824H         LINE#         254
  C:1826H         LINE#         255
  C:1826H         LINE#         256
  C:183DH         LINE#         257
  C:1858H         LINE#         258
  C:1858H         LINE#         259
  C:185CH         LINE#         260
  -------         ENDPROC       _ISO15693_READ_SM
  -------         PROC          _ISO15693_WRITE_SM
  D:0021H         SYMBOL        flags
  D:0022H         SYMBOL        uid
  D:0025H         SYMBOL        blnr
BL51 BANKED LINKER/LOCATER V6.22                                                      06/07/2017  15:27:12  PAGE 81


  D:0026H         SYMBOL        _data
  -------         DO            
  D:0007H         SYMBOL        status
  D:0029H         SYMBOL        cnt
  D:002AH         SYMBOL        MfComData
  D:006DH         SYMBOL        pi
  -------         ENDDO         
  C:16CDH         LINE#         265
  C:16D5H         LINE#         269
  C:16D5H         LINE#         274
  C:16DEH         LINE#         276
  C:16E5H         LINE#         278
  C:16EAH         LINE#         279
  C:16EFH         LINE#         281
  C:16F2H         LINE#         282
  C:16F5H         LINE#         283
  C:16F8H         LINE#         284
  C:16FBH         LINE#         286
  C:1700H         LINE#         287
  C:1700H         LINE#         288
  C:1713H         LINE#         289
  C:1719H         LINE#         290
  C:1719H         LINE#         291
  C:1720H         LINE#         292
  C:1722H         LINE#         294
  C:1738H         LINE#         295
  C:173EH         LINE#         297
  C:1743H         LINE#         299
  C:174CH         LINE#         301
  C:174FH         LINE#         302
  C:1750H         LINE#         303
  C:1755H         LINE#         304
  C:1755H         LINE#         305
  C:175DH         LINE#         306
  C:175FH         LINE#         307
  C:1760H         LINE#         308
  C:1760H         LINE#         310
  C:1760H         LINE#         311
  C:1767H         LINE#         312
  C:1770H         LINE#         314
  C:1777H         LINE#         316
  C:177AH         LINE#         317
  C:177FH         LINE#         319
  C:1788H         LINE#         321
  C:1793H         LINE#         322
  C:1795H         LINE#         323
  C:1795H         LINE#         324
  C:1795H         LINE#         325
  -------         ENDPROC       _ISO15693_WRITE_SM
  -------         PROC          _ISO15693_LOCK_BLOCK
  D:0021H         SYMBOL        flags
  D:0022H         SYMBOL        uid
  D:0025H         SYMBOL        blnr
  -------         DO            
  D:0026H         SYMBOL        cnt
  D:0007H         SYMBOL        status
  D:0027H         SYMBOL        MfComData
BL51 BANKED LINKER/LOCATER V6.22                                                      06/07/2017  15:27:12  PAGE 82


  D:006AH         SYMBOL        pi
  -------         ENDDO         
  C:1A90H         LINE#         330
  C:1A98H         LINE#         333
  C:1A98H         LINE#         337
  C:1AA1H         LINE#         339
  C:1AA8H         LINE#         341
  C:1AADH         LINE#         342
  C:1AB2H         LINE#         344
  C:1AB5H         LINE#         345
  C:1AB8H         LINE#         346
  C:1ABBH         LINE#         347
  C:1ABEH         LINE#         348
  C:1AC3H         LINE#         350
  C:1AC3H         LINE#         351
  C:1AD6H         LINE#         352
  C:1ADCH         LINE#         353
  C:1ADCH         LINE#         354
  C:1AE3H         LINE#         356
  C:1AEDH         LINE#         358
  C:1AF6H         LINE#         360
  C:1AF9H         LINE#         361
  C:1AFAH         LINE#         362
  C:1AFFH         LINE#         363
  C:1AFFH         LINE#         364
  C:1B07H         LINE#         365
  C:1B09H         LINE#         366
  C:1B0AH         LINE#         367
  C:1B0AH         LINE#         369
  C:1B0AH         LINE#         370
  C:1B11H         LINE#         371
  C:1B1AH         LINE#         373
  C:1B21H         LINE#         375
  C:1B24H         LINE#         376
  C:1B29H         LINE#         378
  C:1B32H         LINE#         380
  C:1B3DH         LINE#         381
  C:1B3FH         LINE#         382
  C:1B3FH         LINE#         383
  C:1B3FH         LINE#         384
  -------         ENDPROC       _ISO15693_LOCK_BLOCK
  -------         PROC          _ISO15693_WRITE_AFI
  D:0021H         SYMBOL        flags
  D:0022H         SYMBOL        uid
  D:0025H         SYMBOL        AFI
  -------         DO            
  D:0026H         SYMBOL        cnt
  D:0007H         SYMBOL        status
  D:0027H         SYMBOL        MfComData
  D:006AH         SYMBOL        pi
  -------         ENDDO         
  C:1B40H         LINE#         389
  C:1B48H         LINE#         392
  C:1B48H         LINE#         396
  C:1B51H         LINE#         398
  C:1B58H         LINE#         400
  C:1B5DH         LINE#         401
BL51 BANKED LINKER/LOCATER V6.22                                                      06/07/2017  15:27:12  PAGE 83


  C:1B62H         LINE#         403
  C:1B65H         LINE#         404
  C:1B68H         LINE#         405
  C:1B6BH         LINE#         406
  C:1B6EH         LINE#         407
  C:1B73H         LINE#         409
  C:1B73H         LINE#         410
  C:1B86H         LINE#         411
  C:1B8CH         LINE#         412
  C:1B8CH         LINE#         413
  C:1B93H         LINE#         415
  C:1B9DH         LINE#         417
  C:1BA6H         LINE#         419
  C:1BA9H         LINE#         420
  C:1BAAH         LINE#         421
  C:1BAFH         LINE#         422
  C:1BAFH         LINE#         423
  C:1BB7H         LINE#         424
  C:1BB9H         LINE#         425
  C:1BBAH         LINE#         426
  C:1BBAH         LINE#         428
  C:1BBAH         LINE#         429
  C:1BC1H         LINE#         430
  C:1BCAH         LINE#         432
  C:1BD1H         LINE#         434
  C:1BD4H         LINE#         435
  C:1BD9H         LINE#         437
  C:1BE2H         LINE#         439
  C:1BEDH         LINE#         440
  C:1BEFH         LINE#         441
  C:1BEFH         LINE#         442
  C:1BEFH         LINE#         443
  -------         ENDPROC       _ISO15693_WRITE_AFI
  -------         PROC          _ISO15693_LOCK_AFI
  D:0021H         SYMBOL        flags
  D:0022H         SYMBOL        uid
  -------         DO            
  I:0016H         SYMBOL        cnt
  I:0017H         SYMBOL        status
  D:0025H         SYMBOL        MfComData
  D:0068H         SYMBOL        pi
  -------         ENDDO         
  C:19D9H         LINE#         448
  C:19E1H         LINE#         449
  C:19E1H         LINE#         453
  C:19EAH         LINE#         455
  C:19F1H         LINE#         457
  C:19F6H         LINE#         458
  C:19FBH         LINE#         460
  C:19FEH         LINE#         461
  C:1A01H         LINE#         462
  C:1A04H         LINE#         463
  C:1A08H         LINE#         464
  C:1A0DH         LINE#         466
  C:1A0DH         LINE#         467
  C:1A20H         LINE#         468
  C:1A26H         LINE#         469
BL51 BANKED LINKER/LOCATER V6.22                                                      06/07/2017  15:27:12  PAGE 84


  C:1A26H         LINE#         470
  C:1A2EH         LINE#         472
  C:1A3BH         LINE#         474
  C:1A3DH         LINE#         475
  C:1A40H         LINE#         476
  C:1A45H         LINE#         477
  C:1A45H         LINE#         478
  C:1A4DH         LINE#         479
  C:1A51H         LINE#         480
  C:1A53H         LINE#         481
  C:1A53H         LINE#         483
  C:1A53H         LINE#         484
  C:1A5AH         LINE#         485
  C:1A63H         LINE#         487
  C:1A6AH         LINE#         489
  C:1A6DH         LINE#         490
  C:1A72H         LINE#         492
  C:1A7FH         LINE#         494
  C:1A89H         LINE#         495
  C:1A8BH         LINE#         496
  C:1A8FH         LINE#         497
  C:1A8FH         LINE#         498
  -------         ENDPROC       _ISO15693_LOCK_AFI
  -------         PROC          _ISO15693_WRITE_DSFID
  D:0021H         SYMBOL        flags
  D:0022H         SYMBOL        uid
  D:0025H         SYMBOL        DSFID
  -------         DO            
  D:0026H         SYMBOL        cnt
  D:0007H         SYMBOL        status
  D:0027H         SYMBOL        MfComData
  D:006AH         SYMBOL        pi
  -------         ENDDO         
  C:1BF0H         LINE#         503
  C:1BF8H         LINE#         506
  C:1BF8H         LINE#         510
  C:1C01H         LINE#         512
  C:1C08H         LINE#         514
  C:1C0DH         LINE#         515
  C:1C12H         LINE#         517
  C:1C15H         LINE#         518
  C:1C18H         LINE#         519
  C:1C1BH         LINE#         520
  C:1C1EH         LINE#         521
  C:1C23H         LINE#         523
  C:1C23H         LINE#         524
  C:1C36H         LINE#         525
  C:1C3CH         LINE#         526
  C:1C3CH         LINE#         527
  C:1C43H         LINE#         529
  C:1C4DH         LINE#         531
  C:1C56H         LINE#         533
  C:1C59H         LINE#         534
  C:1C5AH         LINE#         535
  C:1C5FH         LINE#         536
  C:1C5FH         LINE#         537
  C:1C67H         LINE#         538
BL51 BANKED LINKER/LOCATER V6.22                                                      06/07/2017  15:27:12  PAGE 85


  C:1C69H         LINE#         539
  C:1C6AH         LINE#         540
  C:1C6AH         LINE#         542
  C:1C6AH         LINE#         543
  C:1C71H         LINE#         544
  C:1C7AH         LINE#         546
  C:1C81H         LINE#         548
  C:1C84H         LINE#         549
  C:1C89H         LINE#         551
  C:1C92H         LINE#         553
  C:1C9DH         LINE#         554
  C:1C9FH         LINE#         555
  C:1C9FH         LINE#         556
  C:1C9FH         LINE#         557
  -------         ENDPROC       _ISO15693_WRITE_DSFID
  -------         PROC          _ISO15693_LOCK_DSFID
  D:0021H         SYMBOL        flags
  D:0022H         SYMBOL        uid
  -------         DO            
  D:0025H         SYMBOL        cnt
  D:0007H         SYMBOL        status
  D:0026H         SYMBOL        MfComData
  D:0069H         SYMBOL        pi
  -------         ENDDO         
  C:1DFAH         LINE#         562
  C:1E02H         LINE#         563
  C:1E02H         LINE#         567
  C:1E0BH         LINE#         569
  C:1E12H         LINE#         571
  C:1E17H         LINE#         572
  C:1E1CH         LINE#         574
  C:1E1FH         LINE#         575
  C:1E22H         LINE#         576
  C:1E25H         LINE#         577
  C:1E28H         LINE#         578
  C:1E2DH         LINE#         580
  C:1E2DH         LINE#         581
  C:1E40H         LINE#         582
  C:1E46H         LINE#         583
  C:1E46H         LINE#         584
  C:1E4CH         LINE#         586
  C:1E55H         LINE#         588
  C:1E58H         LINE#         589
  C:1E59H         LINE#         590
  C:1E5EH         LINE#         591
  C:1E5EH         LINE#         592
  C:1E66H         LINE#         593
  C:1E68H         LINE#         594
  C:1E69H         LINE#         595
  C:1E69H         LINE#         597
  C:1E69H         LINE#         598
  C:1E70H         LINE#         599
  C:1E79H         LINE#         601
  C:1E80H         LINE#         603
  C:1E83H         LINE#         604
  C:1E88H         LINE#         606
  C:1E91H         LINE#         608
BL51 BANKED LINKER/LOCATER V6.22                                                      06/07/2017  15:27:12  PAGE 86


  C:1E9CH         LINE#         609
  C:1E9EH         LINE#         610
  C:1E9EH         LINE#         611
  C:1E9EH         LINE#         612
  -------         ENDPROC       _ISO15693_LOCK_DSFID
  -------         PROC          _ISO15693_GET_SYSTEM_INFORMATION
  D:0021H         SYMBOL        flags
  D:0022H         SYMBOL        uid
  D:0025H         SYMBOL        resplen
  D:0028H         SYMBOL        resp
  -------         DO            
  D:002BH         SYMBOL        cnt
  D:002CH         SYMBOL        status
  D:002DH         SYMBOL        MfComData
  D:0070H         SYMBOL        pi
  -------         ENDDO         
  C:216FH         LINE#         617
  C:2177H         LINE#         621
  C:2177H         LINE#         625
  C:2180H         LINE#         627
  C:2187H         LINE#         628
  C:218AH         LINE#         629
  C:218DH         LINE#         630
  C:2190H         LINE#         631
  C:2193H         LINE#         632
  C:2198H         LINE#         634
  C:2198H         LINE#         635
  C:21ABH         LINE#         636
  C:21B1H         LINE#         637
  C:21B1H         LINE#         639
  C:21B7H         LINE#         641
  C:21C2H         LINE#         643
  C:21C6H         LINE#         644
  C:21C6H         LINE#         645
  C:21DDH         LINE#         646
  C:21F8H         LINE#         647
  C:21F8H         LINE#         648
  C:21FAH         LINE#         649
  -------         ENDPROC       _ISO15693_GET_SYSTEM_INFORMATION
  -------         PROC          _ISO15693_GET_MULTIPLE_BLOCK_SECURITY
  D:0021H         SYMBOL        flags
  D:0022H         SYMBOL        uid
  D:0025H         SYMBOL        blnr
  D:0026H         SYMBOL        nbl
  D:0027H         SYMBOL        resplen
  D:002AH         SYMBOL        resp
  -------         DO            
  D:002DH         SYMBOL        cnt
  D:002EH         SYMBOL        status
  D:002FH         SYMBOL        MfComData
  D:0072H         SYMBOL        pi
  -------         ENDDO         
  C:1CA0H         LINE#         654
  C:1CA8H         LINE#         660
  C:1CA8H         LINE#         664
  C:1CB1H         LINE#         666
  C:1CB8H         LINE#         667
BL51 BANKED LINKER/LOCATER V6.22                                                      06/07/2017  15:27:12  PAGE 87


  C:1CBCH         LINE#         668
  C:1CBEH         LINE#         669
  C:1CC8H         LINE#         671
  C:1CCBH         LINE#         672
  C:1CCEH         LINE#         673
  C:1CD1H         LINE#         674
  C:1CD4H         LINE#         675
  C:1CD9H         LINE#         677
  C:1CD9H         LINE#         678
  C:1CECH         LINE#         679
  C:1CF2H         LINE#         680
  C:1CF2H         LINE#         681
  C:1CF9H         LINE#         682
  C:1CFBH         LINE#         683
  C:1D02H         LINE#         685
  C:1D0CH         LINE#         687
  C:1D17H         LINE#         689
  C:1D1BH         LINE#         690
  C:1D1BH         LINE#         691
  C:1D32H         LINE#         692
  C:1D4DH         LINE#         693
  C:1D4DH         LINE#         694
  C:1D4FH         LINE#         695
  -------         ENDPROC       _ISO15693_GET_MULTIPLE_BLOCK_SECURITY
  -------         ENDMOD        ISO15693

  -------         MODULE        ?C?COPY
  C:0B6EH         PUBLIC        ?C?COPY
  -------         ENDMOD        ?C?COPY

  -------         MODULE        ?C?CLDPTR
  C:0B94H         PUBLIC        ?C?CLDPTR
  -------         ENDMOD        ?C?CLDPTR

  -------         MODULE        ?C?CLDOPTR
  C:0BADH         PUBLIC        ?C?CLDOPTR
  -------         ENDMOD        ?C?CLDOPTR

  -------         MODULE        ?C?CILDPTR
  C:0BDAH         PUBLIC        ?C?CILDPTR
  -------         ENDMOD        ?C?CILDPTR

  -------         MODULE        ?C?CSTPTR
  C:0BFCH         PUBLIC        ?C?CSTPTR
  -------         ENDMOD        ?C?CSTPTR

  -------         MODULE        ?C?CSTOPTR
  C:0C0EH         PUBLIC        ?C?CSTOPTR
  -------         ENDMOD        ?C?CSTOPTR

  -------         MODULE        ?C?ILDOPTR
  C:0C30H         PUBLIC        ?C?ILDOPTR
  -------         ENDMOD        ?C?ILDOPTR

  -------         MODULE        ?C?ISTOPTR
  C:0C68H         PUBLIC        ?C?ISTOPTR
  -------         ENDMOD        ?C?ISTOPTR
BL51 BANKED LINKER/LOCATER V6.22                                                      06/07/2017  15:27:12  PAGE 88



  -------         MODULE        ?C?CCASE
  C:0C95H         PUBLIC        ?C?CCASE
  -------         ENDMOD        ?C?CCASE

  -------         MODULE        ?C?ICASE
  C:0CBBH         PUBLIC        ?C?ICASE
  -------         ENDMOD        ?C?ICASE

Program Size: data=190.6 xdata=0 code=14167
LINK/LOCATE RUN COMPLETE.  0 WARNING(S),  0 ERROR(S)
