C51 COMPILER V9.00   DELAY                                                                 06/07/2017 15:27:12 PAGE 1   


C51 COMPILER V9.00, COMPILATION OF MODULE DELAY
OBJECT MODULE PLACED IN .\out\delay.obj
COMPILER INVOKED BY: D:\Keil C51\C51\BIN\C51.EXE src\delay.c BROWSE INCDIR(.\inc) DEBUG OBJECTEXTEND PRINT(.\delay.lst) 
                    -OBJECT(.\out\delay.obj)

line level    source

   1          #include <intrins.h>
   2          #include "delay.h"
   3          
   4          
   5          
   6          void delay(unsigned int i)
   7          {
   8   1              unsigned char j;
   9   1              while(i--) 
  10   1                      for(j=0;j<200;j++);
  11   1      }
  12          
  13          
  14          void DelayMs(unsigned int _MS)
  15          {
  16   1              unsigned char  i=0;
  17   1              while(_MS--)
  18   1              {
  19   2             for(i=0;i<120;i++)
  20   2                {
  21   3                       _nop_();_nop_();_nop_();_nop_();
  22   3                
  23   3                }
  24   2         }
  25   1      }
  26          void Delay_50us(unsigned char _50us)
  27          {
  28   1          unsigned char i;
  29   1              while(_50us--)
  30   1              for(i=0;i<25;i++);
  31   1      }
  32          
  33          void delay_ms(unsigned int num)
  34          {
  35   1          unsigned int x,y;
  36   1          for(x=num; x>0; x--)
  37   1            for(y=500; y>0; y--);
  38   1      }


MODULE INFORMATION:   STATIC OVERLAYABLE
   CODE SIZE        =     96    ----
   CONSTANT SIZE    =   ----    ----
   XDATA SIZE       =   ----    ----
   PDATA SIZE       =   ----    ----
   DATA SIZE        =   ----    ----
   IDATA SIZE       =   ----    ----
   BIT SIZE         =   ----    ----
END OF MODULE INFORMATION.


C51 COMPILATION COMPLETE.  0 WARNING(S),  0 ERROR(S)
