C51 COMPILER V9.00   MAIN                                                                  06/07/2017 15:27:11 PAGE 1   


C51 COMPILER V9.00, COMPILATION OF MODULE MAIN
OBJECT MODULE PLACED IN .\out\MAIN.obj
COMPILER INVOKED BY: D:\Keil C51\C51\BIN\C51.EXE src\MAIN.C BROWSE INCDIR(.\inc) DEBUG OBJECTEXTEND PRINT(.\MAIN.lst) OB
                    -JECT(.\out\MAIN.obj)

line level    source

   1          #include <STC12C5A60S2.h>
   2          #include <string.h>
   3          #include <intrins.h>
   4          #include "main.h"
   5          #include "slrc632.h"
   6          #include "iso14443a.h"
   7          #include "iso14443b.h"
   8          #include "iso15693.h" 
   9          #include "uart1.h"
  10          #include "delay.h"
  11          
  12          
  13          //硬件版本号         
  14          unsigned char code hardmodel[18]  = {"RC632toUSB Ver2.0"};  
  15          
  16          bit g_bReceOk;                                              //正确接收到上位机指令标志
  17          bit g_bReceAA;                                              //接收到上位机发送的AA字节标志
  18          bit g_bRc632Ok;                                             //RC632复位正常标志
  19          bit g_bIblock;
  20          
  21          
  22          unsigned int idata   g_cReceNum;                       //接收到上位机的字节数
  23          unsigned int  data g_cCommand;                              //接收到的命令码
  24          unsigned char data g_cSNR[4];                               //M1卡序列号
  25          unsigned char g_cIcdevH;                                    //设备标记
  26          unsigned char g_cIcdevL;                                    //设备标记
  27          unsigned char g_cFWI;                                       //
  28          unsigned char idata  g_cCidNad;                                    //
  29          unsigned char idata g_cReceBuf[64];                         //和上位机通讯时的缓冲区
  30          
  31          unsigned char count=0;
  32          unsigned char ant=0;
  33          struct TranSciveBuffer{unsigned char MfCommand;
  34                                 unsigned int  MfLength;
  35                                 unsigned char MfData[64];
  36                                };
  37                                                    
  38          extern unsigned int RXCounter1;
  39          extern unsigned char rev_finish_flag1;
  40          
  41          void BEEP(unsigned char i)
  42          {
  43   1          unsigned char k;
  44   1              k=i*200;
  45   1          sond =  1;
  46   1              delay(k);
  47   1              sond =0;
  48   1      }
  49          
  50          
  51          void antsel(char i)
  52          {
  53   1              switch(i)
  54   1              {
C51 COMPILER V9.00   MAIN                                                                  06/07/2017 15:27:11 PAGE 2   

  55   2                      case 1:                 //选择1号天线                    
  56   2                              bianma0 =0;
  57   2                  bianma1=0;
  58   2                  bianma2=0;
  59   2                          LED_ANT1 = 1;
  60   2                              P2 &= 0XC0;             //1100 0000
  61   2                  LED_ANT8 = 0;                       
  62   2                              break;
  63   2                      case 2:                 //选择2号天线
  64   2                              bianma0=0;
  65   2                              bianma1=0;
  66   2                              bianma2=1;
  67   2                              LED_ANT1 = 0;
  68   2                              P2 &= 0XC0;
  69   2                              P2 |= 0X01;             //0000 0001
  70   2                              LED_ANT8 = 0;           
  71   2                              break;
  72   2                      case 3:                 //选择3号天线
  73   2                              bianma0=0;
  74   2                  bianma1=1;
  75   2                  bianma2=0;
  76   2                              LED_ANT1 = 0;
  77   2                              P2 &= 0XC0;
  78   2                              P2 |= 0X02;             //0000 0010
  79   2                  LED_ANT8 = 0;
  80   2                              break;
  81   2                      case 4:                 //选择4号天线
  82   2                          bianma0=0;
  83   2                  bianma1=1;
  84   2                  bianma2=1;
  85   2                              LED_ANT1 = 0;
  86   2                              P2 &= 0XC0;
  87   2                              P2 |= 0X04;             //0000 0100
  88   2                  LED_ANT8 = 0;
  89   2                              break;
  90   2                      case 5:                 //选择5号天线
  91   2                              bianma0=1;
  92   2                  bianma1=0;
  93   2                  bianma2=0;
  94   2                              LED_ANT1 = 0;
  95   2                              P2 &= 0XC0;
  96   2                              P2 |= 0X08;             //0000 1000
  97   2                  LED_ANT8 = 0;
  98   2                              break;
  99   2                      case 6:                 //选择6号天线
 100   2                              bianma0=1;
 101   2                      bianma1=0;
 102   2                      bianma2=1;
 103   2                              LED_ANT1 = 0;
 104   2                              P2 &= 0XC0;
 105   2                              P2 |= 0XD0;     //1101 0000
 106   2                  LED_ANT8 = 0;
 107   2                              break;
 108   2                      case 7:                 //选择7号天线
 109   2                              bianma0=1;
 110   2                  bianma1=1;
 111   2                  bianma2=0;
 112   2                              LED_ANT1 = 0;
 113   2                              P2 &= 0XC0;
 114   2                              P2 |= 0XE0;      //1110 0000
 115   2                  LED_ANT8 = 0;
 116   2                              break;
C51 COMPILER V9.00   MAIN                                                                  06/07/2017 15:27:11 PAGE 3   

 117   2                      case 8:                 //选择8号天线
 118   2                              bianma0=1;
 119   2                  bianma1=1;
 120   2                  bianma2=1;
 121   2                              LED_ANT1 = 0;
 122   2                              P2 &= 0XC0;        //1100 0000
 123   2                  LED_ANT8 = 1;
 124   2                              break;
 125   2                       }
 126   1                       
 127   1                       TI   = 0;                              
 128   1               SBUF = 0xAA;
 129   1               while (!TI);
 130   1      
 131   1                       TI   = 0;                                  
 132   1               SBUF = 0xBB;
 133   1               while (!TI); 
 134   1      
 135   1                       TI   = 0;                                  
 136   1               SBUF = 0x06;
 137   1               while (!TI);
 138   1      
 139   1                       TI   = 0;                               
 140   1               SBUF = 0x00;
 141   1               while (!TI);
 142   1      
 143   1                   TI   = 0;                                
 144   1               SBUF = 0x00;
 145   1               while (!TI);
 146   1      
 147   1                   TI   = 0;                                
 148   1               SBUF = 0x00;
 149   1               while (!TI);
 150   1      
 151   1                   TI   = 0;                                 
 152   1               SBUF = 0xFF;
 153   1               while (!TI);
 154   1      
 155   1                   TI   = 0;                                  
 156   1               SBUF = 0x11;
 157   1               while (!TI);
 158   1      
 159   1                   TI   = 0;                                
 160   1               SBUF = g_cReceBuf[8];
 161   1               while (!TI);
 162   1      
 163   1                   TI   = 0;                                 
 164   1               SBUF = g_cReceBuf[9];
 165   1               while (!TI);
 166   1      }
 167                                                    
 168          void main( )
 169          {    
 170   1              InitializeSystem( );
 171   1              Rc632Ready( ); 
 172   1              sond =0;
 173   1      
 174   1              P1M1 = 0x00;       //P1.0、P1.1、P1.2推挽输出
 175   1              P1M0 = 0x07;
 176   1                
 177   1              P2M1 = 0x00;       //P2.0-P2.5推挽输出
 178   1              P2M0 = 0x3f;
C51 COMPILER V9.00   MAIN                                                                  06/07/2017 15:27:11 PAGE 4   

 179   1               
 180   1              P4M1 = 0x00;       //P4.0、P4.4推挽输出
 181   1              P4M0 = 0x11;
 182   1                
 183   1              antsel(1);
 184   1              while ( 1 )                                              
 185   1              {
 186   2                      if(rev_finish_flag1==1)
 187   2                      {
 188   3                              delay_ms(20);
 189   3                              rev_finish_flag1 = 0;
 190   3                              RXCounter1 = 0;
 191   3                              g_cCommand = ((unsigned int)(g_cReceBuf[7]<<8))+(unsigned int)g_cReceBuf[6];
 192   3                              RC632_CE=0;   
 193   3                      switch(g_cCommand)      
 194   3                              {
 195   4                                      case 0x11FF:
 196   4                                              antsel(g_cReceBuf[8]);      //选择天线
 197   4                                              break;
 198   4      
 199   4                                      case 0x0101:
 200   4                                              ComSetBound();               
 201   4                                              break;
 202   4      
 203   4                                      case 0x0104:
 204   4                                              ComGetHardModel();           
 205   4                                              break;
 206   4      
 207   4                                      case 0x0108:
 208   4                                              ComM632PcdConfigISOType();   
 209   4                                              break;  
 210   4      
 211   4                                      case 0x010C:
 212   4                                              ComPcdAntenna();             
 213   4                                              break; 
 214   4                                        
 215   4                                      case 0x0201:
 216   4                                              ComRequestA();       //寻卡
 217   4                                              break;  
 218   4      
 219   4                                      case 0x0202:
 220   4                                              ComAnticoll();      //读卡
 221   4                                              BEEP(2);                        //读到卡，蜂鸣器响                                      
 222   4                                              break;        
 223   4      
 224   4                              case 0x0203:
 225   4                                              ComSelect();                 
 226   4                                              break;
 227   4      
 228   4                                      case 0x0204:
 229   4                                              ComHlta();                   
 230   4                                              break;
 231   4      
 232   4                                      case 0x0207:
 233   4                                              ComAuthentication();         
 234   4                                              break; 
 235   4      
 236   4                                      case 0x0208:
 237   4                                              ComM1Read();                 
 238   4                                              break;
 239   4      
 240   4                                      case 0x0209:
C51 COMPILER V9.00   MAIN                                                                  06/07/2017 15:27:11 PAGE 5   

 241   4                                              ComM1Write();                
 242   4                                              break;
 243   4      
 244   4                                      case 0x020A:
 245   4                                              ComM1Initval();              
 246   4                                              break; 
 247   4      
 248   4                                      case 0x020B:
 249   4                                              ComM1Readval();              
 250   4                                              break;
 251   4      
 252   4                              case 0x020C:
 253   4                              ComM1Decrement();            
 254   4                                              break;
 255   4      
 256   4                              case 0x020D:
 257   4                                      ComM1Increment();            
 258   4                                              break;  
 259   4      
 260   4                              case 0x020E:
 261   4                                      ComM1Restore();              
 262   4                                              break;
 263   4      
 264   4                      case 0x020F:
 265   4                                      ComM1Transfer();             
 266   4                                              break; 
 267   4      
 268   4                      case 0x0210:
 269   4                                      ComTypeARst();               
 270   4                                              break; 
 271   4      
 272   4                      case 0x0211:
 273   4                              ComTypeACOS();               
 274   4                                              break; 
 275   4      
 276   4                                      case 0x0212:
 277   4                              ComUL_PcdAnticoll();         
 278   4                                              break; 
 279   4      
 280   4                                      case 0x0213:
 281   4                                      ComUL_PcdWrite();            
 282   4                                              break;
 283   4      
 284   4                              case 0x0301:
 285   4                              ComTypeBRst();               
 286   4                                              break;  
 287   4                        // case 0x1E:
 288   4                        //      ComAttrib();    break;
 289   4                              case 0x0302:
 290   4                              ComHltb();                   
 291   4                                              break;
 292   4      
 293   4                      case 0x0303:
 294   4                              ComCL_Deselect();            
 295   4                                              break;    
 296   4      
 297   4                              case 0x0401:
 298   4                              ComRF020Check();             
 299   4                                              break; 
 300   4      
 301   4                     case 0x0402:
 302   4                          ComRF020Read();              
C51 COMPILER V9.00   MAIN                                                                  06/07/2017 15:27:11 PAGE 6   

 303   4                                              break;
 304   4      
 305   4                              case 0x0403:
 306   4                              ComRF020Write();             
 307   4                                              break;
 308   4      
 309   4                              case 0x0404:
 310   4                              ComRF020Lock();              
 311   4                                              break;
 312   4      
 313   4                      case 0x0405:    
 314   4                              ComRF020Count();             
 315   4                                              break;
 316   4      
 317   4                      case 0x0406:    
 318   4                                      ComRF020Deselect();         
 319   4                                                       break;
 320   4      
 321   4                                      case 0x0501:
 322   4                              ComSelectSR();               
 323   4                                              break;
 324   4      
 325   4                              case 0x0502:
 326   4                              ComCompletionSR();           
 327   4                                              break; 
 328   4      
 329   4                              case 0x0503:
 330   4                              ComReadSR176();              
 331   4                                              break;  
 332   4      
 333   4                              case 0x0504:
 334   4                              ComWriteSR176();             
 335   4                                              break;   
 336   4      
 337   4                                      case 0x0505:
 338   4                                      ComProtectSR176();           
 339   4                                              break;  
 340   4                              case 0x0506:
 341   4                                      ComReadSR4K();               
 342   4                                              break; 
 343   4                                               
 344   4                      case 0x0507:
 345   4                              ComWriteSR4K();              
 346   4                                              break;
 347   4                                                    
 348   4                              case 0x0508:
 349   4                              ComAuthSR4K();               
 350   4                                              break;
 351   4                                                
 352   4                              case 0x0509:
 353   4                              ComGetUIDSR4K();             
 354   4                                              break; 
 355   4      
 356   4                              case 0x050A:
 357   4                              ComProtectSR4K();            
 358   4                                              break; 
 359   4      
 360   4                              case 0x1000:
 361   4                              ComISO15693_Inventory16();   
 362   4                                              break;
 363   4      
 364   4                              case 0x1001:
C51 COMPILER V9.00   MAIN                                                                  06/07/2017 15:27:11 PAGE 7   

 365   4                              ComISO15693_Inventory();     
 366   4                                              break;
 367   4      
 368   4                              case 0x1002:
 369   4                              ComISO15693_Stay_Quiet();    
 370   4                                              break;
 371   4      
 372   4                                      case 0x1003:
 373   4                              ComISO15693_Select();        
 374   4                                              break;
 375   4      
 376   4                              case 0x1004:
 377   4                              ComISO15693_Reset_To_Ready();
 378   4                                              break;
 379   4      
 380   4                              case 0x1005:
 381   4                              ComISO15693_Read_sm();       
 382   4                                              break;
 383   4      
 384   4                              case 0x1006:
 385   4                              ComISO15693_Write_sm();      
 386   4                                              break;
 387   4      
 388   4                      case 0x1007:
 389   4                              ComISO15693_Lock_Block();    
 390   4                                              break;
 391   4      
 392   4                      case 0x1008:
 393   4                              ComISO15693_Write_AFI();     
 394   4                                              break;
 395   4      
 396   4                              case 0x1009:
 397   4                              ComISO15693_Lock_AFI();      
 398   4                                              break;
 399   4      
 400   4                      case 0x100A:
 401   4                              ComISO15693_Write_DSFID();   
 402   4                                              break;
 403   4      
 404   4                      case 0x100B:
 405   4                              ComISO15693_Lock_DSFID();    
 406   4                                              break;
 407   4      
 408   4                      case 0x100C:
 409   4                              ComISO15693_Get_System_Information();     
 410   4                                              break;
 411   4      
 412   4                              case 0x100D:
 413   4                              ComISO15693_Get_Multiple_Block_Security();
 414   4                                              break;  
 415   4      
 416   4                      default:
 417   4                              AnswerErr( FAULT11 );         
 418   4                                              break;
 419   4                                      }
 420   3      
 421   3                   RC632_CE=1;
 422   3                   ES = 1;
 423   3                               EA=1;
 424   3                }
 425   2           }
 426   1      }
C51 COMPILER V9.00   MAIN                                                                  06/07/2017 15:27:11 PAGE 8   

 427          
 428          
 429          
 430          /////////////////////////////////////////////////////////////////////
 431          //系统初始化
 432          /////////////////////////////////////////////////////////////////////
 433          
 434          void InitializeSystem()
 435          {
 436   1          TMOD &= 0x0F;
 437   1          TMOD |= 0x21;
 438   1          PCON |= 0x80;
 439   1          SCON  = 0x50;
 440   1          TH1 = TL1 = BOUND9600; 
 441   1          TR1=1;
 442   1              P3M1 = 0x00;            //初始化P3.3口为准双向口
 443   1          P3M0 = 0x08;
 444   1          P0 = P1 = P2 = P3 = 0xFF;
 445   1         
 446   1          IE |= 0x90;
 447   1      }
 448          
 449          
 450          /////////////////////////////////////////////////////////////////////
 451          //初始化RC632
 452          /////////////////////////////////////////////////////////////////////
 453          void Rc632Ready()
 454          {
 455   1          char status;
 456   1          delay(100);
 457   1          status = PcdReset();
 458   1          if(status != MI_OK)
 459   1          {
 460   2              delay(10);
 461   2              status = PcdReset();
 462   2          } 
 463   1          if(status != MI_OK)
 464   1          {
 465   2              delay(10);
 466   2              status = PcdReset();
 467   2          } 
 468   1          if(status == MI_OK)
 469   1          {
 470   2              g_bRc632Ok = 1;
 471   2          }       
 472   1      }
 473                  
 474          /////////////////////////////////////////////////////////////////////
 475          //响应上位机发送的设置波特率命令
 476          /////////////////////////////////////////////////////////////////////
 477          void ComSetBound()
 478          {
 479   1          unsigned char bound = g_cReceBuf[6];
 480   1          if (bound > 7)
 481   1          {   AnswerErr(FAULT12);    }
 482   1          else
 483   1          {
 484   2              AnswerCommandOk();
 485   2              TR1 = 0;
 486   2               
 487   2              switch(bound)
 488   2              {
C51 COMPILER V9.00   MAIN                                                                  06/07/2017 15:27:11 PAGE 9   

 489   3                       case 0:
 490   3                            TH1=TL1=BOUND4800;
 491   3                            break;
 492   3                       case 1:
 493   3                            TH1=TL1=BOUND9600;
 494   3                            break;
 495   3                       case 2:
 496   3                            TH1=TL1=BOUND14400;
 497   3                            break;
 498   3                       case 3:
 499   3                            TH1=TL1=BOUND19200;
 500   3                            break;
 501   3                       case 4:
 502   3                            TH1=TL1=BOUND28800;
 503   3                            break;
 504   3                       case 5:
 505   3                            TH1=TL1=BOUND38400;
 506   3                            break;
 507   3                       case 6:
 508   3                            TH1=TL1=BOUND57600;
 509   3                            break;
 510   3                       case 7:
 511   3                            TH1=TL1=BOUND115200;
 512   3                            break;
 513   3                       default:
 514   3                            break;
 515   3              }
 516   2              TR1 = 1;
 517   2           }          
 518   1      }
 519          
 520          
 521          /////////////////////////////////////////////////////////////////////
 522          //响应上位机发送的读取硬件版本号命令
 523          /////////////////////////////////////////////////////////////////////
 524          void ComGetHardModel()
 525          {
 526   1          memcpy(&g_cReceBuf[0], &hardmodel[0], sizeof(hardmodel));
 527   1          AnswerOk(&g_cReceBuf[0], sizeof(hardmodel));
 528   1      }    
 529          
 530              
 531          /////////////////////////////////////////////////////////////////////
 532          //响应上位机发送的设置RC632协议命令，ISO14443A/B或ISO15693
 533          /////////////////////////////////////////////////////////////////////
 534          void ComM632PcdConfigISOType()
 535          {
 536   1           if (MI_OK == PcdConfigISOType(g_cReceBuf[6]))
 537   1           {    AnswerCommandOk();    }
 538   1           else
 539   1           {    AnswerErr(-1);   }  
 540   1      } 
 541             
 542          /////////////////////////////////////////////////////////////////////
 543          //响应上位机发送的天线命令
 544          /////////////////////////////////////////////////////////////////////
 545          void ComPcdAntenna()
 546          {
 547   1          char status;
 548   1          if (!g_cReceBuf[6])
 549   1          {   status = PcdAntennaOff();   }
 550   1          else
C51 COMPILER V9.00   MAIN                                                                  06/07/2017 15:27:11 PAGE 10  

 551   1          {  
 552   2              DelayMs(10); 
 553   2              status = PcdAntennaOn();
 554   2              DelayMs(10);
 555   2          }
 556   1          if (status == MI_OK)
 557   1          {   AnswerCommandOk();    }
 558   1          else 
 559   1          {   AnswerErr(FAULT10);   }
 560   1      }    
 561          
 562          /////////////////////////////////////////////////////////////////////
 563          //响应上位机发送的寻A卡命令
 564          /////////////////////////////////////////////////////////////////////
 565          void ComRequestA()
 566          {
 567   1          unsigned char atq[2];
 568   1              char status;
 569   1              status = PcdRequest(g_cReceBuf[8], atq);
 570   1              if (status != MI_OK)
 571   1              {    status = PcdRequest(g_cReceBuf[8], atq);   }
 572   1          if (status == MI_OK)
 573   1          {    AnswerOk(atq,2);     }
 574   1          else
 575   1          {    AnswerErr(FAULT20);   }        
 576   1      }
 577          
 578          /////////////////////////////////////////////////////////////////////
 579          //响应上位机发送的A卡防冲撞命令
 580          /////////////////////////////////////////////////////////////////////
 581          void ComAnticoll()
 582          { 
 583   1          if (MI_OK == PcdAnticoll(&g_cSNR))
 584   1          {    AnswerOk(&g_cSNR,4);  }
 585   1          else
 586   1          {    AnswerErr(FAULT10);   }        
 587   1      }
 588          
 589          /////////////////////////////////////////////////////////////////////
 590          //响应上位机发送的A卡锁定命令
 591          /////////////////////////////////////////////////////////////////////
 592          void ComSelect()
 593          {
 594   1          if (MI_OK == PcdSelect(&g_cReceBuf[6], &g_cReceBuf[0]))
 595   1          {    AnswerOk(&g_cReceBuf[0], 1);      }
 596   1          else
 597   1          {    AnswerErr(FAULT10);   }        
 598   1      }
 599          
 600          /////////////////////////////////////////////////////////////////////
 601          //响应上位机发送的A卡休眠命令
 602          /////////////////////////////////////////////////////////////////////
 603          void ComHlta()
 604          {
 605   1          if (MI_OK == PcdHalt())
 606   1          {    AnswerCommandOk();    }
 607   1          else
 608   1          {    AnswerErr(FAULT10);   }        
 609   1      }
 610          
 611          /////////////////////////////////////////////////////////////////////
 612          //响应上位机发送的A卡验证密钥命令
C51 COMPILER V9.00   MAIN                                                                  06/07/2017 15:27:11 PAGE 11  

 613          /////////////////////////////////////////////////////////////////////
 614          void ComAuthentication()
 615          {       
 616   1          char status = MI_COM_ERR;
 617   1          unsigned char *pkeys,*pSNR;
 618   1          pkeys = &g_cReceBuf[20];
 619   1          pSNR  = &g_cSNR;
 620   1          if (MI_OK == ChangeCodeKey(&g_cReceBuf[8],pkeys))                       //转换密钥格式
 621   1          {    
 622   2              if (MI_OK == PcdAuthKey(pkeys))                                     //传送密钥到RC500FIFO
 623   2              {
 624   3                   status = PcdAuthState(g_cReceBuf[6], g_cReceBuf[7], pSNR);     //验证密钥
 625   3              }
 626   2          }
 627   1          if (status == MI_OK)
 628   1          {    AnswerCommandOk();    }
 629   1          else
 630   1          {    AnswerErr(FAULT22);   }
 631   1      }    
 632          
 633          ///////////////////  //////////////////////////////////////////////////
 634          //响应上位机读M1卡命令
 635          /////////////////////////////////////////////////////////////////////
 636          void ComM1Read()
 637          {
 638   1          if (MI_OK == PcdRead(g_cReceBuf[6], &g_cReceBuf[0]))
 639   1          {    AnswerOk(&g_cReceBuf[0], 16);  }
 640   1          else
 641   1          {    AnswerErr(FAULT23);            }
 642   1      }
 643          
 644          /////////////////////////////////////////////////////////////////////
 645          //响应上位机写M1卡命令
 646          /////////////////////////////////////////////////////////////////////
 647          void ComM1Write()
 648          {
 649   1          if (MI_OK == PcdWrite(g_cReceBuf[6], &g_cReceBuf[7]))
 650   1          {    AnswerCommandOk();    }
 651   1          else
 652   1          {    AnswerErr(FAULT24);   }
 653   1      }
 654          
 655          /////////////////////////////////////////////////////////////////////
 656          //响应上位机初始化钱包命令
 657          /////////////////////////////////////////////////////////////////////
 658          void ComM1Initval()
 659          {
 660   1          g_cReceBuf[11]=~g_cReceBuf[7];g_cReceBuf[12]=~g_cReceBuf[8];
 661   1          g_cReceBuf[13]=~g_cReceBuf[9];g_cReceBuf[14]=~g_cReceBuf[10];
 662   1          g_cReceBuf[15]=g_cReceBuf[7];g_cReceBuf[16]=g_cReceBuf[8];
 663   1          g_cReceBuf[17]=g_cReceBuf[9];g_cReceBuf[18]=g_cReceBuf[10];
 664   1          g_cReceBuf[19]=g_cReceBuf[6];g_cReceBuf[20]=~g_cReceBuf[6];
 665   1          g_cReceBuf[21]=g_cReceBuf[6];g_cReceBuf[22]=~g_cReceBuf[6];
 666   1          if (MI_OK == PcdWrite(g_cReceBuf[6], &g_cReceBuf[7]))
 667   1          {    AnswerCommandOk();    }
 668   1          else
 669   1          {    AnswerErr(FAULT24);   }
 670   1      }
 671          
 672          /////////////////////////////////////////////////////////////////////
 673          //响应上位机读钱包命令
 674          /////////////////////////////////////////////////////////////////////
C51 COMPILER V9.00   MAIN                                                                  06/07/2017 15:27:11 PAGE 12  

 675          void ComM1Readval()
 676          {
 677   1          if (MI_OK == PcdRead(g_cReceBuf[6], &g_cReceBuf[0]))
 678   1          {    AnswerOk(&g_cReceBuf[0], 4);   }
 679   1          else
 680   1          {    AnswerErr(FAULT23);         }
 681   1      }
 682          
 683          /////////////////////////////////////////////////////////////////////
 684          //响应上位机扣款命令
 685          /////////////////////////////////////////////////////////////////////
 686          void ComM1Decrement()
 687          {
 688   1          if (MI_OK == PcdValue(PICC_DECREMENT, g_cReceBuf[6], &g_cReceBuf[7]))
 689   1          {    AnswerCommandOk();    }
 690   1          else
 691   1          {    AnswerErr(FAULT24);   }
 692   1      }
 693              
 694          /////////////////////////////////////////////////////////////////////
 695          //响应上位机充值命令
 696          /////////////////////////////////////////////////////////////////////
 697          void ComM1Increment()
 698          {
 699   1          if (MI_OK == PcdValue(PICC_INCREMENT, g_cReceBuf[6], &g_cReceBuf[7]))
 700   1          {    AnswerCommandOk();    }
 701   1          else
 702   1          {    AnswerErr(FAULT24);   }
 703   1      }
 704           
 705          /////////////////////////////////////////////////////////////////////
 706          //响应上位机M1卡回传命令
 707          /////////////////////////////////////////////////////////////////////
 708          void ComM1Restore()
 709          {
 710   1          if (MI_OK == PcdRestore(g_cReceBuf[6]))
 711   1          {    AnswerCommandOk();    }
 712   1          else
 713   1          {    AnswerErr(FAULT23);   }
 714   1      }
 715          
 716          /////////////////////////////////////////////////////////////////////
 717          //响应上位机M1卡值传送命令
 718          /////////////////////////////////////////////////////////////////////
 719          void ComM1Transfer()
 720          {
 721   1          if (MI_OK == PcdTransfer(g_cReceBuf[6]))
 722   1          {    AnswerCommandOk();    }
 723   1          else
 724   1          {    AnswerErr(FAULT24);   }
 725   1      }
 726          
 727          /////////////////////////////////////////////////////////////////////
 728          //响应上位机ultra light防冲撞命令
 729          /////////////////////////////////////////////////////////////////////
 730          void ComUL_PcdAnticoll()
 731          {
 732   1          if (MI_OK == UL_PcdAnticoll(&g_cReceBuf[0]))
 733   1          {   AnswerOk(&g_cReceBuf[0], 7);  }
 734   1          else
 735   1          {   AnswerErr(FAULT10);    }    
 736   1      }
C51 COMPILER V9.00   MAIN                                                                  06/07/2017 15:27:11 PAGE 13  

 737          
 738          /////////////////////////////////////////////////////////////////////
 739          //响应上位机ultra light写卡命令
 740          /////////////////////////////////////////////////////////////////////
 741          void ComUL_PcdWrite()
 742          {
 743   1          if (MI_OK == UL_PcdWrite(g_cReceBuf[6], &g_cReceBuf[7]))
 744   1          {   AnswerCommandOk();   }
 745   1          else
 746   1          {   AnswerErr(FAULT24);  }    
 747   1      }
 748          
 749          
 750          
 751          /////////////////////////////////////////////////////////////////////
 752          //响应上位机TYPEA卡高级复位命令
 753          /////////////////////////////////////////////////////////////////////
 754          void ComTypeARst()
 755          {
 756   1          unsigned char status,i;
 757   1          i = (FSDI << 4) & 0xF0;
 758   1          status = PcdRequest(g_cReceBuf[6], &g_cReceBuf[0]);
 759   1          
 760   1          if (status != MI_OK)
 761   1          {   status = PcdRequest(g_cReceBuf[6], &g_cReceBuf[0]);   }
 762   1      
 763   1          if (status == MI_OK)
 764   1          {   status =  PcdAnticoll(&g_cReceBuf[1]);   }
 765   1          
 766   1          if (status == MI_OK)
 767   1          {   status =  PcdSelect(&g_cReceBuf[1], &g_cReceBuf[6]);   }
 768   1          
 769   1      
 770   1          if (status == MI_OK)
 771   1          {   
 772   2              g_cFWI         = 0xff;//g_cReceBuf[8]>>4;
 773   2              g_cReceBuf[0] += 4;
 774   2              g_cCidNad      = 0;//(g_cReceBuf[9] & 0x03) << 2;
 775   2              AnswerOk(&g_cReceBuf[1], g_cReceBuf[0]);
 776   2          }
 777   1          else
 778   1          {   AnswerErr(FAULT21);    }
 779   1      }   
 780          
 781          void ComTypeACOS()
 782          {
 783   1          g_cReceBuf[0] -= 5;
 784   1          if (MI_OK == MifareProCom(g_cCidNad, g_cFWI, &g_cReceBuf[0], &g_cReceBuf[6]))
 785   1          {   AnswerOk(&g_cReceBuf[6], g_cReceBuf[0]);   }
 786   1          else
 787   1          {   AnswerErr(FAULT10);    }
 788   1      } 
 789           
 790          /////////////////////////////////////////////////////////////////////
 791          //响应上位机高级复位TYPEB卡命令
 792          /////////////////////////////////////////////////////////////////////
 793          /*
 794          void ComTypeBRst()
 795          {
 796              unsigned char status;
 797                  
 798              if ((status = M531PiccRequestB(g_cReceBuf[6], 0, 0, &g_cReceBuf[0])) == MI_OK) 
C51 COMPILER V9.00   MAIN                                                                  06/07/2017 15:27:11 PAGE 14  

 799              {   
 800                  g_cFWI    = 0xFF;//g_cReceBuf[11] >> 4; 
 801                  g_cCidNad = 8;//((g_cReceBuf[11]&0x02)<<1) | ((g_cReceBuf[11]&0x01)<<3);
 802           //       status = M531PiccAttrib(&g_cReceBuf[1], g_cReceBuf[10]&0x0F, &g_cReceBuf[12]);   
 803            //  }
 804          
 805           //   if (status == MI_OK)              {
 806                 AnswerOk(&g_cReceBuf[0], 12);   }
 807              else
 808              {   AnswerErr(FAULT21);    }
 809          }
 810          */
 811          
 812          void ComTypeBRst()
 813          {
 814   1          unsigned char status;
 815   1              
 816   1          if ((status = M531PiccRequestB(g_cReceBuf[6], 0, 0, &g_cReceBuf[0])) == MI_OK)                                                       
 817   1          {   
 818   2              g_cFWI    = 0xFF;//g_cReceBuf[11] >> 4; 
 819   2              g_cCidNad = 8;//((g_cReceBuf[11]&0x02)<<1) | ((g_cReceBuf[11]&0x01)<<3);
 820   2              status = M531PiccAttrib(&g_cReceBuf[1], g_cReceBuf[10]&0x0F, &g_cReceBuf[12]);   
 821   2          }
 822   1      
 823   1          if (status == MI_OK)
 824   1          { 
 825   2              if ((status = Get_UID_TypeB(&g_cReceBuf[0])) == MI_OK)  
 826   2              AnswerOk(&g_cReceBuf[0], 12);   }
 827   1          else
 828   1          {   AnswerErr(FAULT21);    }
 829   1      
 830   1      }               
 831                          
 832          
 833          /////////////////////////////////////////////////////////////////////
 834          //响应上位机HLTB3命令
 835          /////////////////////////////////////////////////////////////////////
 836          void ComHltb()
 837          {
 838   1          if (MI_OK == M531PiccHltb(&g_cReceBuf[6]))
 839   1          {    AnswerCommandOk();    }
 840   1          else
 841   1          {    AnswerErr(FAULT10);   }
 842   1              M531PiccAttrib(&g_cReceBuf[1], g_cReceBuf[10]&0x0F, &g_cReceBuf[12]);
 843   1      } 
 844          
 845          /////////////////////////////////////////////////////////////////////
 846          //响应上位机HLTB4命令
 847          /////////////////////////////////////////////////////////////////////
 848          void ComCL_Deselect()
 849          {
 850   1          if (MI_OK == CL_Deselect(0))
 851   1          {    AnswerCommandOk();    }
 852   1          else
 853   1          {    AnswerErr(FAULT10);   }
 854   1      }
 855          
 856          /////////////////////////////////////////////////////////////////////
 857          //响应上位机AT88RF020卡验证密钥命令
 858          /////////////////////////////////////////////////////////////////////
 859          void ComRF020Check()    
 860          {
C51 COMPILER V9.00   MAIN                                                                  06/07/2017 15:27:11 PAGE 15  

 861   1          if (MI_OK == At88rf020Check(&g_cReceBuf[6]))
 862   1          {    AnswerCommandOk();    }
 863   1          else
 864   1          {    AnswerErr(FAULT22);   }
 865   1      }
 866          
 867          /////////////////////////////////////////////////////////////////////
 868          //响应上位机AT88RF020卡读命令
 869          /////////////////////////////////////////////////////////////////////
 870          void ComRF020Read()     
 871          {
 872   1          if (MI_OK == At88rf020Read(g_cReceBuf[6], &g_cReceBuf[0]))
 873   1          {    AnswerOk(&g_cReceBuf[0],8);   }
 874   1          else
 875   1          {    AnswerErr(FAULT23);         }
 876   1      }
 877          
 878          /////////////////////////////////////////////////////////////////////
 879          //响应上位机AT88RF020卡写命令
 880          /////////////////////////////////////////////////////////////////////
 881          void ComRF020Write()    
 882          {
 883   1          if (MI_OK == At88rf020Write(g_cReceBuf[6], &g_cReceBuf[7]))
 884   1          {    AnswerCommandOk();    }
 885   1          else
 886   1          {    AnswerErr(FAULT24);   }
 887   1      }
 888          
 889          /////////////////////////////////////////////////////////////////////
 890          //响应上位机AT88RF020卡LOCK命令
 891          /////////////////////////////////////////////////////////////////////
 892          void ComRF020Lock()     
 893          {
 894   1          if (MI_OK == At88rf020Lock(&g_cReceBuf[6]))
 895   1          {    AnswerCommandOk();    }
 896   1          else
 897   1          {    AnswerErr(FAULT24);   }
 898   1      }
 899          
 900          /////////////////////////////////////////////////////////////////////
 901          //响应上位机AT88RF020卡COUNT命令
 902          /////////////////////////////////////////////////////////////////////
 903          void ComRF020Count()    
 904          {
 905   1          if (MI_OK == At88rf020Count(&g_cReceBuf[6]))
 906   1          {    AnswerCommandOk();    }
 907   1          else
 908   1          {    AnswerErr(FAULT24);   }
 909   1      }
 910          
 911          /////////////////////////////////////////////////////////////////////
 912          //响应上位机AT88RF020卡DESELECT命令
 913          /////////////////////////////////////////////////////////////////////
 914          void ComRF020Deselect() 
 915          {
 916   1          if (MI_OK == At88rf020Deselect())
 917   1          {    AnswerCommandOk();    }
 918   1          else
 919   1          {    AnswerErr(FAULT10);   }
 920   1      }
 921          
 922          
C51 COMPILER V9.00   MAIN                                                                  06/07/2017 15:27:11 PAGE 16  

 923          /////////////////////////////////////////////////////////////////////
 924          //响应上位机激活ST卡片命令
 925          /////////////////////////////////////////////////////////////////////
 926          void ComSelectSR()
 927          {
 928   1          if(MI_OK == SelectSR(&g_cReceBuf[0]))
 929   1          {    AnswerOk(&g_cReceBuf[0],1);   }
 930   1          else
 931   1          {    AnswerErr(FAULT20);    }    
 932   1      }
 933          
 934          /////////////////////////////////////////////////////////////////////
 935          //响应上位机SR176读块命令
 936          /////////////////////////////////////////////////////////////////////
 937          void ComReadSR176()
 938          {
 939   1          if (MI_OK == ReadSR176(g_cReceBuf[6], &g_cReceBuf[0]))
 940   1          {    AnswerOk(&g_cReceBuf[0],2);   }
 941   1          else
 942   1          {    AnswerErr(FAULT23);    }    
 943   1      }
 944          
 945          /////////////////////////////////////////////////////////////////////
 946          //响应上位机SR176写块命令
 947          /////////////////////////////////////////////////////////////////////
 948          void ComWriteSR176()
 949          {
 950   1          char status;
 951   1          if((status = WriteSR176(g_cReceBuf[6], &g_cReceBuf[7])) == MI_OK)
 952   1          {
 953   2              DelayMs(5);
 954   2              status = ReadSR176(g_cReceBuf[6], &g_cReceBuf[0]);
 955   2              if((status==MI_OK) && (g_cReceBuf[0]==g_cReceBuf[7]) && (g_cReceBuf[1]==g_cReceBuf[8]))
 956   2              {   AnswerCommandOk();   }
 957   2              else
 958   2              {   AnswerErr(FAULT24);  } 
 959   2          }
 960   1          else
 961   1          {    AnswerErr(FAULT24);    }    
 962   1      }
 963          
 964          /////////////////////////////////////////////////////////////////////
 965          //响应上位机SR176块锁定命令
 966          /////////////////////////////////////////////////////////////////////
 967          void ComProtectSR176()
 968          {
 969   1          char status;
 970   1          if ((status = GetProtSR176(g_cReceBuf[0])) == MI_OK)
 971   1          {
 972   2              status = ProtectSR176(g_cReceBuf[6]);
 973   2              if (status == MI_OK)
 974   2              {
 975   3                   DelayMs(5);
 976   3                   status = GetProtSR176(g_cReceBuf[1]);
 977   3                   if ((g_cReceBuf[0]|g_cReceBuf[6]) != g_cReceBuf[1])
 978   3                   {    status = MI_COM_ERR;   }
 979   3              }
 980   2          }    
 981   1          if (status == MI_OK) 
 982   1          {   AnswerCommandOk();   }
 983   1          else
 984   1          {   AnswerErr(FAULT24);  } 
C51 COMPILER V9.00   MAIN                                                                  06/07/2017 15:27:11 PAGE 17  

 985   1      }
 986          
 987          /////////////////////////////////////////////////////////////////////
 988          //响应上位机SR176卡COMPLETION命令
 989          /////////////////////////////////////////////////////////////////////
 990          void ComCompletionSR()
 991          {
 992   1          if (MI_OK == CompletionSR())
 993   1          {    AnswerCommandOk();   }
 994   1          else
 995   1          {    AnswerErr(FAULT10);  }    
 996   1      }
 997          
 998          /////////////////////////////////////////////////////////////////////
 999          //响应上位机SRIX4K读块命令
1000          /////////////////////////////////////////////////////////////////////
1001          void ComReadSR4K()
1002          {
1003   1          if (MI_OK == ReadSR4K(g_cReceBuf[6], &g_cReceBuf[0]))
1004   1          {    AnswerOk(&g_cReceBuf[0],4);    }
1005   1          else
1006   1          {    AnswerErr(FAULT23);    }    
1007   1      }
1008          
1009          /////////////////////////////////////////////////////////////////////
1010          //响应上位机SRIX4K写块命令
1011          /////////////////////////////////////////////////////////////////////
1012          void ComWriteSR4K()
1013          {
1014   1          char status;
1015   1          if ((status = WriteSR4K(g_cReceBuf[6], &g_cReceBuf[7])) == MI_OK)
1016   1          {
1017   2              DelayMs(7);
1018   2              status = ReadSR4K(g_cReceBuf[6], &g_cReceBuf[0]);
1019   2              if ((status==MI_OK) && (g_cReceBuf[0]==g_cReceBuf[7]) && (g_cReceBuf[1]==g_cReceBuf[8])
1020   2                  && (g_cReceBuf[2]==g_cReceBuf[9]) && (g_cReceBuf[3]==g_cReceBuf[10]))
1021   2              {   AnswerCommandOk();   }
1022   2              else
1023   2              {   AnswerErr(FAULT24);  } 
1024   2          }
1025   1          else
1026   1          {   AnswerErr(FAULT24);    }    
1027   1      }
1028          
1029          /////////////////////////////////////////////////////////////////////
1030          //响应上位机SRIX4K卡AUTHENTICATE命令
1031          /////////////////////////////////////////////////////////////////////
1032          void ComAuthSR4K()
1033          {
1034   1          if (MI_OK == AuthSR4K(&g_cReceBuf[6], &g_cReceBuf[0]))
1035   1          {   AnswerOk(&g_cReceBuf[0], 3);  }
1036   1          else
1037   1          {   AnswerErr(FAULT22);    }    
1038   1      }
1039          
1040          /////////////////////////////////////////////////////////////////////
1041          //响应上位机SRIX4K读UID命令
1042          /////////////////////////////////////////////////////////////////////
1043          void ComGetUIDSR4K()
1044          {
1045   1          if (MI_OK == GetUIDSR4K(&g_cReceBuf[0]))
1046   1          {   AnswerOk(&g_cReceBuf[0], 8);  }
C51 COMPILER V9.00   MAIN                                                                  06/07/2017 15:27:11 PAGE 18  

1047   1          else
1048   1          {   AnswerErr(FAULT23);    }    
1049   1      }
1050          
1051          /////////////////////////////////////////////////////////////////////
1052          //响应上位机SRIX4K块锁定命令
1053          /////////////////////////////////////////////////////////////////////
1054          void ComProtectSR4K()
1055          {
1056   1          char status;
1057   1          if ((status = ReadSR4K(0xFF, &g_cReceBuf[0])) == MI_OK)
1058   1          {
1059   2              status = WriteSR4K(0xFF, &g_cReceBuf[6]);
1060   2              if (status == MI_OK)
1061   2              {
1062   3                   DelayMs(7);
1063   3                   status = ReadSR4K(0xFF, &g_cReceBuf[1]);
1064   3                   if ((g_cReceBuf[0]&g_cReceBuf[6]) != g_cReceBuf[1])
1065   3                   {    status = MI_COM_ERR;   }
1066   3              }
1067   2          }    
1068   1          if (status == MI_OK )
1069   1          {   AnswerCommandOk();   }
1070   1          else
1071   1          {   AnswerErr(FAULT24);  } 
1072   1      }
1073          
1074          
1075          /////////////////////////////////////////////////////////////////////
1076          //响应上位机ISO15693_Inventory命令
1077          /////////////////////////////////////////////////////////////////////
1078          void ComISO15693_Inventory16()
1079          {
1080   1           if (MI_OK == ISO15693_Inventory16(0x16,0x00,0x00,&g_cReceBuf[0],&g_cReceBuf[0], &g_cReceBuf[1]))
1081   1           {   AnswerOk(&g_cReceBuf[1], g_cReceBuf[0]);  }
1082   1           else
1083   1           {   AnswerErr( FAULT20 );   } 
1084   1      }
1085          
1086          /////////////////////////////////////////////////////////////////////
1087          //响应上位机ISO15693_Inventory命令
1088          /////////////////////////////////////////////////////////////////////
1089          void ComISO15693_Inventory()
1090          {
1091   1           if (MI_OK == ISO15693_Inventory(0x36,0x00,0x00,&g_cReceBuf[0],&g_cReceBuf[0]))
1092   1           {   AnswerOk(&g_cReceBuf[0], 9);  }
1093   1           else
1094   1           {   AnswerErr( FAULT20 );   } 
1095   1      }
1096               
1097          /////////////////////////////////////////////////////////////////////
1098          //响应上位机ISO15693_Stay_Quiet命令
1099          /////////////////////////////////////////////////////////////////////
1100          void ComISO15693_Stay_Quiet()
1101          {
1102   1           if (MI_OK == ISO15693_Stay_Quiet(0x22, &g_cReceBuf[6])) 
1103   1           {   AnswerCommandOk();   }
1104   1           else
1105   1           {   AnswerErr(FAULT10);  } 
1106   1      }
1107          
1108          /////////////////////////////////////////////////////////////////////
C51 COMPILER V9.00   MAIN                                                                  06/07/2017 15:27:11 PAGE 19  

1109          //响应上位机ISO15693_Select命令
1110          /////////////////////////////////////////////////////////////////////     
1111          void ComISO15693_Select()
1112          {
1113   1           if (MI_OK == ISO15693_Select(0x22, &g_cReceBuf[6]))
1114   1           {   AnswerCommandOk();   }
1115   1           else
1116   1           {   AnswerErr(FAULT10);  } 
1117   1      }
1118          
1119          /////////////////////////////////////////////////////////////////////
1120          //响应上位机ISO15693_Reset_To_Ready命令
1121          /////////////////////////////////////////////////////////////////////     
1122          void ComISO15693_Reset_To_Ready()
1123          {
1124   1           unsigned char flags = 0x02;
1125   1           flags |= g_cReceBuf[6] << 4;
1126   1           if (MI_OK == ISO15693_Reset_To_Ready(flags, &g_cReceBuf[7]) )
1127   1           {   AnswerCommandOk();   }
1128   1           else
1129   1           {   AnswerErr(FAULT10);  } 
1130   1      }
1131          
1132          /////////////////////////////////////////////////////////////////////
1133          //响应上位机ISO15693_Read命令
1134          /////////////////////////////////////////////////////////////////////     
1135          void ComISO15693_Read_sm()
1136          {
1137   1           unsigned char flags = 0x02;
1138   1           flags |= g_cReceBuf[6] << 4;
1139   1           if (MI_OK == ISO15693_Read_sm(flags,&g_cReceBuf[7],g_cReceBuf[15],g_cReceBuf[16],&g_cReceBuf[0],&g_cR
             -eceBuf[1])) 
1140   1           {   AnswerOk(&g_cReceBuf[1],g_cReceBuf[0]);  }
1141   1           else
1142   1           {   AnswerErr(FAULT23);    } 
1143   1      }
1144          
1145          /////////////////////////////////////////////////////////////////////
1146          //响应上位机ISO15693_Write命令
1147          /////////////////////////////////////////////////////////////////////     
1148          void ComISO15693_Write_sm()
1149          {
1150   1           unsigned char flags = 0x02;
1151   1           flags |= g_cReceBuf[6] << 4;
1152   1           if (MI_OK == ISO15693_Write_sm(flags, &g_cReceBuf[7], g_cReceBuf[15], &g_cReceBuf[16]) )
1153   1           {   AnswerCommandOk();   }
1154   1           else
1155   1           {   AnswerErr(FAULT24);  } 
1156   1      }
1157          
1158          /////////////////////////////////////////////////////////////////////
1159          //响应上位机ISO15693_Lock_Block命令
1160          /////////////////////////////////////////////////////////////////////     
1161          void ComISO15693_Lock_Block()
1162          {
1163   1           unsigned char flags = 0x02;
1164   1           flags |= g_cReceBuf[6] << 4;
1165   1           if (MI_OK == ISO15693_Lock_Block(flags, &g_cReceBuf[7], g_cReceBuf[15]))
1166   1           {   AnswerCommandOk();   }
1167   1           else
1168   1           {   AnswerErr(FAULT24);  } 
1169   1      }
C51 COMPILER V9.00   MAIN                                                                  06/07/2017 15:27:11 PAGE 20  

1170          
1171          /////////////////////////////////////////////////////////////////////
1172          //响应上位机ISO15693_Write_AFI命令
1173          /////////////////////////////////////////////////////////////////////     
1174          void ComISO15693_Write_AFI()
1175          {
1176   1           unsigned char flags = 0x02;
1177   1           flags |= g_cReceBuf[6] << 4;
1178   1           if (MI_OK == ISO15693_Write_AFI(flags, &g_cReceBuf[7], g_cReceBuf[15])) 
1179   1           {   AnswerCommandOk();   }
1180   1           else
1181   1           {   AnswerErr(FAULT24);  } 
1182   1      }
1183          
1184          /////////////////////////////////////////////////////////////////////
1185          //响应上位机ISO15693_Lock_AFI命令
1186          /////////////////////////////////////////////////////////////////////     
1187          void ComISO15693_Lock_AFI()
1188          {
1189   1           unsigned char flags = 0x02;
1190   1           flags |= g_cReceBuf[6] << 4;
1191   1           if (MI_OK == ISO15693_Lock_AFI(flags, &g_cReceBuf[7]) )
1192   1           {   AnswerCommandOk();   }
1193   1           else
1194   1           {   AnswerErr(FAULT24);  } 
1195   1      }
1196          
1197          /////////////////////////////////////////////////////////////////////
1198          //响应上位机ISO15693_Write_DSFID命令
1199          /////////////////////////////////////////////////////////////////////     
1200          void ComISO15693_Write_DSFID()
1201          {
1202   1           unsigned char flags = 0x02;
1203   1           flags |= g_cReceBuf[6] << 4;
1204   1           if (MI_OK == ISO15693_Write_DSFID(flags, &g_cReceBuf[7], g_cReceBuf[15]) )
1205   1           {   AnswerCommandOk();   }
1206   1           else
1207   1           {   AnswerErr(FAULT24);  } 
1208   1      }
1209          
1210          /////////////////////////////////////////////////////////////////////
1211          //响应上位机ISO15693_Lock_DSFID命令
1212          /////////////////////////////////////////////////////////////////////     
1213          void ComISO15693_Lock_DSFID()
1214          {
1215   1           unsigned char flags = 0x02;
1216   1           flags |= g_cReceBuf[6] << 4;
1217   1           if (MI_OK == ISO15693_Lock_DSFID(flags, &g_cReceBuf[7])) 
1218   1           {   AnswerCommandOk();   }
1219   1           else
1220   1           {   AnswerErr(FAULT24);  } 
1221   1      }
1222          
1223          /////////////////////////////////////////////////////////////////////
1224          //响应上位机ISO15693_Get_System_Information命令
1225          /////////////////////////////////////////////////////////////////////     
1226          void ComISO15693_Get_System_Information()
1227          {
1228   1           unsigned char flags = 0x02;
1229   1           flags |= g_cReceBuf[6] << 4;
1230   1           if (MI_OK == ISO15693_Get_System_Information(flags, &g_cReceBuf[7], &g_cReceBuf[0], &g_cReceBuf[1])) 
1231   1           {   AnswerOk(&g_cReceBuf[1],g_cReceBuf[0]);  }
C51 COMPILER V9.00   MAIN                                                                  06/07/2017 15:27:11 PAGE 21  

1232   1           else
1233   1           {   AnswerErr(FAULT23);   } 
1234   1      }
1235          
1236          /////////////////////////////////////////////////////////////////////
1237          //响应上位机ISO15693_Get_Multiple_Block_Security命令
1238          /////////////////////////////////////////////////////////////////////     
1239          void ComISO15693_Get_Multiple_Block_Security()
1240          {
1241   1           unsigned char flags = 0x02;
1242   1           flags |= g_cReceBuf[6] << 4;
1243   1           if (MI_OK == ISO15693_Get_Multiple_Block_Security(flags,&g_cReceBuf[7],g_cReceBuf[15],g_cReceBuf[16],
             -&g_cReceBuf[0],&g_cReceBuf[1])) 
1244   1           {   AnswerOk(&g_cReceBuf[1],g_cReceBuf[0]);  }
1245   1           else
1246   1           {   AnswerErr(FAULT23);  } 
1247   1      }
1248          
1249          /////////////////////////////////////////////////////////////////////
1250          //正确执行完上位机指令，应答（无返回数据）
1251          /////////////////////////////////////////////////////////////////////
1252          void AnswerCommandOk()
1253          {    
1254   1           unsigned char i,chkdata;
1255   1           chkdata = 0;
1256   1           
1257   1           TI   = 0;                         //发送命令头          
1258   1           SBUF = 0xAA;
1259   1           while (!TI);           
1260   1           TI   = 0;
1261   1           SBUF = 0xBB;
1262   1           while (!TI);
1263   1           
1264   1           TI   = 0;                         //发送长度字
1265   1           SBUF = 0x06;
1266   1           while (!TI);           
1267   1           TI   = 0;
1268   1           SBUF = 0x00; 
1269   1           while (!TI);           
1270   1                
1271   1           TI   = 0;                         //发送设备标识
1272   1           SBUF = g_cIcdevH;
1273   1           while (!TI);
1274   1           if (g_cIcdevH == 0xAA)
1275   1           {
1276   2              TI   = 0;
1277   2              SBUF = 0;
1278   2              while (!TI);
1279   2           }
1280   1           TI   = 0; 
1281   1           SBUF = g_cIcdevL; 
1282   1           while (!TI);
1283   1           if (g_cIcdevL == 0xAA)
1284   1           {
1285   2              TI   = 0;
1286   2              SBUF = 0;
1287   2              while (!TI);
1288   2           }
1289   1           
1290   1           TI   = 0;                         //发送命令码                     
1291   1           i = (unsigned char)(g_cCommand & 0xFF);
1292   1           SBUF = i;
C51 COMPILER V9.00   MAIN                                                                  06/07/2017 15:27:11 PAGE 22  

1293   1           chkdata ^= i;
1294   1           while (!TI);
1295   1      
1296   1           TI   = 0;                         //发送命令码 
1297   1           i = (unsigned char)((g_cCommand >>8) & 0xFF);
1298   1           SBUF = i;
1299   1           chkdata ^= i;
1300   1           while (!TI);
1301   1      
1302   1           TI   = 0;                         //发送状态字
1303   1           SBUF = 0;
1304   1           while (!TI);           
1305   1           
1306   1           TI   = 0;                         //发送效验字
1307   1           chkdata ^= g_cIcdevH^ g_cIcdevL;
1308   1           SBUF = chkdata;
1309   1           while (!TI);           
1310   1           if (chkdata == 0xAA)
1311   1           {
1312   2              TI   = 0;
1313   2              SBUF = 0;
1314   2              while (!TI);
1315   2           }
1316   1           TI = 0;
1317   1           ES = 1;
1318   1      }
1319          
1320          /////////////////////////////////////////////////////////////////////
1321          //正确执行完上位机指令，应答（有返回数据）
1322          //input：answerdata = 应答数据
1323          //       answernum  = 数据长度
1324          /////////////////////////////////////////////////////////////////////
1325          void AnswerOk(unsigned char *answerdata, unsigned int answernum)
1326          {    
1327   1           unsigned char chkdata;
1328   1           unsigned int i;
1329   1           
1330   1           TI   = 0;                         //发送命令头          
1331   1           SBUF = 0xAA;
1332   1           while (!TI);           
1333   1           TI   = 0;
1334   1           SBUF = 0xBB;
1335   1           while (!TI);
1336   1           
1337   1           TI   = 0;                         //长度字，包括状态字和效验字
1338   1           chkdata = (((unsigned char)((answernum + 6) & 0xFF)));
1339   1           SBUF = chkdata;
1340   1           while (!TI);           
1341   1           TI   = 0;
1342   1           chkdata = (((unsigned char)(((answernum + 6)>>8) & 0xFF)));
1343   1           SBUF = chkdata;
1344   1           while (!TI);           
1345   1           
1346   1           TI   = 0;                         //发送设备标识
1347   1           SBUF = g_cIcdevH;
1348   1           while(!TI);
1349   1           if (g_cIcdevH == 0xAA)
1350   1           {
1351   2              TI   = 0;
1352   2              SBUF = 0;
1353   2              while (!TI);
1354   2           }
C51 COMPILER V9.00   MAIN                                                                  06/07/2017 15:27:11 PAGE 23  

1355   1           TI   = 0;
1356   1           SBUF = g_cIcdevL;
1357   1           while(!TI);
1358   1           if (g_cIcdevL == 0xAA)
1359   1           {
1360   2              TI   = 0;
1361   2              SBUF = 0;
1362   2              while (!TI);
1363   2           }
1364   1           
1365   1           TI   = 0;                         //发送命令码 
1366   1           i = (unsigned char)(g_cCommand & 0xFF);
1367   1               SBUF = i;
1368   1               chkdata ^= i;
1369   1           while (!TI);
1370   1      
1371   1               TI   = 0;                         //发送命令码 
1372   1           i = (unsigned char)((g_cCommand >>8) & 0xFF);
1373   1               SBUF = i;
1374   1               chkdata ^= i;
1375   1           while (!TI);
1376   1           
1377   1           TI   = 0;                         //状态字
1378   1           SBUF = 0;
1379   1           while (!TI);           
1380   1           
1381   1           chkdata ^= g_cIcdevH ^ g_cIcdevL;
1382   1           for (i=0; i<answernum; i++)
1383   1           {    
1384   2                TI   = 0;
1385   2                chkdata ^= *(answerdata+i);
1386   2                SBUF = *(answerdata+i);                
1387   2                while (!TI);
1388   2                if (*(answerdata + i) == 0xAA)
1389   2                {
1390   3                    TI   = 0;
1391   3                    SBUF = 0;
1392   3                    while (!TI);
1393   3                }
1394   2           }
1395   1           
1396   1           TI   = 0;                         //效验字
1397   1           SBUF = chkdata;
1398   1           while(!TI);           
1399   1           
1400   1           if (chkdata == 0xAA)
1401   1           {
1402   2               TI=0;
1403   2               SBUF=0;
1404   2               while (!TI);
1405   2           }
1406   1           
1407   1           TI = 0;
1408   1           ES = 1;
1409   1      }
1410          
1411          /////////////////////////////////////////////////////////////////////
1412          //未能正确执行上位机指令，应答
1413          //input:faultcode = 错误代码
1414          /////////////////////////////////////////////////////////////////////
1415          void AnswerErr(char faultcode)
1416          {    
C51 COMPILER V9.00   MAIN                                                                  06/07/2017 15:27:11 PAGE 24  

1417   1           unsigned char i,chkdata;
1418   1           chkdata = 0;
1419   1      
1420   1           TI   = 0;                         //发送命令头          
1421   1           SBUF = 0xAA;
1422   1           while (!TI);           
1423   1           TI   = 0;
1424   1           SBUF = 0xBB;
1425   1           while (!TI);
1426   1           
1427   1           TI   = 0;                         //发送长度字
1428   1           SBUF = 0x06;
1429   1           while (!TI);           
1430   1           TI   = 0;
1431   1           SBUF = 0x00; 
1432   1           while (!TI);           
1433   1                
1434   1           TI   = 0;                         //发送设备标识
1435   1           SBUF = g_cIcdevH;
1436   1           while (!TI);
1437   1           if (g_cIcdevH == 0xAA)
1438   1           {
1439   2              TI   = 0;
1440   2              SBUF = 0;
1441   2              while (!TI);
1442   2           }
1443   1           TI   = 0; 
1444   1           SBUF = g_cIcdevL; 
1445   1           while (!TI);
1446   1           if (g_cIcdevL == 0xAA)
1447   1           {
1448   2              TI   = 0;
1449   2              SBUF = 0;
1450   2              while (!TI);
1451   2           }
1452   1           
1453   1           TI   = 0;                         //发送命令码                     
1454   1           i = (unsigned char)(g_cCommand & 0xFF);
1455   1               SBUF = i;
1456   1               chkdata ^= i;
1457   1           while (!TI);
1458   1      
1459   1               TI   = 0;                         //发送命令码 
1460   1           i = (unsigned char)((g_cCommand >>8) & 0xFF);
1461   1               SBUF = i;
1462   1               chkdata ^= i;
1463   1           while (!TI);
1464   1      
1465   1           TI   = 0;                         //发送错误代码
1466   1           SBUF = faultcode;
1467   1           while (!TI);              
1468   1           
1469   1           chkdata = g_cIcdevH ^ g_cIcdevL ^ faultcode;
1470   1           TI   = 0;                         //效验字
1471   1           SBUF = chkdata;
1472   1           while (!TI);
1473   1           
1474   1           TI   = 0;
1475   1           ES   = 1;
1476   1      }
1477          
1478          
C51 COMPILER V9.00   MAIN                                                                  06/07/2017 15:27:11 PAGE 25  

1479          
1480          
1481          


MODULE INFORMATION:   STATIC OVERLAYABLE
   CODE SIZE        =   3736    ----
   CONSTANT SIZE    =     18    ----
   XDATA SIZE       =   ----    ----
   PDATA SIZE       =   ----    ----
   DATA SIZE        =     11      18
   IDATA SIZE       =     67    ----
   BIT SIZE         =      4    ----
END OF MODULE INFORMATION.


C51 COMPILATION COMPLETE.  0 WARNING(S),  0 ERROR(S)
