C51 COMPILER V9.00   SLRC632                                                               06/07/2017 15:27:11 PAGE 1   


C51 COMPILER V9.00, COMPILATION OF MODULE SLRC632
OBJECT MODULE PLACED IN .\out\SlRc632.obj
COMPILER INVOKED BY: D:\Keil C51\C51\BIN\C51.EXE src\SlRc632.C BROWSE INCDIR(.\inc) DEBUG OBJECTEXTEND PRINT(.\SlRc632.l
                    -st) OBJECT(.\out\SlRc632.obj)

line level    source

   1          //#include <reg52.h>
   2          #include <STC12C5A60S2.h>
   3          #include <intrins.h>
   4          #include <absacc.h>
   5          #include <string.h>
   6          #include "main.h"
   7          #include "slrc632.h"
   8          #include "iso15693.h" 
   9          #include "delay.h"
  10          
  11          #define FSD 64
  12          
  13          
  14          
  15          extern struct TranSciveBuffer{unsigned char MfCommand;
  16                                        unsigned int  MfLength;
  17                                        unsigned char MfData[64];
  18                                       };
  19                                                                                                                          
  20                                                                                                                  
  21          
  22          unsigned char ReadRawRC(unsigned char Address)
  23          {
  24   1              return inportb(Gpbase+Address);            }
  25          
  26          
  27          void  WriteRawRC(unsigned char Address, unsigned char value)
  28          {  
  29   1              outportb(Gpbase+Address,value);
  30   1      }
  31          
  32          
  33          
  34          
  35          
  36          
  37          
  38          /////////////////////////////////////////////////////////////////////
  39          //复位并初始化RC632
  40          //注意:RC500上电后应延时500ms才能可靠初始化
  41          /////////////////////////////////////////////////////////////////////
  42          char PcdReset()
  43          {
  44   1         char status = MI_OK;
  45   1         char n = 0xFF;
  46   1         unsigned int i = 3000;
  47   1      
  48   1         RC632_CE=0;
  49   1         RC632_RST=0;
  50   1         DelayMs(50);
  51   1         RC632_RST=1;
  52   1         DelayMs(5);
  53   1         RC632_RST=0;
  54   1         RC632_CE=0;
C51 COMPILER V9.00   SLRC632                                                               06/07/2017 15:27:11 PAGE 2   

  55   1         DelayMs(5);
  56   1      
  57   1         while (i!=0 && n)
  58   1         {
  59   2            n = ReadRawRC(RegCommand);
  60   2            i--;
  61   2         }
  62   1      
  63   1         if (i != 0)
  64   1         {
  65   2            WriteRawRC(RegPage,0x80);
  66   2            n = 0x80;
  67   2            while ( (i!=0) && (n&0x80) )
  68   2            {
  69   3                n = ReadRawRC(RegCommand);
  70   3                i--;
  71   3            }
  72   2            if (i==0 || (n&0xFF))
  73   2            {   status = MI_RESETERR;   }
  74   2         }
  75   1         else
  76   1         {    status = MI_RESETERR;     }
  77   1         
  78   1         if (status == MI_OK)
  79   1         {    WriteRawRC(RegPage,0x0);  }
  80   1         
  81   1         return status;
  82   1      }
  83          
  84          //////////////////////////////////////////////////////////////////////
  85          //设置RC632的工作方式 
  86          //////////////////////////////////////////////////////////////////////
  87          char PcdConfigISOType(unsigned char type)
  88          {
  89   1         
  90   1         if (type == 'A')                    //ISO14443_A
  91   1         { 
  92   2             ClearBitMask(RegControl,0x08);
  93   2      
  94   2             WriteRawRC(RegClockQControl,0x0);
  95   2             WriteRawRC(RegClockQControl,0x40);
  96   2             Delay_50us(2);                   // wait approximately 100 us - calibration in progress
  97   2             ClearBitMask(RegClockQControl,0x40);
  98   2             
  99   2             WriteRawRC(RegTxControl,0x5b);
 100   2             WriteRawRC(RegCwConductance,0x0F);
 101   2             WriteRawRC(RegModConductance,0x3F);       
 102   2             WriteRawRC(RegCoderControl,0x19);
 103   2             WriteRawRC(RegModWidth,0x13);             
 104   2             WriteRawRC(RegModWidthSOF,0x00);          
 105   2             WriteRawRC(RegTypeBFraming,0x00);
 106   2             
 107   2             WriteRawRC(RegRxControl1,0x73);
 108   2             WriteRawRC(RegDecoderControl,0x08);
 109   2             WriteRawRC(RegBitPhase,0xAD);    
 110   2             WriteRawRC(RegRxThreshold,0xAA);
 111   2             WriteRawRC(RegBPSKDemControl,0);
 112   2             WriteRawRC(RegRxControl2,0x41);
 113   2      
 114   2             WriteRawRC(RegRxWait,0x06);
 115   2             WriteRawRC(RegChannelRedundancy,0x0F);    
 116   2             WriteRawRC(RegCRCPresetLSB,0x63);
C51 COMPILER V9.00   SLRC632                                                               06/07/2017 15:27:11 PAGE 3   

 117   2             WriteRawRC(RegCRCPresetMSB,0x63);
 118   2             WriteRawRC(RegTimeSlotPeriod,0x00);
 119   2             WriteRawRC(RegMfOutSelect,0x00);
 120   2             WriteRawRC(RFU27,0x00);                
 121   2      
 122   2             WriteRawRC(RegFIFOLevel,0x3F);
 123   2             WriteRawRC(RegTimerClock,0x07);
 124   2             WriteRawRC(RegTimerReload,0x0A);
 125   2             WriteRawRC(RegTimerControl,0x06);   
 126   2             WriteRawRC(RegIRqPinConfig,0x02);      
 127   2             WriteRawRC(RFU2E,0x00);
 128   2             WriteRawRC(RFU2F,0x00);    
 129   2      
 130   2             PcdSetTmo(106);
 131   2             DelayMs(1);
 132   2             PcdAntennaOn();
 133   2      
 134   2         }
 135   1         else if (type == 'B')
 136   1         {
 137   2             ClearBitMask(RegControl,0x08);
 138   2      
 139   2             WriteRawRC(RegClockQControl,0x0);
 140   2             WriteRawRC(RegClockQControl,0x40);       //0x3f, Q时钟控制
 141   2             Delay_50us(2);  
 142   2             ClearBitMask(RegClockQControl,0x40);
 143   2             
 144   2             WriteRawRC(RegTxControl,0x4b);                   //0x4b, 13.56MHz
 145   2             WriteRawRC(RegCwConductance,0x17);                       //0x3f, 设置输出驱动的电导系数
 146   2             WriteRawRC(RegModConductance,0x06);              //0x06, 幅移键控ASk 12%       
 147   2             WriteRawRC(RegCoderControl,0x20);          //0x20, TypeB,波特率106kbps, NRZ编码
 148   2             WriteRawRC(RegModWidth,0x13);             
 149   2             WriteRawRC(RegModWidthSOF,0x3F);          
 150   2             WriteRawRC(RegTypeBFraming,0x3B);          //0x23, 定义ISO14443B帧格式
 151   2             
 152   2             WriteRawRC(RegRxControl1,0x73);
 153   2             WriteRawRC(RegDecoderControl,0x19);
 154   2             WriteRawRC(RegBitPhase,0xAD);    
 155   2             WriteRawRC(RegRxThreshold,0x88);         //0x44, 可接收的最小信号强度
 156   2             WriteRawRC(RegBPSKDemControl,0x7E);        //0x3e, 忽略EOF,打开高通滤波
 157   2             WriteRawRC(RegRxControl2,0x01);
 158   2      
 159   2             WriteRawRC(RegRxWait,0x06);                //0x06, 设置接收延时
 160   2             WriteRawRC(RegChannelRedundancy,0x2C);      //0x2c, TypeB接收冗余校验   
 161   2             WriteRawRC(RegCRCPresetLSB,0xFF);         //0xff, CRC预设值
 162   2             WriteRawRC(RegCRCPresetMSB,0xFF);
 163   2             WriteRawRC(RegTimeSlotPeriod,0x00);
 164   2             WriteRawRC(RegMfOutSelect,0x00);
 165   2             WriteRawRC(RFU27,0x00);                
 166   2      
 167   2             WriteRawRC(RegFIFOLevel,0x3F);
 168   2             WriteRawRC(RegTimerClock,0x07);
 169   2             WriteRawRC(RegTimerReload,0x0A);
 170   2             WriteRawRC(RegTimerControl,0x06);  
 171   2             WriteRawRC(RegIRqPinConfig,0x02);       
 172   2             WriteRawRC(RFU2E,0x00);
 173   2             WriteRawRC(RFU2F,0x00);
 174   2             PcdSetTmo(106);
 175   2             DelayMs(1);
 176   2             PcdAntennaOn();
 177   2         }
 178   1         else if (type == 'r')
C51 COMPILER V9.00   SLRC632                                                               06/07/2017 15:27:11 PAGE 4   

 179   1         {
 180   2             ClearBitMask(RegControl,0x08);
 181   2      
 182   2             WriteRawRC(RegClockQControl,0x0);
 183   2             WriteRawRC(RegClockQControl,0x40);
 184   2             Delay_50us(2); 
 185   2             ClearBitMask(RegClockQControl,0x40);
 186   2             
 187   2             WriteRawRC(RegTxControl,0x4b);//8);//?0x4b
 188   2             WriteRawRC(RegCwConductance,0x06);
 189   2             WriteRawRC(RegModConductance,0x03);       
 190   2             WriteRawRC(RegCoderControl,0x20);
 191   2             WriteRawRC(RegModWidth,0x13);             
 192   2             WriteRawRC(RegModWidthSOF,0x00);          
 193   2             WriteRawRC(RegTypeBFraming,0x3B);
 194   2             
 195   2             WriteRawRC(RegRxControl1,0x73);
 196   2             WriteRawRC(RegDecoderControl,0x19);
 197   2             WriteRawRC(RegBitPhase,0xAD);    
 198   2             WriteRawRC(RegRxThreshold,0x88);
 199   2             WriteRawRC(RegBPSKDemControl,0x3E);
 200   2             WriteRawRC(RegRxControl2,0x01);
 201   2      
 202   2             WriteRawRC(RegRxWait,0x06);
 203   2             WriteRawRC(RegChannelRedundancy,0x2C);    
 204   2             WriteRawRC(RegCRCPresetLSB,0xFF);
 205   2             WriteRawRC(RegCRCPresetMSB,0xFF);
 206   2             WriteRawRC(RegTimeSlotPeriod,0x00);
 207   2             WriteRawRC(RegMfOutSelect,0x00);
 208   2             WriteRawRC(RFU27,0x00);                
 209   2      
 210   2             WriteRawRC(RegFIFOLevel,0x1A);
 211   2             WriteRawRC(RegTimerClock,0x07);
 212   2             WriteRawRC(RegTimerReload,0x0A);
 213   2             WriteRawRC(RegTimerControl,0x06);  
 214   2             WriteRawRC(RegIRqPinConfig,0x02);       
 215   2             WriteRawRC(RFU2E,0x00);
 216   2             WriteRawRC(RFU2F,0x00);   
 217   2             PcdSetTmo(106);
 218   2             DelayMs(1);
 219   2             PcdAntennaOn();
 220   2         }
 221   1         else if (type == 's')
 222   1         {
 223   2             ClearBitMask(RegControl,0x08);
 224   2      
 225   2             WriteRawRC(RegClockQControl,0x0);
 226   2             WriteRawRC(RegClockQControl,0x40);
 227   2             Delay_50us(2);  
 228   2             ClearBitMask(RegClockQControl,0x40);
 229   2             
 230   2             WriteRawRC(RegTxControl,0x4b);
 231   2             WriteRawRC(RegCwConductance,0x06);
 232   2             WriteRawRC(RegModConductance,0x03);       
 233   2             WriteRawRC(RegCoderControl,0x20);
 234   2             WriteRawRC(RegModWidth,0x13);             
 235   2             WriteRawRC(RegModWidthSOF,0x00);          
 236   2             WriteRawRC(RegTypeBFraming,0x18);
 237   2             
 238   2             WriteRawRC(RegRxControl1,0x73);
 239   2             WriteRawRC(RegDecoderControl,0x19);
 240   2             WriteRawRC(RegBitPhase,0xAD);    
C51 COMPILER V9.00   SLRC632                                                               06/07/2017 15:27:11 PAGE 5   

 241   2             WriteRawRC(RegRxThreshold,0x88);
 242   2             WriteRawRC(RegBPSKDemControl,0x3E);
 243   2             WriteRawRC(RegRxControl2,0x01);
 244   2       //      WriteRawRC(RegClockQControl,0x00);//?
 245   2      
 246   2             WriteRawRC(RegRxWait,0x06);
 247   2             WriteRawRC(RegChannelRedundancy,0x2C);    
 248   2             WriteRawRC(RegCRCPresetLSB,0xFF);
 249   2             WriteRawRC(RegCRCPresetMSB,0xFF);
 250   2             WriteRawRC(RegTimeSlotPeriod,0x00);
 251   2             WriteRawRC(RegMfOutSelect,0x00);
 252   2             WriteRawRC(RFU27,0x00);                
 253   2      
 254   2             WriteRawRC(RegFIFOLevel,0x3F);
 255   2             WriteRawRC(RegTimerClock,0x07);
 256   2             WriteRawRC(RegTimerReload,0x0A);
 257   2             WriteRawRC(RegTimerControl,0x06);  
 258   2             WriteRawRC(RegIRqPinConfig,0x02);       
 259   2             WriteRawRC(RFU2E,0x00);
 260   2             WriteRawRC(RFU2F,0x00);
 261   2             PcdSetTmo(106);
 262   2             DelayMs(1);
 263   2             PcdAntennaOn();
 264   2         }
 265   1         else if (type == '1')
 266   1         {
 267   2             ClearBitMask(RegControl,0x08);
 268   2      
 269   2             WriteRawRC(RegTxControl,0x48);
 270   2             WriteRawRC(RegCwConductance,0x3F);
 271   2             WriteRawRC(RegModConductance,0x05);       // must be measured for 15% Modulation Index
 272   2             WriteRawRC(RegCoderControl,0x2F);         // 52.97kHz, 1-256 coding
 273   2             WriteRawRC(RegModWidth,0x3F);             // Modulation width: 9.44us
 274   2             WriteRawRC(RegModWidthSOF,0x3F);          // Standard mode: 9.44us
 275   2             WriteRawRC(RegTypeBFraming,0x00);
 276   2             
 277   2             WriteRawRC(RegRxControl1,0x8b);
 278   2             WriteRawRC(RegDecoderControl,0x34);
 279   2             WriteRawRC(RegBitPhase,0xcd);
 280   2             WriteRawRC(RegRxThreshold,0x88);
 281   2             WriteRawRC(RegBPSKDemControl,0);
 282   2             WriteRawRC(RegRxControl2,0x01);
 283   2             WriteRawRC(RegClockQControl,0x00);
 284   2      
 285   2             WriteRawRC(RegRxWait,0x08);
 286   2             WriteRawRC(RegChannelRedundancy,0x2C);    // Enable CRC TX/RX
 287   2             WriteRawRC(RegCRCPresetLSB,0xFF);
 288   2             WriteRawRC(RegCRCPresetMSB,0xFF);
 289   2             WriteRawRC(RegTimeSlotPeriod,0x00);
 290   2             WriteRawRC(RegMfOutSelect,0x00);         // enable SIGOUT = envelope
 291   2             WriteRawRC(RFU27,0x00);                
 292   2      
 293   2             WriteRawRC(RegFIFOLevel,0x38);
 294   2             WriteRawRC(RegTimerClock,0x0B);
 295   2             WriteRawRC(RegTimerReload,0x00);
 296   2             WriteRawRC(RegTimerControl,0x02);         // TStopRxEnd=0,TStopRxBeg=1,
 297   2             WriteRawRC(RFU2E,0x00);
 298   2             WriteRawRC(RFU2F,0x00);
 299   2             DelayMs(1);
 300   2             PcdAntennaOn();
 301   2         }
 302   1         else{ return -1; }
C51 COMPILER V9.00   SLRC632                                                               06/07/2017 15:27:11 PAGE 6   

 303   1         return MI_OK;
 304   1      }
 305          
 306          /////////////////////////////////////////////////////////////////////
 307          //读RC632寄存器位
 308          //input:Address=寄存器地址
 309          //ouput:读出的值
 310          /////////////////////////////////////////////////////////////////////
 311          
 312          //SPI接口
 313          /*
 314          unsigned char ReadRawRC(unsigned char Address)
 315          {
 316               unsigned char i, ucAddr;
 317               unsigned char ucResult=0;
 318          
 319               RC632_SCK = 0;
 320               RC632_NSS = 0;
 321               ucAddr =((Address<<1)&0x7E)|0x80;
 322          
 323               for(i=8;i>0;i--)
 324               {
 325                   RC632_MOSI = ((ucAddr&0x80)==0x80);
 326                   RC632_SCK = 1;
 327                   ucAddr <<= 1;
 328                   RC632_SCK = 0;
 329               }
 330          
 331               for(i=8;i>0;i--)
 332               {
 333                   RC632_SCK = 1;
 334                   ucResult <<= 1;
 335                   ucResult|=(bit)RC632_MISO;
 336                   RC632_SCK = 0;
 337               }
 338          
 339                   RC632_NSS = 1;
 340                   RC632_SCK = 1;
 341               return ucResult;
 342          }
 343          */
 344          
 345          /////////////////////////////////////////////////////////////////////
 346          //写RC632寄存器
 347          //input:Address=寄存器地址
 348          //      value=要写入的值
 349          /////////////////////////////////////////////////////////////////////
 350          
 351          
 352          //SPI接口
 353          /*
 354          void WriteRawRC(unsigned char Address, unsigned char value)
 355          {  
 356              unsigned char i, ucAddr;
 357          
 358              RC632_SCK = 0;
 359              RC632_NSS = 0;
 360              ucAddr = ((Address<<1)&0x7E);
 361          
 362              for(i=8;i>0;i--)
 363              {
 364                  RC632_MOSI = ((ucAddr&0x80)==0x80);
C51 COMPILER V9.00   SLRC632                                                               06/07/2017 15:27:11 PAGE 7   

 365                  RC632_SCK = 1;
 366                  ucAddr <<= 1;
 367                  RC632_SCK = 0;
 368              }
 369          
 370              for(i=8;i>0;i--)
 371              {
 372                  RC632_MOSI = ((value&0x80)==0x80);
 373                  RC632_SCK = 1;
 374                  value <<= 1;
 375                  RC632_SCK = 0;
 376              }
 377                  RC632_NSS = 1;
 378                  RC632_SCK = 1;
 379          }
 380          */
 381          
 382          /////////////////////////////////////////////////////////////////////
 383          //置RC632寄存器位
 384          //input:reg=寄存器地址
 385          //      mask=置位值
 386          /////////////////////////////////////////////////////////////////////
 387          void SetBitMask(unsigned char reg,unsigned char mask)  
 388          {
 389   1          char idata tmp = 0x00;
 390   1         tmp = ReadRawRC(reg);
 391   1         WriteRawRC(reg,tmp | mask);  // set bit mask
 392   1      }
 393          
 394          /////////////////////////////////////////////////////////////////////
 395          //清RC632寄存器位
 396          //input:reg=寄存器地址
 397          //      mask=清位值
 398          /////////////////////////////////////////////////////////////////////
 399          void ClearBitMask(unsigned char reg,unsigned char mask)  
 400          {
 401   1          char idata tmp = 0x00;
 402   1         tmp = ReadRawRC(reg);
 403   1         WriteRawRC(reg, tmp & ~mask);  // clear bit mask
 404   1      } 
 405          
 406          /////////////////////////////////////////////////////////////////////
 407          //设置RC632定时器
 408          //input:tmolength=设置值
 409          /////////////////////////////////////////////////////////////////////
 410          void PcdSetTmo(unsigned char tmoLength)
 411          {
 412   1         switch(tmoLength)
 413   1         {  
 414   2            case 0:                         // (0.302 ms) FWI=0
 415   2               WriteRawRC(RegTimerClock,0x07); // TAutoRestart=0,TPrescale=128
 416   2               WriteRawRC(RegTimerReload,0x21);// TReloadVal = 'h21 =33(dec) 
 417   2               break;
 418   2            case 1:                         // (0.604 ms) FWI=1
 419   2               WriteRawRC(RegTimerClock,0x07); // TAutoRestart=0,TPrescale=128
 420   2               WriteRawRC(RegTimerReload,0x41);// TReloadVal = 'h41 =65(dec) 
 421   2               break;
 422   2            case 2:                         // (1.208 ms) FWI=2
 423   2               WriteRawRC(RegTimerClock,0x07); // TAutoRestart=0,TPrescale=128
 424   2               WriteRawRC(RegTimerReload,0x81);// TReloadVal = 'h81 =129(dec) 
 425   2               break;
 426   2            case 3:                         // (2.416 ms) FWI=3
C51 COMPILER V9.00   SLRC632                                                               06/07/2017 15:27:11 PAGE 8   

 427   2               WriteRawRC(RegTimerClock,0x09); // TAutoRestart=0,TPrescale=4*128
 428   2               WriteRawRC(RegTimerReload,0x41);// TReloadVal = 'h41 =65(dec) 
 429   2               break;
 430   2            case 4:                         // (4.833 ms) FWI=4
 431   2               WriteRawRC(RegTimerClock,0x09); // TAutoRestart=0,TPrescale=4*128
 432   2               WriteRawRC(RegTimerReload,0x81);// TReloadVal = 'h81 =129(dec) 
 433   2               break;
 434   2            case 5:                         // (9.666 ms) FWI=5
 435   2               WriteRawRC(RegTimerClock,0x0B); // TAutoRestart=0,TPrescale=16*128
 436   2               WriteRawRC(RegTimerReload,0x41);// TReloadVal = 'h41 =65(dec) 
 437   2               break;
 438   2            case 6:                         // (19.33 ms) FWI=6
 439   2               WriteRawRC(RegTimerClock,0x0B); // TAutoRestart=0,TPrescale=16*128
 440   2               WriteRawRC(RegTimerReload,0x81);// TReloadVal = 'h81 =129(dec) 
 441   2               break;
 442   2            case 7:                         // (38.66 ms) FWI=7
 443   2               WriteRawRC(RegTimerClock,0x0D); // TAutoRestart=0,TPrescale=64*128
 444   2               WriteRawRC(RegTimerReload,0x41);// TReloadVal = 'h41 =65(dec) 
 445   2               break;
 446   2            case 8:                         // (77.32 ms) FWI=8
 447   2               WriteRawRC(RegTimerClock,0x0D); // TAutoRestart=0,TPrescale=64*128
 448   2               WriteRawRC(RegTimerReload,0x81);// TReloadVal = 'h81 =129(dec) 
 449   2               break;
 450   2            case 9:                         // (154.6 ms) FWI=9
 451   2               WriteRawRC(RegTimerClock,0x0F); // TAutoRestart=0,TPrescale=256*128
 452   2               WriteRawRC(RegTimerReload,0x41);// TReloadVal = 'h41 =65(dec) 
 453   2               break;
 454   2            case 10:                        // (309.3 ms) FWI=10
 455   2               WriteRawRC(RegTimerClock,0x0F); // TAutoRestart=0,TPrescale=256*128
 456   2               WriteRawRC(RegTimerReload,0x81);// TReloadVal = 'h81 =129(dec) 
 457   2               break;
 458   2            case 11:                        // (618.6 ms) FWI=11
 459   2               WriteRawRC(RegTimerClock,0x13); // TAutoRestart=0,TPrescale=4096*128
 460   2               WriteRawRC(RegTimerReload,0x11);// TReloadVal = 'h21 =17(dec) 
 461   2               break;
 462   2            case 12:                        // (1.2371 s) FWI=12
 463   2               WriteRawRC(RegTimerClock,0x13); // TAutoRestart=0,TPrescale=4096*128
 464   2               WriteRawRC(RegTimerReload,0x21);// TReloadVal = 'h41 =33(dec) 
 465   2               break;
 466   2            case 13:                        // (2.4742 s) FWI=13
 467   2               WriteRawRC(RegTimerClock,0x13); // TAutoRestart=0,TPrescale=4096*128
 468   2               WriteRawRC(RegTimerReload,0x41);// TReloadVal = 'h81 =65(dec) 
 469   2               break;
 470   2            case 14:                        // (4.9485 s) FWI=14
 471   2               WriteRawRC(RegTimerClock,0x13); // TAutoRestart=0,TPrescale=4096*128
 472   2               WriteRawRC(RegTimerReload,0x81);// TReloadVal = 'h81 =129(dec) 
 473   2               break;
 474   2            case 15:                        // (4.9485 s) FWI=14
 475   2               WriteRawRC(RegTimerClock,0x9); // TAutoRestart=0,TPrescale=4096*128
 476   2               WriteRawRC(RegTimerReload,0x0ff);// TReloadVal = 'h81 =129(dec) 
 477   2               break;
 478   2            default:                       // 
 479   2               WriteRawRC(RegTimerClock,0x19); // TAutoRestart=0,TPrescale=128
 480   2               WriteRawRC(RegTimerReload,tmoLength);// TReloadVal = 'h6a =tmoLength(dec) 
 481   2               break;
 482   2         }     
 483   1         WriteRawRC(RegTimerControl,0X06);
 484   1      }
 485          
 486          /////////////////////////////////////////////////////////////////////
 487          //通过RC632和ISO14443卡通讯
 488          //input: pi->MfCommand = RC632命令字
C51 COMPILER V9.00   SLRC632                                                               06/07/2017 15:27:11 PAGE 9   

 489          //       pi->MfLength  = 发送的数据长度
 490          //       pi->MfData[]  = 发送数据
 491          //output:status        = 错误字
 492          //       pi->MfLength  = 接收的数据BIT长度
 493          //       pi->MfData[]  = 接收数据
 494          /////////////////////////////////////////////////////////////////////
 495          char PcdComTransceive(struct TranSciveBuffer *pi)
 496          {
 497   1         bit recebyte = 0;
 498   1         char status;
 499   1         unsigned char irqEn   = 0x00;
 500   1         unsigned char waitFor = 0x00;
 501   1         unsigned char lastBits;
 502   1         unsigned char n;
 503   1         unsigned int i;
 504   1         switch (pi->MfCommand)
 505   1         {
 506   2            case PCD_IDLE:
 507   2               irqEn   = 0x00;
 508   2               waitFor = 0x00;
 509   2               break;
 510   2            case PCD_WRITEE2:
 511   2               irqEn   = 0x11;
 512   2               waitFor = 0x10;
 513   2               break;
 514   2            case PCD_READE2:
 515   2               irqEn   = 0x07;
 516   2               waitFor = 0x04;
 517   2               recebyte=1;
 518   2               break;
 519   2            case PCD_LOADCONFIG:
 520   2            case PCD_LOADKEYE2:
 521   2            case PCD_AUTHENT1:
 522   2               irqEn   = 0x05;
 523   2               waitFor = 0x04;
 524   2               break;
 525   2            case PCD_CALCCRC:
 526   2               irqEn   = 0x11;
 527   2               waitFor = 0x10;
 528   2               break;
 529   2            case PCD_AUTHENT2:
 530   2               irqEn   = 0x04;
 531   2               waitFor = 0x04;
 532   2               break;
 533   2            case PCD_RECEIVE:
 534   2               irqEn   = 0x06;
 535   2               waitFor = 0x04;
 536   2               recebyte=1;
 537   2               break;
 538   2            case PCD_LOADKEY:
 539   2               irqEn   = 0x05;
 540   2               waitFor = 0x04;
 541   2               break;
 542   2            case PCD_TRANSMIT:
 543   2               irqEn   = 0x05;
 544   2               waitFor = 0x04;
 545   2               break;
 546   2            case PCD_TRANSCEIVE:
 547   2               irqEn   = 0x3D;
 548   2               waitFor = 0x04;
 549   2               recebyte=1;
 550   2               break;
C51 COMPILER V9.00   SLRC632                                                               06/07/2017 15:27:11 PAGE 10  

 551   2            default:
 552   2               pi->MfCommand = MI_UNKNOWN_COMMAND;
 553   2               break;
 554   2         }
 555   1         
 556   1         if (pi->MfCommand != MI_UNKNOWN_COMMAND)
 557   1         {
 558   2            WriteRawRC(RegPage,0x00);
 559   2            WriteRawRC(RegInterruptEn,0x7F);
 560   2            WriteRawRC(RegInterruptRq,0x7F);
 561   2            WriteRawRC(RegCommand,PCD_IDLE);
 562   2            SetBitMask(RegControl,0x01);
 563   2            WriteRawRC(RegInterruptEn,irqEn|0x80);
 564   2            for (i=0; i<pi->MfLength; i++)
 565   2            {
 566   3               WriteRawRC(RegFIFOData, pi->MfData[i]);
 567   3            }
 568   2            WriteRawRC(RegCommand, pi->MfCommand);
 569   2            i = 0x3500;
 570   2            do
 571   2            {
 572   3               n = ReadRawRC(RegInterruptRq);
 573   3               i--;
 574   3            }
 575   2            while ((i!=0) && !(n&irqEn&0x20) && !(n&waitFor));
 576   2            status = MI_COM_ERR;
 577   2            if ((i!=0) && !(n&irqEn&0x20))
 578   2            {
 579   3               if (!(ReadRawRC(RegErrorFlag)&0x17))
 580   3               {
 581   4                  status = MI_OK;
 582   4                  if (recebyte)
 583   4                  {
 584   5                      n = ReadRawRC(RegFIFOLength);
 585   5                      lastBits = ReadRawRC(RegSecondaryStatus) & 0x07;
 586   5                      if (lastBits)
 587   5                      {
 588   6                         pi->MfLength = (n-1)*8 + lastBits;
 589   6                      }
 590   5                      else
 591   5                      {
 592   6                         pi->MfLength = n*8;
 593   6                      }
 594   5                      if (n == 0)
 595   5                      {
 596   6                         n = 1;
 597   6                      }
 598   5                      for (i=0; i<n; i++)
 599   5                      {
 600   6                          pi->MfData[i] = ReadRawRC(RegFIFOData);
 601   6                      }
 602   5                  }
 603   4               }
 604   3                       else if (ReadRawRC(RegErrorFlag)&0x01)
 605   3               {
 606   4                          status = MI_COLLERR;
 607   4                  if (recebyte)
 608   4                  {
 609   5                      n = ReadRawRC(RegFIFOLength);
 610   5                      lastBits = ReadRawRC(RegSecondaryStatus) & 0x07;
 611   5                      if (lastBits)
 612   5                      {
C51 COMPILER V9.00   SLRC632                                                               06/07/2017 15:27:11 PAGE 11  

 613   6                         pi->MfLength = (n-1)*8 + lastBits;
 614   6                      }
 615   5                      else
 616   5                      {
 617   6                         pi->MfLength = n*8;
 618   6                      }
 619   5                      if (n == 0)
 620   5                      {
 621   6                         n = 1;
 622   6                      }
 623   5                      for (i=0; i<n; i++)
 624   5                      {
 625   6                          pi->MfData[i+1] = ReadRawRC(RegFIFOData);
 626   6                      }
 627   5                  }
 628   4                              pi->MfData[0]=ReadRawRC(0x0B);
 629   4               }
 630   3      
 631   3            }
 632   2            else if (n & irqEn & 0x20)
 633   2            {   status = MI_NOTAGERR;   }
 634   2            else if (!(ReadRawRC(RegErrorFlag)&0x17))
 635   2            {   status = MI_ACCESSTIMEOUT;   }
 636   2            else
 637   2            {   status = MI_COM_ERR;    }
 638   2            
 639   2            WriteRawRC(RegInterruptEn,0x7F);
 640   2            WriteRawRC(RegInterruptRq,0x7F);
 641   2            SetBitMask(RegControl,0x04);           // stop timer now
 642   2            WriteRawRC(RegCommand,PCD_IDLE); 
 643   2         }
 644   1         return status;
 645   1      }
 646          
 647          /////////////////////////////////////////////////////////////////////
 648          //  通过RC632和ISO14443卡通讯
 649          //input: pi->MfCommand = RC632命令字
 650          //       pi->MfLength  = 发送的数据长度
 651          //       pi->MfData[]  = 发送数据
 652          //output:status        = 错误字
 653          //       pi->MfLength  = 接收的数据BIT长度
 654          //       pi->MfData[]  = 接收数据
 655          /////////////////////////////////////////////////////////////////////
 656          char ISO15693_Transceive(struct TranSciveBuffer *pi)
 657          {
 658   1         bit recebyte = 0;
 659   1         char status  = MI_COM_ERR;
 660   1         unsigned char n,waitFor,TimerReload;
 661   1         unsigned int i;
 662   1         switch (pi->MfCommand)
 663   1         {
 664   2            case PCD_TRANSMIT:
 665   2               waitFor = 0x10;
 666   2               break;
 667   2            default:
 668   2               waitFor = 0x28;
 669   2               recebyte=1;
 670   2               break;
 671   2         }
 672   1         switch (pi->MfData[1])
 673   1         {
 674   2              case ISO15693_STAY_QUIET:
C51 COMPILER V9.00   SLRC632                                                               06/07/2017 15:27:11 PAGE 12  

 675   2                 TimerReload = 0x04;    // 2048/fc => 0x01 = 151 us 
 676   2                 break;
 677   2              case ISO15693_SELECT:
 678   2              case ISO15693_RESET_TO_READY:
 679   2                         TimerReload = 0x0F;    // 2048/fc => 0x01 = 151 us 
 680   2                 break;
 681   2              case ISO15693_LOCK_AFI:
 682   2              case ISO15693_LOCK_DSFID:
 683   2              case ISO15693_LOCK_BLOCK:
 684   2              case ISO15693_WRITE_SINGLE_BLOCK:
 685   2              case ISO15693_WRITE_MULTIPLE_BLOCKS:
 686   2              case ISO15693_WRITE_AFI:
 687   2              case ISO15693_WRITE_DSFID:
 688   2                 TimerReload = 0x29;    // 2048/fc => 0x01 = 151 us 
 689   2                 break;
 690   2              case ISO15693_READ_SINGLE_BLOCK:
 691   2                 TimerReload = 0x17;    // 2048/fc => 0x01 = 151 us 
 692   2                 break;
 693   2              case ISO15693_INVENTORY:
 694   2                 TimerReload = 0x1F;    // 2048/fc => 0x01 = 151 us 
 695   2                 break;
 696   2              case ISO15693_GET_SYSTEM_INFO:
 697   2                 TimerReload = 0x25;    // 2048/fc => 0x01 = 151 us 
 698   2                 break;
 699   2              case ISO15693_GET_MULTIPLE_BLOCK_SECURITY:
 700   2                 TimerReload = 0x40;//(0x04+(cmd[cmdlen-1]+0x01))*0x02 + 0x04 + 0x01;    // 2048/fc => 0x01 = 15
             -1 us 
 701   2                 break;                                                                                                                 // (0x04 + cmd[cmdlen - 1])*0x02 -> Time for all receivedBytes, 0x04 -> T
             -ime bevore and after response, 0x01 additional
 702   2              case ISO15693_READ_MULTIPLE_BLOCKS:
 703   2                 TimerReload = 0x40;//(0x04+0x04*(cmd[cmdlen-1]+0x01))*0x02 + 0x04 + 0x01;    // 2048/fc => 0x01
             - = 151 us 
 704   2                 break;
 705   2              default:
 706   2                 TimerReload = 0x86; // 2048/fc => 0x01 = 151 us 
 707   2                 break;
 708   2         }
 709   1         
 710   1         WriteRawRC(RegPage,0x00);
 711   1         WriteRawRC(RegFIFOLevel,0x1A);        
 712   1             
 713   1         SetBitMask(RegChannelRedundancy, 0x04);
 714   1         WriteRawRC(RegTimerReload, TimerReload);
 715   1         WriteRawRC(RegTimerControl, 0x06);
 716   1      
 717   1         SetBitMask(RegControl,0x01);
 718   1           
 719   1         WriteRawRC(RegCommand, 0x00);
 720   1         WriteRawRC(RegInterruptEn, 0x81);     
 721   1         WriteRawRC(RegInterruptRq, 0x3F);
 722   1         WriteRawRC(RegInterruptEn, 0x38 | 0x80);
 723   1             
 724   1         for (i=0; i<pi->MfLength; i++)
 725   1         {
 726   2             WriteRawRC(RegFIFOData,pi->MfData[i]);
 727   2         }
 728   1      
 729   1         WriteRawRC(RegCommand, PCD_TRANSCEIVE);        // start to send command to label
 730   1      
 731   1         i = 0x3000;
 732   1         do
 733   1         {
C51 COMPILER V9.00   SLRC632                                                               06/07/2017 15:27:11 PAGE 13  

 734   2             n = ReadRawRC(RegInterruptRq);
 735   2             i--;
 736   2         }
 737   1         while ( (i!=0) && !(n&waitFor) );
 738   1            
 739   1         if (!recebyte)
 740   1         {
 741   2             if (n & 0x10) 
 742   2             {    status = MI_OK;    }
 743   2             WriteRawRC(RegInterruptEn,0x10);
 744   2             WriteRawRC(RegTimerControl,0x00);
 745   2             WriteRawRC(RegCommand,PCD_IDLE); 
 746   2             ClearBitMask(RegCoderControl, 0x80);
 747   2             return status;
 748   2         }
 749   1         else
 750   1         {
 751   2            if ((i!=0) && (n&0x08))
 752   2            {
 753   3               if ( !(ReadRawRC(RegErrorFlag) & 0x0C) )
 754   3               {
 755   4                   n = ReadRawRC(RegFIFOLength);
 756   4                   pi->MfLength = n*8;
 757   4                   for (i=0; i<n; i++)
 758   4                   {
 759   5                       pi->MfData[i] = ReadRawRC(RegFIFOData);
 760   5                   }
 761   4                   if (pi->MfData[0] == 0)
 762   4                   {   status = MI_OK;   }
 763   4               }
 764   3            }
 765   2      
 766   2            WriteRawRC(RegInterruptEn,0x10);
 767   2            WriteRawRC(RegTimerControl,0x00);
 768   2            WriteRawRC(RegCommand,PCD_IDLE); 
 769   2            ClearBitMask(RegCoderControl, 0x80);
 770   2            return status;
 771   2         }
 772   1      }
 773          
 774          /*
 775          /////////////////////////////////////////////////////////////////////
 776          //读RC632EEPROM
 777          //input :startaddr=EEPROM地址（低位在前）
 778          //       length=读字节数
 779          //output:readdata=读出的数据
 780          /////////////////////////////////////////////////////////////////////
 781          char PcdReadE2(unsigned int startaddr,unsigned char length,unsigned char *readdata)
 782          {
 783              char status;
 784              struct TranSciveBuffer MfComData;
 785              struct TranSciveBuffer *pi;
 786              pi = &MfComData;
 787          
 788              MfComData.MfCommand = PCD_READE2;
 789              MfComData.MfLength  = 3;
 790              MfComData.MfData[0] = startaddr&0xFF;
 791              MfComData.MfData[1] = (startaddr >> 8) & 0xFF;
 792              MfComData.MfData[2] = length;
 793          
 794              status = PcdComTransceive(pi);
 795          
C51 COMPILER V9.00   SLRC632                                                               06/07/2017 15:27:11 PAGE 14  

 796              if (status == MI_OK)
 797              {   memcpy(readdata, &MfComData.MfData[0], length);    }
 798              return status;
 799          }
 800          
 801          /////////////////////////////////////////////////////////////////////
 802          //写RC632EEPROM
 803          //input :startaddr=EEPROM地址（低位在前）
 804          //       length=写字节数
 805          //       writedata=要写入的数据
 806          /////////////////////////////////////////////////////////////////////
 807          char PcdWriteE2(unsigned int startaddr,unsigned char length,unsigned char *writedata)
 808          {
 809              char status;
 810              struct TranSciveBuffer MfComData;    
 811              struct TranSciveBuffer *pi;
 812              pi = &MfComData;
 813          
 814              MfComData.MfCommand = PCD_WRITEE2;
 815              MfComData.MfLength  = length+2;
 816              MfComData.MfData[0] = startaddr&0xFF;
 817              MfComData.MfData[1] = (startaddr >> 8) & 0xFF;
 818              memcpy(&MfComData.MfData[2], writedata, length);    
 819          
 820              status = PcdComTransceive(pi);
 821              return status;
 822          }
 823          */
 824          
 825          /////////////////////////////////////////////////////////////////////
 826          //开启天线  
 827          //每次启动或关闭天险发射之间应至少有1ms的间隔
 828          /////////////////////////////////////////////////////////////////////
 829          char PcdAntennaOn()
 830          {
 831   1          unsigned char i;
 832   1          i = ReadRawRC(RegTxControl);
 833   1          if (i & 0x03)
 834   1          {   return MI_OK;   }
 835   1          else
 836   1          {
 837   2              SetBitMask(RegTxControl, 0x03);
 838   2              return MI_OK;
 839   2          }
 840   1      }
 841          
 842          /////////////////////////////////////////////////////////////////////
 843          //关闭天线
 844          /////////////////////////////////////////////////////////////////////
 845          char PcdAntennaOff()
 846          {
 847   1          ClearBitMask(RegTxControl, 0x03);
 848   1          return MI_OK;
 849   1      }
 850          
 851          


MODULE INFORMATION:   STATIC OVERLAYABLE
   CODE SIZE        =   2343    ----
   CONSTANT SIZE    =   ----    ----
   XDATA SIZE       =   ----    ----
C51 COMPILER V9.00   SLRC632                                                               06/07/2017 15:27:11 PAGE 15  

   PDATA SIZE       =   ----    ----
   DATA SIZE        =   ----      24
   IDATA SIZE       =   ----       2
   BIT SIZE         =   ----       2
END OF MODULE INFORMATION.


C51 COMPILATION COMPLETE.  0 WARNING(S),  0 ERROR(S)
